<Level>
    <EditorSession>
        <Performance CamClipPlanes="0.05 1000" LightsActive="true" PSActive="true" ShowFog="true" ShowSkybox="true" WorldReflection="true" />
        <ViewportConfig BGColor="0.2 0.2 0.2 1" GAmbientLight="false" GPointLight="false" GridSnap="false" GridSnapSeparation="0.25" SelectedViewport="3" UsingEnlargedViewport="true">
            <Viewport CameraPosition="1.46694 -0.133974 180" CameraTarget="1.46694 -0.133974 0" CameraZoom="0" GridHeight="0" GridPlane="2" Preset="0" RenderMode="1" ShowAxes="true" ShowGrid="true" UsingLTCam="true" />
            <Viewport CameraPosition="180 -0.133974 -8.00491" CameraTarget="0 -0.133974 -8.00491" CameraZoom="0" GridHeight="0" GridPlane="0" Preset="1" RenderMode="1" ShowAxes="true" ShowGrid="true" UsingLTCam="true" />
            <Viewport CameraPosition="1.46694 180 -8.00491" CameraTarget="1.46694 0 -8.00491" CameraZoom="0" GridHeight="0" GridPlane="1" Preset="2" RenderMode="1" ShowAxes="true" ShowGrid="true" UsingLTCam="true" />
            <Viewport CameraPosition="2.26257 1.90982 -6.83925" CameraTarget="2.52803 0.125846 -0.532463" CameraZoom="2.03109" GridHeight="0" GridPlane="1" Preset="3" RenderMode="0" ShowAxes="true" ShowGrid="true" UsingLTCam="false" />
        </ViewportConfig>
        <Groups>
            <Group ID="0" Name="None" Visible="true" />
        </Groups>
    </EditorSession>
    <MapData FogActive="false" FogColor="1 1 1 1" FogCulling="true" FogEnd="20" FogFalloffExp="1" FogStart="0" GlobalDecalMaxTris="300" Name="" SkyBoxActive="false" SkyBoxColor="1 1 1 1" SkyBoxTexture="../../../../../../">
        <MapContents>
            <FileIndex_StaticObjects NumOfFiles="14">
                <File Id="0" Path="static_objects/ptest/cellman/default.dae" />
                <File Id="1" Path="static_objects/ptest/cellman/default_extension.dae" />
                <File Id="2" Path="static_objects/ptest/cellman/beam_corbel.dae" />
                <File Id="3" Path="static_objects/ptest/cellman/beam_short.dae" />
                <File Id="4" Path="static_objects/cellarbase/wall/default_extension_window01.DAE" />
                <File Id="5" Path="static_objects/cellarbase/wall/sloping.dae" />
                <File Id="6" Path="static_objects/cellarbase/wall/default04.dae" />
                <File Id="7" Path="static_objects/cellarbase/wall/default03.dae" />
                <File Id="8" Path="static_objects/castlebase/pillar/roman_short.dae" />
                <File Id="9" Path="static_objects/cellarbase/stairs/wood_cellar01.DAE" />
                <File Id="10" Path="static_objects/cellarbase/stairs/railing_wood.dae" />
                <File Id="11" Path="static_objects/ptest/cellman/door_way.dae" />
                <File Id="12" Path="static_objects/cellarbase/stairs/welder_wood.dae" />
                <File Id="13" Path="static_objects/machine/hanging_chain/hanging_chain.dae" />
            </FileIndex_StaticObjects>
            <FileIndex_Entities NumOfFiles="17">
                <File Id="0" Path="entities/door/level_cellar/level_celler.ent" />
                <File Id="1" Path="entities/ptest/wooden_slide_door/wooden_slide_door_dungeon_frame.ent" />
                <File Id="2" Path="entities/storage/sloped_square_shelf/sloped_square_shelf.ent" />
                <File Id="3" Path="entities/storage/shelf_no_back/shelf_no_back.ent" />
                <File Id="4" Path="entities/furniture/table_wood01/table_wood01.ent" />
                <File Id="5" Path="entities/furniture/table_nice_round/table_nice_round.ent" />
                <File Id="6" Path="entities/furniture/stove_front02/stove_front02.ent" />
                <File Id="7" Path="entities/furniture/table_nice02/table_nice02.ent" />
                <File Id="8" Path="entities/lamp/bonfire/bonfire.ent" />
                <File Id="9" Path="entities/lamp/chandelier_simple/chandelier_simple.ent" />
                <File Id="10" Path="entities/lamp/candlestick01/candlestick01.ent" />
                <File Id="11" Path="entities/lamp/candlestick_floor/candlestick_floor.ent" />
                <File Id="12" Path="entities/technical/block_box/block_box.ent" />
                <File Id="13" Path="entities/kitchen/fire_place/fire_place.ent" />
                <File Id="14" Path="entities/special/acid_container/acid_container.ent" />
                <File Id="15" Path="entities/special/special_altar_static_knife/special_altar_static_knife.ent" />
                <File Id="16" Path="entities/item/lantern/lantern.ent" />
            </FileIndex_Entities>
            <FileIndex_Decals NumOfFiles="0" />
            <StaticObjects>
                <StaticObject CastShadows="true" Collides="true" FileIndex="0" Group="0" ID="1" Name="cellman_default_1" Rotation="3.14159 8.74228e-008 3.14159" Scale="1 1 1" Tag="" WorldPos="-2 0 0.25" />
                <StaticObject CastShadows="true" Collides="true" FileIndex="1" Group="0" ID="3" Name="cellman_default_extension_1" Rotation="3.14159 8.74228e-008 3.14159" Scale="1 1 1" Tag="" WorldPos="-2 0 0.25" />
                <StaticObject CastShadows="true" Collides="true" FileIndex="0" Group="0" ID="4" Name="cellman_default_2" Rotation="3.14159 8.74228e-008 3.14159" Scale="1 1 1" Tag="" WorldPos="-6 0 0.25" />
                <StaticObject CastShadows="true" Collides="true" FileIndex="1" Group="0" ID="5" Name="cellman_default_extension_2" Rotation="3.14159 8.74228e-008 3.14159" Scale="1 1 1" Tag="" WorldPos="-6 0 0.25" />
                <StaticObject CastShadows="true" Collides="true" FileIndex="1" Group="0" ID="7" Name="cellman_default_extension_3" Rotation="3.14159 8.74228e-008 3.14159" Scale="1 1 1" Tag="" WorldPos="2 0 0.25" />
                <StaticObject CastShadows="true" Collides="true" FileIndex="0" Group="0" ID="8" Name="cellman_default_4" Rotation="3.14159 8.74228e-008 3.14159" Scale="1 1 1" Tag="" WorldPos="6 0 0.25" />
                <StaticObject CastShadows="true" Collides="true" FileIndex="1" Group="0" ID="9" Name="cellman_default_extension_4" Rotation="3.14159 8.74228e-008 3.14159" Scale="1 1 1" Tag="" WorldPos="6 0 0.25" />
                <StaticObject CastShadows="true" Collides="true" FileIndex="0" Group="0" ID="10" Name="cellman_default_5" Rotation="2.03444 -1.5708 -2.03444" Scale="1 1 1" Tag="" WorldPos="8.25 0 -2" />
                <StaticObject CastShadows="true" Collides="true" FileIndex="1" Group="0" ID="11" Name="cellman_default_extension_5" Rotation="2.03444 -1.5708 -2.03444" Scale="1 1 1" Tag="" WorldPos="8.25 0 -2" />
                <StaticObject CastShadows="true" Collides="true" FileIndex="0" Group="0" ID="13" Name="cellman_default_6" Rotation="2.03444 -1.5708 -2.03444" Scale="1 1 1" Tag="" WorldPos="8.25 0 -6" />
                <StaticObject CastShadows="true" Collides="true" FileIndex="1" Group="0" ID="14" Name="cellman_default_extension_6" Rotation="2.03444 -1.5708 -2.03444" Scale="1 1 1" Tag="" WorldPos="8.25 0 -6" />
                <StaticObject CastShadows="true" Collides="true" FileIndex="0" Group="0" ID="15" Name="cellman_default_7" Rotation="2.03444 -1.5708 -2.03444" Scale="1 1 1" Tag="" WorldPos="8.25 0 -10" />
                <StaticObject CastShadows="true" Collides="true" FileIndex="1" Group="0" ID="16" Name="cellman_default_extension_7" Rotation="2.03444 -1.5708 -2.03444" Scale="1 1 1" Tag="" WorldPos="8.25 0 -10" />
                <StaticObject CastShadows="true" Collides="true" FileIndex="0" Group="0" ID="17" Name="cellman_default_8" Rotation="-3.13076 1.5708 -3.13076" Scale="1 1 1" Tag="" WorldPos="-8.25 0 -2" />
                <StaticObject CastShadows="true" Collides="true" FileIndex="0" Group="0" ID="18" Name="cellman_default_9" Rotation="-3.13076 1.5708 -3.13076" Scale="1 1 1" Tag="" WorldPos="-8.25 0 -6" />
                <StaticObject CastShadows="true" Collides="true" FileIndex="0" Group="0" ID="19" Name="cellman_default_10" Rotation="-3.13076 1.5708 -3.13076" Scale="1 1 1" Tag="" WorldPos="-8.25 0 -10" />
                <StaticObject CastShadows="true" Collides="true" FileIndex="1" Group="0" ID="21" Name="cellman_default_extension_8" Rotation="-3.13076 1.5708 -3.13076" Scale="1 1 1" Tag="" WorldPos="-8.25 0 -10" />
                <StaticObject CastShadows="true" Collides="true" FileIndex="1" Group="0" ID="22" Name="cellman_default_extension_9" Rotation="-3.13076 1.5708 -3.13076" Scale="1 1 1" Tag="" WorldPos="-8.25 0 -6" />
                <StaticObject CastShadows="true" Collides="true" FileIndex="1" Group="0" ID="23" Name="cellman_default_extension_10" Rotation="-3.13076 1.5708 -3.13076" Scale="1 1 1" Tag="" WorldPos="-8.25 0 -2" />
                <StaticObject CastShadows="true" Collides="true" FileIndex="0" Group="0" ID="25" Name="cellman_default_11" Rotation="-3.88378e-013 4.35511e-006 7.64278e-015" Scale="1 1 1" Tag="" WorldPos="6 0 -12.25" />
                <StaticObject CastShadows="true" Collides="true" FileIndex="0" Group="0" ID="26" Name="cellman_default_12" Rotation="-3.88378e-013 4.35511e-006 7.64278e-015" Scale="1 1 1" Tag="" WorldPos="2 0 -12.25" />
                <StaticObject CastShadows="true" Collides="true" FileIndex="0" Group="0" ID="27" Name="cellman_default_13" Rotation="-3.88378e-013 4.35511e-006 7.64278e-015" Scale="1 1 1" Tag="" WorldPos="-2 0 -12.25" />
                <StaticObject CastShadows="true" Collides="true" FileIndex="0" Group="0" ID="28" Name="cellman_default_14" Rotation="-3.88378e-013 4.35511e-006 7.64278e-015" Scale="1 1 1" Tag="" WorldPos="-6 0 -12.25" />
                <StaticObject CastShadows="true" Collides="true" FileIndex="1" Group="0" ID="29" Name="cellman_default_extension_11" Rotation="-3.88378e-013 4.35511e-006 7.64278e-015" Scale="1 1 1" Tag="" WorldPos="-6 0 -12.25" />
                <StaticObject CastShadows="true" Collides="true" FileIndex="1" Group="0" ID="30" Name="cellman_default_extension_12" Rotation="-3.88378e-013 4.35511e-006 7.64278e-015" Scale="1 1 1" Tag="" WorldPos="-2 0 -12.25" />
                <StaticObject CastShadows="true" Collides="true" FileIndex="1" Group="0" ID="31" Name="cellman_default_extension_13" Rotation="-3.88378e-013 4.35511e-006 7.64278e-015" Scale="1 1 1" Tag="" WorldPos="2 0 -12.25" />
                <StaticObject CastShadows="true" Collides="true" FileIndex="1" Group="0" ID="32" Name="cellman_default_extension_14" Rotation="-3.88378e-013 4.35511e-006 7.64278e-015" Scale="1 1 1" Tag="" WorldPos="6 0 -12.25" />
                <StaticObject CastShadows="true" Collides="true" FileIndex="2" Group="0" ID="34" Name="cellman_beam_corbel_1" Rotation="0 4.35511e-006 0" Scale="1 1 1" Tag="" WorldPos="4 3 -11.25" />
                <StaticObject CastShadows="true" Collides="true" FileIndex="3" Group="0" ID="35" Name="cellman_beam_short_1" Rotation="3.14159 8.74228e-008 3.14159" Scale="1 1 3" Tag="" WorldPos="4 4 -6" />
                <StaticObject CastShadows="true" Collides="true" FileIndex="2" Group="0" ID="37" Name="cellman_beam_corbel_2" Rotation="-3.14159 -8.88109e-006 -3.14159" Scale="1 1 1" Tag="" WorldPos="4 3 -0.75" />
                <StaticObject CastShadows="true" Collides="true" FileIndex="2" Group="0" ID="40" Name="cellman_beam_corbel_4" Rotation="0 4.35511e-006 0" Scale="1 1 1" Tag="" WorldPos="0 3 -11.25" />
                <StaticObject CastShadows="true" Collides="true" FileIndex="2" Group="0" ID="41" Name="cellman_beam_corbel_5" Rotation="-3.14159 -8.88109e-006 -3.14159" Scale="1 1 1" Tag="" WorldPos="-4 3 -0.75" />
                <StaticObject CastShadows="true" Collides="true" FileIndex="3" Group="0" ID="42" Name="cellman_beam_short_3" Rotation="3.14159 8.74228e-008 3.14159" Scale="1 1 3" Tag="" WorldPos="-4 4 -6" />
                <StaticObject CastShadows="true" Collides="true" FileIndex="2" Group="0" ID="43" Name="cellman_beam_corbel_6" Rotation="0 4.35511e-006 0" Scale="1 1 1" Tag="" WorldPos="-4 3 -11.25" />
                <StaticObject CastShadows="true" Collides="true" FileIndex="2" Group="0" ID="44" Name="cellman_beam_corbel_7" Rotation="3.14159 1.5708 3.14159" Scale="1 1 1" Tag="" WorldPos="-7.25 3 -8" />
                <StaticObject CastShadows="true" Collides="true" FileIndex="3" Group="0" ID="46" Name="cellman_beam_short_4" Rotation="0 1.5708 0" Scale="1 1 0.799999" Tag="" WorldPos="-5.55517 4 -8" />
                <StaticObject CastShadows="true" Collides="true" FileIndex="2" Group="0" ID="47" Name="cellman_beam_corbel_8" Rotation="3.14159 1.5708 3.14159" Scale="1 1 1" Tag="" WorldPos="-7.25 3 -4" />
                <StaticObject CastShadows="true" Collides="true" FileIndex="3" Group="0" ID="48" Name="cellman_beam_short_5" Rotation="0 1.5708 0" Scale="1 1 0.799999" Tag="" WorldPos="-5.54621 4 -4" />
                <StaticObject CastShadows="true" Collides="true" FileIndex="2" Group="0" ID="49" Name="cellman_beam_corbel_9" Rotation="0 -1.5708 0" Scale="1 1 1" Tag="" WorldPos="7.25 3 -4" />
                <StaticObject CastShadows="true" Collides="true" FileIndex="2" Group="0" ID="50" Name="cellman_beam_corbel_10" Rotation="0 -1.5708 0" Scale="1 1 1" Tag="" WorldPos="7.25 3 -8" />
                <StaticObject CastShadows="true" Collides="true" FileIndex="3" Group="0" ID="51" Name="cellman_beam_short_6" Rotation="0 1.5708 0" Scale="1 1 0.799999" Tag="" WorldPos="5.54294 4 -8" />
                <StaticObject CastShadows="true" Collides="true" FileIndex="3" Group="0" ID="52" Name="cellman_beam_short_7" Rotation="0 1.5708 0" Scale="1 1 0.799999" Tag="" WorldPos="5.54294 4 -4" />
                <StaticObject CastShadows="true" Collides="true" FileIndex="5" Group="0" ID="54" Name="wall_sloping_1" Rotation="0 -1.74846e-007 0" Scale="1 1 1" Tag="" WorldPos="-6 6 -11.5" />
                <StaticObject CastShadows="true" Collides="true" FileIndex="7" Group="0" ID="65" Name="wall_default03_1" Rotation="0 1.5708 0" Scale="1 1 1" Tag="" WorldPos="-7.5 6 -2" />
                <StaticObject CastShadows="true" Collides="true" FileIndex="6" Group="0" ID="66" Name="wall_default04_1" Rotation="0 1.5708 0" Scale="1 1 1" Tag="" WorldPos="-7.5 6 -10" />
                <StaticObject CastShadows="true" Collides="true" FileIndex="4" Group="0" ID="67" Name="wall_default_extension_window01_1" Rotation="0 1.5708 0" Scale="1 1 1" Tag="" WorldPos="-7.5 6 -6" />
                <StaticObject CastShadows="true" Collides="true" FileIndex="7" Group="0" ID="68" Name="wall_default03_2" Rotation="-0.0194844 -1.5708 0.0194845" Scale="1 1 1" Tag="" WorldPos="7.5 6 -10" />
                <StaticObject CastShadows="true" Collides="true" FileIndex="4" Group="0" ID="69" Name="wall_default_extension_window01_2" Rotation="-0.0194844 -1.5708 0.0194845" Scale="1 1 1" Tag="" WorldPos="7.5 6 -6" />
                <StaticObject CastShadows="true" Collides="true" FileIndex="6" Group="0" ID="70" Name="wall_default04_2" Rotation="-0.0194844 -1.5708 0.0194845" Scale="1 1 1" Tag="" WorldPos="7.5 6 -2" />
                <StaticObject CastShadows="true" Collides="true" FileIndex="5" Group="0" ID="72" Name="wall_sloping_3" Rotation="0 -1.74846e-007 0" Scale="1 1 1" Tag="" WorldPos="-2 6 -11.5" />
                <StaticObject CastShadows="true" Collides="true" FileIndex="5" Group="0" ID="73" Name="wall_sloping_4" Rotation="0 -1.74846e-007 0" Scale="1 1 1" Tag="" WorldPos="2 6 -11.5" />
                <StaticObject CastShadows="true" Collides="true" FileIndex="5" Group="0" ID="74" Name="wall_sloping_5" Rotation="0 -1.74846e-007 0" Scale="1 1 1" Tag="" WorldPos="6 6 -11.5" />
                <StaticObject CastShadows="true" Collides="true" FileIndex="5" Group="0" ID="75" Name="wall_sloping_6" Rotation="-3.14159 -4.26768e-006 -3.14159" Scale="1 1 1" Tag="" WorldPos="-6 6 -0.5" />
                <StaticObject CastShadows="true" Collides="true" FileIndex="5" Group="0" ID="76" Name="wall_sloping_7" Rotation="-3.14159 -4.26768e-006 -3.14159" Scale="1 1 1" Tag="" WorldPos="-2 6 -0.5" />
                <StaticObject CastShadows="true" Collides="true" FileIndex="5" Group="0" ID="77" Name="wall_sloping_8" Rotation="-3.14159 -4.26768e-006 -3.14159" Scale="1 1 1" Tag="" WorldPos="2 6 -0.5" />
                <StaticObject CastShadows="true" Collides="true" FileIndex="5" Group="0" ID="78" Name="wall_sloping_9" Rotation="-3.14159 -4.26768e-006 -3.14159" Scale="1 1 1" Tag="" WorldPos="6 6 -0.5" />
                <StaticObject CastShadows="true" Collides="true" FileIndex="8" Group="0" ID="94" Name="pillar_roman_short_1" Rotation="3.14159 0.785399 3.14159" Scale="1.5 1.5 1.5" Tag="" WorldPos="-7.5 0 -0.5" />
                <StaticObject CastShadows="true" Collides="true" FileIndex="8" Group="0" ID="95" Name="pillar_roman_short_2" Rotation="0 0.785399 0" Scale="1.5 1.5 1.5" Tag="" WorldPos="-7.5 0 -11.5" />
                <StaticObject CastShadows="true" Collides="true" FileIndex="8" Group="0" ID="96" Name="pillar_roman_short_3" Rotation="0 -0.785395 0" Scale="1.5 1.5 1.5" Tag="" WorldPos="7.5 0 -11.5" />
                <StaticObject CastShadows="true" Collides="true" FileIndex="8" Group="0" ID="97" Name="pillar_roman_short_4" Rotation="-3.14159 -0.785404 -3.14159" Scale="1.5 1.5 1.5" Tag="" WorldPos="7.5 0 -0.5" />
                <StaticObject CastShadows="true" Collides="true" FileIndex="9" Group="0" ID="98" Name="stairs_wood_cellar01_1" Rotation="0 1.5708 0" Scale="0.5 1 1" Tag="" WorldPos="-6 -0.25 -1.75" />
                <StaticObject CastShadows="true" Collides="true" FileIndex="10" Group="0" ID="103" Name="stairs_railing_wood_1" Rotation="0 2.29676e-006 0" Scale="0.75 1 1" Tag="" WorldPos="3.75 6 -3" />
                <StaticObject CastShadows="true" Collides="true" FileIndex="11" Group="0" ID="104" Name="cellman_door_way_1" Rotation="3.14159 8.74228e-008 3.14159" Scale="1 1 1" Tag="" WorldPos="2 0 0.25" />
                <StaticObject CastShadows="true" Collides="true" FileIndex="10" Group="0" ID="113" Name="stairs_railing_wood_2" Rotation="3.14159 1.5708 3.14159" Scale="0.75 1 1" Tag="" WorldPos="5 6 -4.5" />
                <StaticObject CastShadows="true" Collides="true" FileIndex="10" Group="0" ID="114" Name="stairs_railing_wood_3" Rotation="3.14159 1.5708 3.14159" Scale="0.75 1 1" Tag="" WorldPos="5 6 -7.5" />
                <StaticObject CastShadows="true" Collides="true" FileIndex="10" Group="0" ID="115" Name="stairs_railing_wood_4" Rotation="3.14159 -6.73929e-006 3.14159" Scale="0.75 1 1" Tag="" WorldPos="3.75 6 -9" />
                <StaticObject CastShadows="true" Collides="true" FileIndex="10" Group="0" ID="116" Name="stairs_railing_wood_5" Rotation="3.14159 -6.73929e-006 3.14159" Scale="0.75 1 1" Tag="" WorldPos="1.25 6 -9" />
                <StaticObject CastShadows="true" Collides="true" FileIndex="10" Group="0" ID="117" Name="stairs_railing_wood_6" Rotation="-0.0198715 -1.5708 0.0198716" Scale="0.75 1 1" Tag="" WorldPos="-2.25 6 -2.5" />
                <StaticObject CastShadows="true" Collides="true" FileIndex="10" Group="0" ID="118" Name="stairs_railing_wood_7" Rotation="-0.0198715 -1.5708 0.0198716" Scale="0.75 1 1" Tag="" WorldPos="-2.25 6 -7.5" />
                <StaticObject CastShadows="true" Collides="true" FileIndex="10" Group="0" ID="120" Name="stairs_railing_wood_8" Rotation="-0.0198715 -1.5708 0.0198716" Scale="0.75 1 1" Tag="" WorldPos="-2.25 6 -5" />
                <StaticObject CastShadows="true" Collides="true" FileIndex="10" Group="0" ID="121" Name="stairs_railing_wood_9" Rotation="-0.0198715 -1.5708 0.0198716" Scale="0.75 1 1" Tag="" WorldPos="-2.25 6 0" />
                <StaticObject CastShadows="true" Collides="true" FileIndex="12" Group="0" ID="122" Name="stairs_welder_wood_1" Rotation="3.14159 8.74228e-008 3.14159" Scale="1.5 1.25 1.5" Tag="" WorldPos="4.99638 5.84771 -6" />
                <StaticObject CastShadows="true" Collides="true" FileIndex="12" Group="0" ID="123" Name="stairs_welder_wood_2" Rotation="3.14159 8.74228e-008 3.14159" Scale="1.5 1.25 1.5" Tag="" WorldPos="4.99638 5.84771 -3.10316" />
                <StaticObject CastShadows="true" Collides="true" FileIndex="10" Group="0" ID="126" Name="stairs_railing_wood_10" Rotation="3.14159 -6.73929e-006 3.14159" Scale="0.75 1 1" Tag="" WorldPos="-1 6 -9" />
                <StaticObject CastShadows="true" Collides="true" FileIndex="12" Group="0" ID="127" Name="stairs_welder_wood_4" Rotation="3.14159 8.74228e-008 3.14159" Scale="1.5 1.25 1.5" Tag="" WorldPos="2.25 5.92481 -8.86998" />
                <StaticObject CastShadows="true" Collides="true" FileIndex="12" Group="0" ID="128" Name="stairs_welder_wood_5" Rotation="3.14159 8.74228e-008 3.14159" Scale="1.5 1.25 1.5" Tag="" WorldPos="0.25 5.92481 -8.86998" />
                <StaticObject CastShadows="true" Collides="true" FileIndex="12" Group="0" ID="129" Name="stairs_welder_wood_6" Rotation="3.14159 8.74228e-008 3.14159" Scale="1.5 1.25 1.5" Tag="" WorldPos="-2.14769 5.83493 -8.86259" />
                <StaticObject CastShadows="true" Collides="true" FileIndex="12" Group="0" ID="130" Name="stairs_welder_wood_7" Rotation="3.14159 8.74228e-008 3.14159" Scale="1.5 1.25 1.5" Tag="" WorldPos="-2.14769 5.83493 -3.75" />
                <StaticObject CastShadows="true" Collides="true" FileIndex="12" Group="0" ID="131" Name="stairs_welder_wood_8" Rotation="3.14159 8.74228e-008 3.14159" Scale="1.5 1.25 1.5" Tag="" WorldPos="-2.14769 5.83493 -6.25" />
                <StaticObject CastShadows="true" Collides="true" FileIndex="12" Group="0" ID="132" Name="stairs_welder_wood_9" Rotation="3.14159 8.74228e-008 3.14159" Scale="1.5 1.25 1.5" Tag="" WorldPos="-2.14769 5.83493 -1.25" />
                <StaticObject CastShadows="true" Collides="true" FileIndex="12" Group="0" ID="133" Name="stairs_welder_wood_3" Rotation="3.14159 8.74228e-008 3.14159" Scale="1.5 1.25 1.5" Tag="" WorldPos="4.99638 5.84771 -8.83473" />
                <StaticObject CastShadows="true" Collides="true" FileIndex="3" Group="0" ID="219" Name="cellman_beam_short_8" Rotation="0 1.5708 0" Scale="1 1 2.25" Tag="" WorldPos="0 4 -10.75" />
                <StaticObject CastShadows="true" Collides="true" FileIndex="9" Group="0" ID="221" Name="stairs_wood_cellar01_2" Rotation="3.14159 -1.43051e-006 3.14159" Scale="0.5 1 1" Tag="" WorldPos="-6.75 -6.33724 -1.5" />
                <StaticObject CastShadows="true" Collides="true" FileIndex="10" Group="0" ID="237" Name="stairs_railing_wood_11" Rotation="3.14159 1.5708 3.14159" Scale="0.75 1 1" Tag="" WorldPos="-5.5 0 -7" />
                <StaticObject CastShadows="true" Collides="true" FileIndex="10" Group="0" ID="238" Name="stairs_railing_wood_12" Rotation="3.14159 1.5708 3.14159" Scale="0.75 1 1" Tag="" WorldPos="-5.5 0 -9" />
                <StaticObject CastShadows="true" Collides="true" FileIndex="10" Group="0" ID="239" Name="stairs_railing_wood_13" Rotation="0 -1.43051e-006 0" Scale="0.75 1 1" Tag="" WorldPos="-7 0 -5.5" />
                <StaticObject CastShadows="true" Collides="true" FileIndex="12" Group="0" ID="240" Name="stairs_welder_wood_10" Rotation="3.14159 8.74228e-008 3.14159" Scale="1.5 1.25 1.5" Tag="" WorldPos="-5.75 0 -5.75" />
                <StaticObject CastShadows="true" Collides="true" FileIndex="12" Group="0" ID="241" Name="stairs_welder_wood_11" Rotation="3.14159 8.74228e-008 3.14159" Scale="1.5 1.25 1.5" Tag="" WorldPos="-5.75 0 -10.25" />
                <StaticObject CastShadows="true" Collides="true" FileIndex="12" Group="0" ID="243" Name="stairs_welder_wood_12" Rotation="3.14159 8.74228e-008 3.14159" Scale="1.5 1.25 1.5" Tag="" WorldPos="-6 0 -2.75" />
                <StaticObject CastShadows="true" Collides="true" FileIndex="12" Group="0" ID="244" Name="stairs_welder_wood_13" Rotation="3.14159 8.74228e-008 3.14159" Scale="1.5 1.25 1.5" Tag="" WorldPos="-6 0 -0.75" />
                <StaticObject CastShadows="true" Collides="true" FileIndex="13" Group="0" ID="270" Name="hanging_chain_hanging_chain_1" Rotation="0 0.686444 0" Scale="1 1 1" Tag="" WorldPos="-0.0866788 1.4895 -5.55969" />
                <StaticObject CastShadows="true" Collides="true" FileIndex="13" Group="0" ID="271" Name="hanging_chain_hanging_chain_2" Rotation="0 0.341841 0" Scale="1 1 1" Tag="" WorldPos="-0.531626 1.4895 -6.16122" />
                <StaticObject CastShadows="true" Collides="true" FileIndex="13" Group="0" ID="272" Name="hanging_chain_hanging_chain_3" Rotation="3.14159 1.0126 3.14159" Scale="1 1 1" Tag="" WorldPos="-0.683157 1.4895 -5.56444" />
            </StaticObjects>
            <Primitives>
                <Plane Active="true" AlignToWorldCoords="true" CastShadows="false" Collides="true" Corner1UV="-3 -3.6" Corner2UV="-3 -4.6" Corner3UV="3 -4.6" Corner4UV="3 -3.6" EndCorner="15 0 2.5" Group="0" ID="55" Material="G:/Gry/Amnesia - The Dark Descent/redist/static_objects/cellarbase/barrel_wood_dirty.mat" Name="Plane" Rotation="0 0 0" Scale="1 1 1" StartCorner="0 0 0" Tag="" TextureAngle="0" TileAmount="0.4 1 0.4" TileOffset="0 0 0" WorldPos="-7.5 6 -11.5" />
                <Plane Active="true" AlignToWorldCoords="false" CastShadows="false" Collides="true" Corner1UV="0 2.8" Corner2UV="0 0" Corner3UV="6 0" Corner4UV="6 2.8" EndCorner="15 0 7" Group="0" ID="80" Material="G:/Gry/Amnesia - The Dark Descent/redist/static_objects/cellarbase/floor/cellarbase_wood_floor.mat" Name="Plane_1" Rotation="3.14159 0 0" Scale="1 1 1" StartCorner="0 0 0" Tag="" TextureAngle="0" TileAmount="0.4 1 0.4" TileOffset="0 0 0" WorldPos="-7.5 10 -2.5" />
                <Plane Active="true" AlignToWorldCoords="true" CastShadows="false" Collides="true" Corner1UV="-3 -3.60001" Corner2UV="-0.9 -3.6" Corner3UV="-0.900012 -0.2" Corner4UV="-3.00001 -0.200008" EndCorner="8.5 0 5.25" Group="0" ID="81" Material="G:/Gry/Amnesia - The Dark Descent/redist/static_objects/cellarbase/barrel_wood_dirty.mat" Name="Plane_2" Rotation="0 -1.5708 0" Scale="1 1 1" StartCorner="0 0 0" Tag="" TextureAngle="0" TileAmount="0.4 1 0.4" TileOffset="0 0 0" WorldPos="-2.25 6 -9" />
                <Plane Active="true" AlignToWorldCoords="true" CastShadows="false" Collides="true" Corner1UV="2 -3.6" Corner2UV="3 -3.6" Corner3UV="2.99999 -1.2" Corner4UV="1.99999 -1.2" EndCorner="6 0 2.5" Group="0" ID="83" Material="G:/Gry/Amnesia - The Dark Descent/redist/static_objects/cellarbase/barrel_wood_dirty.mat" Name="Plane_4" Rotation="0 -1.5708 0" Scale="1 1 1" StartCorner="0 0 0" Tag="" TextureAngle="0" TileAmount="0.4 1 0.4" TileOffset="0 0 0" WorldPos="7.5 6 -9" />
                <Plane Active="true" AlignToWorldCoords="false" CastShadows="false" Collides="true" Corner1UV="0 0.1" Corner2UV="0 0" Corner3UV="3.5 0" Corner4UV="3.5 0.1" EndCorner="8.75 0 0.25" Group="0" ID="84" Material="G:/Gry/Amnesia - The Dark Descent/redist/static_objects/cellarbase/barrel_wood_dirty.mat" Name="Plane_5" Rotation="-1.57079 -1.5708 0" Scale="1 1 1" StartCorner="0 0 0" Tag="" TextureAngle="0" TileAmount="0.4 1 0.4" TileOffset="0 0 0" WorldPos="-2.25 5.75 -9" />
                <Plane Active="true" AlignToWorldCoords="false" CastShadows="false" Collides="true" Corner1UV="0 0.1" Corner2UV="0 0" Corner3UV="2.9 0" Corner4UV="2.9 0.1" EndCorner="7.25 0 0.25" Group="0" ID="85" Material="G:/Gry/Amnesia - The Dark Descent/redist/static_objects/cellarbase/barrel_wood_dirty.mat" Name="Plane_6" Rotation="1.5708 -2.17557e-006 -3.14159" Scale="1 1 1" StartCorner="0 0 0" Tag="" TextureAngle="0" TileAmount="0.4 1 0.4" TileOffset="0 0 0" WorldPos="5 5.75 -9" />
                <Plane Active="true" AlignToWorldCoords="false" CastShadows="false" Collides="true" Corner1UV="0 0.1" Corner2UV="0 0" Corner3UV="1 0" Corner4UV="1 0.1" EndCorner="2.5 0 0.25" Group="0" ID="86" Material="G:/Gry/Amnesia - The Dark Descent/redist/static_objects/cellarbase/barrel_wood_dirty.mat" Name="Plane_7" Rotation="-1.5708 6.6181e-006 2.38419e-006" Scale="1 1 1" StartCorner="0 0 0" Tag="" TextureAngle="0" TileAmount="0.4 1 0.4" TileOffset="0 0 0" WorldPos="2.75 5.75 -3" />
                <Plane Active="true" AlignToWorldCoords="false" CastShadows="false" Collides="true" Corner1UV="0 0.1" Corner2UV="0 0" Corner3UV="2.4 0" Corner4UV="2.4 0.1" EndCorner="6 0 0.25" Group="0" ID="87" Material="G:/Gry/Amnesia - The Dark Descent/redist/static_objects/cellarbase/barrel_wood_dirty.mat" Name="Plane_8" Rotation="1.57326 1.5708 -3.13913" Scale="1 1 1" StartCorner="0 0 0" Tag="" TextureAngle="0" TileAmount="0.4 1 0.4" TileOffset="0 0 0" WorldPos="5 5.75 -3" />
                <Plane Active="true" AlignToWorldCoords="true" CastShadows="false" Collides="true" Corner1UV="3.2 -3.6" Corner2UV="2 -3.6" Corner3UV="2.00001 -1.2" Corner4UV="3.20001 -1.2" EndCorner="6 0 3" Group="0" ID="88" Material="G:/Gry/Amnesia - The Dark Descent/redist/static_objects/cellarbase/barrel_wood_dirty.mat" Name="Plane_9" Rotation="-4.44253e-006 -1.5708 3.14159" Scale="1 1 1" StartCorner="0 0 0" Tag="" TextureAngle="0" TileAmount="0.4 1 0.4" TileOffset="0 0 0" WorldPos="5 5.75 -9" />
                <Plane Active="true" AlignToWorldCoords="true" CastShadows="false" Collides="true" Corner1UV="-3 -4.8" Corner2UV="-3 -3.6" Corner3UV="3.2 -3.6" Corner4UV="3.2 -4.8" EndCorner="15.5 0 3" Group="0" ID="89" Material="G:/Gry/Amnesia - The Dark Descent/redist/static_objects/cellarbase/barrel_wood_dirty.mat" Name="Plane_10" Rotation="3.14159 0 0" Scale="1 1 1" StartCorner="0 0 0" Tag="" TextureAngle="0" TileAmount="0.4 1 0.4" TileOffset="0 0 0" WorldPos="-7.5 5.75 -9" />
                <Plane Active="true" AlignToWorldCoords="true" CastShadows="false" Collides="true" Corner1UV="1.1 -1.2" Corner2UV="1.1 0" Corner3UV="3.2 0" Corner4UV="3.2 -1.2" EndCorner="5.25 0 3" Group="0" ID="90" Material="G:/Gry/Amnesia - The Dark Descent/redist/static_objects/cellarbase/barrel_wood_dirty.mat" Name="Plane_11" Rotation="3.14159 0 0" Scale="1 1 1" StartCorner="0 0 0" Tag="" TextureAngle="0" TileAmount="0.4 1 0.4" TileOffset="0 0 0" WorldPos="2.75 5.75 0" />
                <Plane Active="true" AlignToWorldCoords="true" CastShadows="false" Collides="true" Corner1UV="-0.9 -3.60001" Corner2UV="-3.2 -3.6" Corner3UV="-3.19999 0" Corner4UV="-0.899987 -8.32598e-006" EndCorner="9 0 5.75" Group="0" ID="91" Material="G:/Gry/Amnesia - The Dark Descent/redist/static_objects/cellarbase/barrel_wood_dirty.mat" Name="Plane_12" Rotation="-4.44253e-006 -1.5708 3.14159" Scale="1 1 1" StartCorner="0 0 0" Tag="" TextureAngle="0" TileAmount="0.4 1 0.4" TileOffset="0 0 0" WorldPos="-8 5.75 -9" />
                <Plane Active="true" AlignToWorldCoords="true" CastShadows="false" Collides="true" Corner1UV="-3.3 -4.1" Corner2UV="-3.3 -4.9" Corner3UV="3.4 -4.9" Corner4UV="3.4 -4.1" EndCorner="16.75 0 2" Group="0" ID="92" Material="G:/Gry/Amnesia - The Dark Descent/redist/static_objects/cellarbase/barrel_wood_dirty.mat" Name="Plane_13" Rotation="0 0 0" Scale="1 1 1" StartCorner="0 0 0" Tag="" TextureAngle="0" TileAmount="0.4 1 0.4" TileOffset="0 0 0" WorldPos="-8.25 0 -12.25" />
                <Plane Active="true" AlignToWorldCoords="true" CastShadows="false" Collides="true" Corner1UV="1.1 -0.2" Corner2UV="1.1 -1.2" Corner3UV="3.1 -1.2" Corner4UV="3.1 -0.2" EndCorner="5 0 2.5" Group="0" ID="99" Material="G:/Gry/Amnesia - The Dark Descent/redist/static_objects/cellarbase/barrel_wood_dirty.mat" Name="Plane_14" Rotation="0 0 0" Scale="1 1 1" StartCorner="0 0 0" Tag="" TextureAngle="0" TileAmount="0.4 1 0.4" TileOffset="0 0 0" WorldPos="2.75 6 -3" />
                <Plane Active="true" AlignToWorldCoords="false" CastShadows="false" Collides="true" Corner1UV="0 0.1" Corner2UV="0 0" Corner3UV="0.9 0" Corner4UV="0.9 0.1" EndCorner="2.25 0 0.25" Group="0" ID="100" Material="G:/Gry/Amnesia - The Dark Descent/redist/static_objects/cellarbase/barrel_wood_dirty.mat" Name="Plane_15" Rotation="1.58074 1.5708 -3.13165" Scale="1 1 1" StartCorner="0 0 0" Tag="" TextureAngle="0" TileAmount="0.4 1 0.4" TileOffset="0 0 0" WorldPos="2.75 5.75 -0.75" />
                <Plane Active="true" AlignToWorldCoords="false" CastShadows="false" Collides="true" Corner1UV="0 0.1" Corner2UV="0 0" Corner3UV="1.8 0" Corner4UV="1.8 0.1" EndCorner="4.5 0 0.25" Group="0" ID="102" Material="G:/Gry/Amnesia - The Dark Descent/redist/static_objects/cellarbase/barrel_wood_dirty.mat" Name="Plane_16" Rotation="-2.26498e-006 -2.26498e-006 2.34047e-006" Scale="1 1 1" StartCorner="0 0 0" Tag="" TextureAngle="0" TileAmount="0.4 1 0.4" TileOffset="0 0 0" WorldPos="-2.25 6 -0.75" />
                <Plane Active="true" AlignToWorldCoords="false" CastShadows="false" Collides="true" Corner1UV="0 7.75" Corner2UV="0 0" Corner3UV="1.25 0" Corner4UV="1.25 7.75" EndCorner="1.25 0 7.75" Group="0" ID="135" Material="G:/Gry/Amnesia - The Dark Descent/redist/static_objects/cellarbase/barrel_quickstep.mat" Name="Plane" Rotation="0 0 1.57079" Scale="1 1 1" StartCorner="0 0 0" Tag="" TextureAngle="0" TileAmount="1 1 1" TileOffset="0 0 0" WorldPos="4.25 0 -7.75" />
                <Plane Active="true" AlignToWorldCoords="false" CastShadows="false" Collides="true" Corner1UV="0 8" Corner2UV="0 0" Corner3UV="1 0" Corner4UV="1 8" EndCorner="1 0 8" Group="0" ID="136" Material="G:/Gry/Amnesia - The Dark Descent/redist/static_objects/cellarbase/barrel_quickstep.mat" Name="Plane_3" Rotation="0 0 2.98023e-008" Scale="1 1 1" StartCorner="0 0 0" Tag="" TextureAngle="0" TileAmount="1 1 1" TileOffset="0 0 0" WorldPos="4.25 1.25 -7.75" />
                <Plane Active="true" AlignToWorldCoords="false" CastShadows="false" Collides="true" Corner1UV="0 1" Corner2UV="0 0" Corner3UV="1.25 0" Corner4UV="1.25 1" EndCorner="1.25 0 1" Group="0" ID="137" Material="G:/Gry/Amnesia - The Dark Descent/redist/static_objects/cellarbase/barrel_quickstep.mat" Name="Plane_17" Rotation="-1.57079 0 1.57079" Scale="1 1 1" StartCorner="0 0 0" Tag="" TextureAngle="0" TileAmount="1 1 1" TileOffset="0 0 0" WorldPos="5.25 0 -7.75" />
                <Plane Active="true" AlignToWorldCoords="false" CastShadows="false" Collides="true" Corner1UV="0 8" Corner2UV="0 0" Corner3UV="0.25 0" Corner4UV="0.25 8" EndCorner="0.25 0 8" Group="0" ID="138" Material="G:/Gry/Amnesia - The Dark Descent/redist/static_objects/cellarbase/barrel_quickstep.mat" Name="Plane_18" Rotation="-3.14159 0 1.57079" Scale="1 1 1" StartCorner="0 0 0" Tag="" TextureAngle="0" TileAmount="1 1 1" TileOffset="0 0 0" WorldPos="5.25 0 0.25" />
                <Plane Active="true" AlignToWorldCoords="true" CastShadows="false" Collides="true" Corner1UV="-3.3 -2.3" Corner2UV="-3.3 -4.1" Corner3UV="-3.1 -4.1" Corner4UV="-3.1 -2.3" EndCorner="0.5 0 4.5" Group="0" ID="222" Material="G:/Gry/Amnesia - The Dark Descent/redist/static_objects/cellarbase/barrel_wood_dirty.mat" Name="Plane_19" Rotation="0 0 0" Scale="1 1 1" StartCorner="0 0 0" Tag="" TextureAngle="0" TileAmount="0.4 1 0.4" TileOffset="0 0 0" WorldPos="-8.25 0 -10.25" />
                <Plane Active="true" AlignToWorldCoords="true" CastShadows="false" Collides="true" Corner1UV="-3.3 0.6" Corner2UV="-3.3 -2.3" Corner3UV="-0.7 -2.3" Corner4UV="-0.7 0.6" EndCorner="6.5 0 7.25" Group="0" ID="224" Material="G:/Gry/Amnesia - The Dark Descent/redist/static_objects/cellarbase/barrel_wood_dirty.mat" Name="Plane_21" Rotation="0 0 0" Scale="1 1 1" StartCorner="0 0 0" Tag="" TextureAngle="0" TileAmount="0.4 1 0.4" TileOffset="0 0 0" WorldPos="-8.25 0 -5.75" />
                <Plane Active="true" AlignToWorldCoords="true" CastShadows="false" Collides="true" Corner1UV="-2.3 -2.7" Corner2UV="-2.3 -4.1" Corner3UV="3.4 -4.1" Corner4UV="3.4 -2.7" EndCorner="14.25 0 3.5" Group="0" ID="225" Material="G:/Gry/Amnesia - The Dark Descent/redist/static_objects/cellarbase/barrel_wood_dirty.mat" Name="Plane_22" Rotation="0 0 0" Scale="1 1 1" StartCorner="0 0 0" Tag="" TextureAngle="0" TileAmount="0.4 1 0.4" TileOffset="0 0 0" WorldPos="-5.75 0 -10.25" />
                <Plane Active="true" AlignToWorldCoords="false" CastShadows="false" Collides="true" Corner1UV="-4.125 -1.49325e-005" Corner2UV="0 0" Corner3UV="-7.60198e-006 2.1" Corner4UV="-4.12501 2.09999" EndCorner="7 0 13.75" Group="0" ID="226" Material="G:/Gry/Amnesia - The Dark Descent/redist/static_objects/cellarbase/pubwall01.mat" Name="Plane_23" Rotation="0 0 -1.57079" Scale="1 1 1" StartCorner="0 0 0" Tag="" TextureAngle="-1.5708" TileAmount="0.3 1 0.3" TileOffset="0 0 0" WorldPos="-7.75 0 -10.25" />
                <Plane Active="true" AlignToWorldCoords="false" CastShadows="false" Collides="true" Corner1UV="-2.7 -9.77397e-006" Corner2UV="0 0" Corner3UV="-7.60198e-006 2.1" Corner4UV="-2.70001 2.09999" EndCorner="7 0 9" Group="0" ID="227" Material="G:/Gry/Amnesia - The Dark Descent/redist/static_objects/cellarbase/pubwall01.mat" Name="Plane_24" Rotation="1.57079 0 -1.57079" Scale="1 1 1" StartCorner="0 0 0" Tag="" TextureAngle="-1.5708" TileAmount="0.3 1 0.3" TileOffset="0 0 0" WorldPos="1.25 0 -10.25" />
                <Plane Active="true" AlignToWorldCoords="false" CastShadows="false" Collides="true" Corner1UV="-4.125 -1.49325e-005" Corner2UV="0 0" Corner3UV="-7.60198e-006 2.1" Corner4UV="-4.12501 2.09999" EndCorner="7 0 13.75" Group="0" ID="228" Material="G:/Gry/Amnesia - The Dark Descent/redist/static_objects/cellarbase/pubwall01.mat" Name="Plane_25" Rotation="3.14159 0 -1.57079" Scale="1 1 1" StartCorner="0 0 0" Tag="" TextureAngle="-1.5708" TileAmount="0.3 1 0.3" TileOffset="0 0 0" WorldPos="1.25 0 3.5" />
                <Plane Active="true" AlignToWorldCoords="false" CastShadows="false" Collides="true" Corner1UV="-2.7 -9.77397e-006" Corner2UV="0 0" Corner3UV="-7.60198e-006 2.1" Corner4UV="-2.70001 2.09999" EndCorner="7 0 9" Group="0" ID="229" Material="G:/Gry/Amnesia - The Dark Descent/redist/static_objects/cellarbase/pubwall01.mat" Name="Plane_26" Rotation="-1.5708 0 -1.57079" Scale="1 1 1" StartCorner="0 0 0" Tag="" TextureAngle="-1.5708" TileAmount="0.3 1 0.3" TileOffset="0 0 0" WorldPos="-7.75 0 3.5" />
                <Plane Active="true" AlignToWorldCoords="false" CastShadows="false" Collides="true" Corner1UV="-3.6 -1.3032e-005" Corner2UV="0 0" Corner3UV="-1.3756e-005 3.8" Corner4UV="-3.60001 3.79999" EndCorner="9.5 0 9" Group="0" ID="230" Material="G:/Gry/Amnesia - The Dark Descent/redist/static_objects/cellarbase/barrel_wood.mat" Name="Plane_27" Rotation="-2.82753 -1.5708 -0.314059" Scale="1 1 1" StartCorner="0 0 0" Tag="" TextureAngle="-1.5708" TileAmount="0.4 1 0.4" TileOffset="0 0 0" WorldPos="-7.75 -0.5 -6" />
                <Plane Active="true" AlignToWorldCoords="false" CastShadows="false" Collides="true" Corner1UV="0 0.2" Corner2UV="0 0" Corner3UV="0.8 0" Corner4UV="0.8 0.2" EndCorner="2 0 0.5" Group="0" ID="233" Material="G:/Gry/Amnesia - The Dark Descent/redist/static_objects/cellarbase/barrel_wood_dirty.mat" Name="Plane_28" Rotation="-1.57079 0 0" Scale="1 1 1" StartCorner="0 0 0" Tag="" TextureAngle="0" TileAmount="0.4 1 0.4" TileOffset="0 0 0" WorldPos="-7.75 -0.5 -5.75" />
                <Plane Active="true" AlignToWorldCoords="false" CastShadows="false" Collides="true" Corner1UV="0 0.2" Corner2UV="0 0" Corner3UV="1.8 0" Corner4UV="1.8 0.2" EndCorner="4.5 0 0.5" Group="0" ID="234" Material="G:/Gry/Amnesia - The Dark Descent/redist/static_objects/cellarbase/barrel_wood_dirty.mat" Name="Plane_29" Rotation="-0.785398 1.5708 0.785398" Scale="1 1 1" StartCorner="0 0 0" Tag="" TextureAngle="0" TileAmount="0.4 1 0.4" TileOffset="0 0 0" WorldPos="-5.75 -0.5 -5.75" />
                <Plane Active="true" AlignToWorldCoords="false" CastShadows="false" Collides="true" Corner1UV="-3 -0.10001" Corner2UV="-0.2 -0.1" Corner3UV="-0.200006 1.6" Corner4UV="-3.00001 1.59999" EndCorner="4.25 0 7" Group="0" ID="235" Material="G:/Gry/Amnesia - The Dark Descent/redist/static_objects/cellarbase/barrel_wood.mat" Name="Plane_30" Rotation="-2.82753 -1.5708 -0.314059" Scale="1 1 1" StartCorner="0 0 0" Tag="" TextureAngle="-1.5708" TileAmount="0.4 1 0.4" TileOffset="-0.2 0 -0.1" WorldPos="-5.75 -0.5 -10.25" />
                <Plane Active="true" AlignToWorldCoords="false" CastShadows="false" Collides="true" Corner1UV="-3.6 -1.3032e-005" Corner2UV="0 0" Corner3UV="-1.99099e-005 5.5" Corner4UV="-3.60002 5.49999" EndCorner="13.75 0 9" Group="0" ID="236" Material="G:/Gry/Amnesia - The Dark Descent/redist/static_objects/cellarbase/alley_beams.mat" Name="Plane_31" Rotation="0.80819 -1.5708 -0.808189" Scale="1 1 1" StartCorner="0 0 0" Tag="" TextureAngle="-1.5708" TileAmount="0.4 1 0.4" TileOffset="0 0 0" WorldPos="1.25 -6.25 -10.25" />
                <Plane Active="true" AlignToWorldCoords="true" CastShadows="false" Collides="true" Corner1UV="-0.7 0.1" Corner2UV="-0.7 -1.9" Corner3UV="3.4 -1.9" Corner4UV="3.4 0.1" EndCorner="10.25 0 5" Group="0" ID="248" Material="G:/Gry/Amnesia - The Dark Descent/redist/static_objects/cellarbase/barrel_wood_dirty.mat" Name="Plane_32" Rotation="0 0 0" Scale="1 1 1" StartCorner="0 0 0" Tag="" TextureAngle="0" TileAmount="0.4 1 0.4" TileOffset="0 0 0" WorldPos="-1.75 0 -4.75" />
                <Plane Active="true" AlignToWorldCoords="true" CastShadows="false" Collides="true" Corner1UV="-2.3 -2.3" Corner2UV="-2.3 -2.7" Corner3UV="-0.7 -2.7" Corner4UV="-0.7 -2.3" EndCorner="4 0 1" Group="0" ID="249" Material="G:/Gry/Amnesia - The Dark Descent/redist/static_objects/cellarbase/barrel_wood_dirty.mat" Name="Plane_33" Rotation="0 0 0" Scale="1 1 1" StartCorner="0 0 0" Tag="" TextureAngle="0" TileAmount="0.4 1 0.4" TileOffset="0 0 0" WorldPos="-5.75 0 -6.75" />
                <Plane Active="true" AlignToWorldCoords="true" CastShadows="false" Collides="true" Corner1UV="0.4 -1.9" Corner2UV="0.4 -2.7" Corner3UV="3.4 -2.7" Corner4UV="3.4 -1.9" EndCorner="7.5 0 2" Group="0" ID="250" Material="G:/Gry/Amnesia - The Dark Descent/redist/static_objects/cellarbase/barrel_wood_dirty.mat" Name="Plane_34" Rotation="0 0 0" Scale="1 1 1" StartCorner="0 0 0" Tag="" TextureAngle="0" TileAmount="0.4 1 0.4" TileOffset="0 0 0" WorldPos="1 0 -6.75" />
                <Plane Active="true" AlignToWorldCoords="false" CastShadows="false" Collides="true" Corner1UV="-0.8 7.72479e-007" Corner2UV="1.49012e-008 0" Corner3UV="1.11461e-007 0.1" Corner4UV="-0.8 0.100001" EndCorner="0.25 0 2" Group="0" ID="251" Material="G:/Gry/Amnesia - The Dark Descent/redist/static_objects/cellarbase/alley_cobblestones.mat" Name="Plane_35" Rotation="0 0 1.57079" Scale="1 1 1" StartCorner="0 0 0" Tag="" TextureAngle="4.71239" TileAmount="0.4 1 0.4" TileOffset="1.49012e-008 0 0" WorldPos="1 -0.25 -6.75" />
                <Plane Active="true" AlignToWorldCoords="false" CastShadows="false" Collides="true" Corner1UV="-0.8 7.72479e-007" Corner2UV="1.49012e-008 0" Corner3UV="1.11461e-007 0.1" Corner4UV="-0.8 0.100001" EndCorner="0.25 0 2" Group="0" ID="252" Material="G:/Gry/Amnesia - The Dark Descent/redist/static_objects/cellarbase/alley_cobblestones.mat" Name="Plane_36" Rotation="-3.14159 0 1.57079" Scale="1 1 1" StartCorner="0 0 0" Tag="" TextureAngle="4.71239" TileAmount="0.4 1 0.4" TileOffset="1.49012e-008 0 0" WorldPos="-1.75 -0.25 -4.75" />
                <Plane Active="true" AlignToWorldCoords="false" CastShadows="false" Collides="true" Corner1UV="-1.1 1.06216e-006" Corner2UV="1.49012e-008 0" Corner3UV="1.11461e-007 0.1" Corner4UV="-1.1 0.100001" EndCorner="0.25 0 2.75" Group="0" ID="253" Material="G:/Gry/Amnesia - The Dark Descent/redist/static_objects/cellarbase/alley_cobblestones.mat" Name="Plane_37" Rotation="-1.57079 0 1.57079" Scale="1 1 1" StartCorner="0 0 0" Tag="" TextureAngle="4.71239" TileAmount="0.4 1 0.4" TileOffset="1.49012e-008 0 0" WorldPos="1 -0.25 -4.75" />
                <Plane Active="true" AlignToWorldCoords="false" CastShadows="false" Collides="true" Corner1UV="-1.1 1.06216e-006" Corner2UV="1.49012e-008 0" Corner3UV="1.11461e-007 0.1" Corner4UV="-1.1 0.100001" EndCorner="0.25 0 2.75" Group="0" ID="254" Material="G:/Gry/Amnesia - The Dark Descent/redist/static_objects/cellarbase/alley_cobblestones.mat" Name="Plane_38" Rotation="1.5708 0 1.57079" Scale="1 1 1" StartCorner="0 0 0" Tag="" TextureAngle="4.71239" TileAmount="0.4 1 0.4" TileOffset="1.49012e-008 0 0" WorldPos="-1.75 -0.25 -6.75" />
                <Plane Active="true" AlignToWorldCoords="false" CastShadows="false" Collides="true" Corner1UV="-1.1 1.06216e-006" Corner2UV="1.49012e-008 0" Corner3UV="7.87381e-007 0.8" Corner4UV="-1.1 0.800001" EndCorner="2 0 2.75" Group="0" ID="255" Material="G:/Gry/Amnesia - The Dark Descent/redist/static_objects/cellarbase/alley_cobblestones.mat" Name="Plane_39" Rotation="2.81503 1.5708 2.81503" Scale="1 1 1" StartCorner="0 0 0" Tag="" TextureAngle="4.71239" TileAmount="0.4 1 0.4" TileOffset="1.49012e-008 0 0" WorldPos="-1.75 -0.25 -4.75" />
                <Plane Active="true" AlignToWorldCoords="false" CastShadows="false" Collides="true" Corner1UV="0 1.25" Corner2UV="0 0" Corner3UV="1 0" Corner4UV="1 1.25" EndCorner="1 0 1.25" Group="0" ID="273" Material="G:/Gry/Amnesia - The Dark Descent/redist/static_objects/cellarbase/barrel_quickstep.mat" Name="Plane_20" Rotation="-3.14159 0 1.57079" Scale="1 1 1" StartCorner="0 0 0" Tag="" TextureAngle="0" TileAmount="1 1 1" TileOffset="0 0 0" WorldPos="5.25 0.25 0.25" />
                <Plane Active="true" AlignToWorldCoords="false" CastShadows="false" Collides="true" Corner1UV="0 6.75" Corner2UV="0 0" Corner3UV="0.25 0" Corner4UV="0.25 6.75" EndCorner="0.25 0 6.75" Group="0" ID="274" Material="G:/Gry/Amnesia - The Dark Descent/redist/static_objects/cellarbase/barrel_quickstep.mat" Name="Plane_40" Rotation="-3.14159 0 1.57079" Scale="1 1 1" StartCorner="0 0 0" Tag="" TextureAngle="0" TileAmount="1 1 1" TileOffset="0 0 0" WorldPos="5.25 1 -1" />
                <Plane Active="true" AlignToWorldCoords="false" CastShadows="false" Collides="true" Corner1UV="0 1.25" Corner2UV="0 0" Corner3UV="0.75 0" Corner4UV="0.75 1.25" EndCorner="0.75 0 1.25" Group="0" ID="275" Material="G:/Gry/Amnesia - The Dark Descent/redist/static_objects/cellarbase/barrel_quickstep.mat" Name="Plane_41" Rotation="-3.14159 0 1.57079" Scale="1 1 1" StartCorner="0 0 0" Tag="" TextureAngle="0" TileAmount="1 1 1" TileOffset="0 0 0" WorldPos="5.25 0.25 -6.5" />
                <Plane Active="true" AlignToWorldCoords="false" CastShadows="false" Collides="true" Corner1UV="0 0.75" Corner2UV="0 0" Corner3UV="0.75 0" Corner4UV="0.75 0.75" EndCorner="0.75 0 0.75" Group="0" ID="276" Material="G:/Gry/Amnesia - The Dark Descent/redist/static_objects/cellarbase/barrel_quickstep.mat" Name="Plane_42" Rotation="1.5708 0 1.57079" Scale="1 1 1" StartCorner="0 0 0" Tag="" TextureAngle="0" TileAmount="1 1 1" TileOffset="0 0 0" WorldPos="4.5 0.25 -6.5" />
                <Plane Active="true" AlignToWorldCoords="false" CastShadows="false" Collides="true" Corner1UV="0 5.5" Corner2UV="0 0" Corner3UV="0.75 0" Corner4UV="0.75 5.5" EndCorner="0.75 0 5.5" Group="0" ID="277" Material="G:/Gry/Amnesia - The Dark Descent/redist/static_objects/cellarbase/barrel_quickstep.mat" Name="Plane_43" Rotation="-3.14159 0 1.57079" Scale="1 1 1" StartCorner="0 0 0" Tag="" TextureAngle="0" TileAmount="1 1 1" TileOffset="0 0 0" WorldPos="4.5 0.25 -1" />
                <Plane Active="true" AlignToWorldCoords="false" CastShadows="false" Collides="true" Corner1UV="0 0.75" Corner2UV="0 0" Corner3UV="0.75 0" Corner4UV="0.75 0.75" EndCorner="0.75 0 0.75" Group="0" ID="278" Material="G:/Gry/Amnesia - The Dark Descent/redist/static_objects/cellarbase/barrel_quickstep.mat" Name="Plane_44" Rotation="-1.5708 0 1.57079" Scale="1 1 1" StartCorner="0 0 0" Tag="" TextureAngle="0" TileAmount="1 1 1" TileOffset="0 0 0" WorldPos="5.25 0.25 -1" />
                <Plane Active="true" AlignToWorldCoords="false" CastShadows="false" Collides="true" Corner1UV="0 5.5" Corner2UV="0 0" Corner3UV="0.75 0" Corner4UV="0.75 5.5" EndCorner="0.75 0 5.5" Group="0" ID="279" Material="G:/Gry/Amnesia - The Dark Descent/redist/static_objects/cellarbase/barrel_quickstep.mat" Name="Plane_45" Rotation="-3.14159 -2.05834e-006 3.14158" Scale="1 1 1" StartCorner="0 0 0" Tag="" TextureAngle="0" TileAmount="1 1 1" TileOffset="0 0 0" WorldPos="5.25 0.25 -1" />
                <Plane Active="true" AlignToWorldCoords="false" CastShadows="false" Collides="true" Corner1UV="0 5.5" Corner2UV="0 0" Corner3UV="0.75 0" Corner4UV="0.75 5.5" EndCorner="0.75 0 5.5" Group="0" ID="280" Material="G:/Gry/Amnesia - The Dark Descent/redist/static_objects/cellarbase/barrel_quickstep.mat" Name="Plane_46" Rotation="-3.14159 2.05834e-006 -4.05312e-006" Scale="1 1 1" StartCorner="0 0 0" Tag="" TextureAngle="0" TileAmount="1 1 1" TileOffset="0 0 0" WorldPos="4.5 1 -1" />
            </Primitives>
            <Decals />
            <Entities>
                <BoxLight Active="true" BlendFunc="0" CastShadows="false" DiffuseColor="0.155 0.172 0.172 1" FalloffMap="" FlickerActive="false" FlickerFade="false" FlickerOffColor="0 0 0 1" FlickerOffFadeMaxLength="0" FlickerOffFadeMinLength="0" FlickerOffMaxLength="0" FlickerOffMinLength="0" FlickerOffPS="" FlickerOffRadius="0" FlickerOffSound="" FlickerOnFadeMaxLength="0" FlickerOnFadeMinLength="0" FlickerOnMaxLength="0" FlickerOnMinLength="0" FlickerOnPS="" FlickerOnSound="" Gobo="" GoboAnimFrameTime="0" GoboAnimMode="None" Group="0" ID="2" Name="BoxLight_1" Radius="1" Rotation="0 0 0" Scale="78.25 32.75 59" ShadowResolution="High" ShadowsAffectDynamic="true" ShadowsAffectStatic="true" Size="78.25 32.75 59" Tag="" WorldPos="-2 -3 -2.75" />
                <Entity Active="true" FileIndex="0" Group="0" ID="106" Name="level_celler_1" Rotation="0 3.14159 0" Scale="1 1 1" Tag="" WorldPos="2 0.0680092 0">
                    <UserVariables>
                        <Var Name="CastShadows" Value="true" />
                        <Var Name="StaticPhysics" Value="false" />
                        <Var Name="IsAffectedByDecal" Value="false" />
                        <Var Name="CallbackFunc" Value="" />
                        <Var Name="ConnectedProps" Value="" />
                        <Var Name="ConnectionStateChangeCallback" Value="" />
                        <Var Name="FullGameSave" Value="false" />
                        <Var Name="PlayerLookAtCallback" Value="" />
                        <Var Name="PlayerLookAtCallbackAutoRemove" Value="false" />
                        <Var Name="PlayerInteractCallback" Value="" />
                        <Var Name="PlayerInteractCallbackAutoRemove" Value="false" />
                        <Var Name="TextEntry" Value="" />
                        <Var Name="StartPos" Value="PlayerStartArea_2" />
                        <Var Name="MapFile" Value="G:/Gry/Amnesia - The Dark Descent/redist/custom_stories/Those Who Were Forgotten 2/maps/TheGreatSwamp.map" />
                        <Var Name="Locked" Value="false" />
                        <Var Name="LockedSound" Value="" />
                        <Var Name="LockedTextCat" Value="" />
                        <Var Name="LockedTextEntry" Value="" />
                        <Var Name="ShowStats" Value="true" />
                    </UserVariables>
                </Entity>
                <Entity Active="true" FileIndex="1" Group="0" ID="110" Name="wooden_slide_door_dungeon_frame_1" Rotation="0 3.14159 0" Scale="1 1 1" Tag="" WorldPos="2 0 0">
                    <UserVariables>
                        <Var Name="CastShadows" Value="true" />
                        <Var Name="StaticPhysics" Value="false" />
                        <Var Name="IsAffectedByDecal" Value="false" />
                        <Var Name="CallbackFunc" Value="" />
                        <Var Name="ConnectedProps" Value="" />
                        <Var Name="ConnectionStateChangeCallback" Value="" />
                        <Var Name="FullGameSave" Value="false" />
                        <Var Name="PlayerLookAtCallback" Value="" />
                        <Var Name="PlayerLookAtCallbackAutoRemove" Value="false" />
                        <Var Name="PlayerInteractCallback" Value="" />
                        <Var Name="PlayerInteractCallbackAutoRemove" Value="false" />
                        <Var Name="ContainedItem" Value="None" />
                        <Var Name="DisableBreakable" Value="false" />
                        <Var Name="IsInsanityVision" Value="false" />
                        <Var Name="VisionMaxSanity" Value="30" />
                    </UserVariables>
                </Entity>
                <Area Active="true" AreaType="PlayerStart" Group="0" ID="134" Mesh="" Name="PlayerStartArea_1" Rotation="0 1.5708 0" Scale="1 1 1" Tag="" WorldPos="1.91697 0 -0.917146">
                    <UserVariables />
                </Area>
                <Entity Active="true" FileIndex="6" Group="0" ID="143" Name="stove_front02_1" Rotation="0 3.57628e-006 0" Scale="1 1 1" Tag="" WorldPos="-2.0448 0 -12.2253">
                    <UserVariables>
                        <Var Name="CastShadows" Value="true" />
                        <Var Name="IsAffectedByDecal" Value="true" />
                    </UserVariables>
                </Entity>
                <Entity Active="true" FileIndex="7" Group="0" ID="148" Name="table_nice02_1" Rotation="0 0.0752577 0" Scale="1 1 1" Tag="" WorldPos="4.53983 0 -11.2297">
                    <UserVariables>
                        <Var Name="CastShadows" Value="true" />
                        <Var Name="IsAffectedByDecal" Value="true" />
                    </UserVariables>
                </Entity>
                <Entity Active="true" FileIndex="2" Group="0" ID="174" Name="sloped_square_shelf_1" Rotation="0 -1.5708 0" Scale="1 1 1" Tag="" WorldPos="7.26563 0 -9.33663">
                    <UserVariables>
                        <Var Name="CastShadows" Value="true" />
                        <Var Name="IsAffectedByDecal" Value="true" />
                    </UserVariables>
                </Entity>
                <Entity Active="true" FileIndex="3" Group="0" ID="179" Name="shelf_no_back_1" Rotation="0 -1.309 0" Scale="1 1 1" Tag="" WorldPos="7.36498 0 -6.71144">
                    <UserVariables>
                        <Var Name="CastShadows" Value="true" />
                        <Var Name="IsAffectedByDecal" Value="true" />
                    </UserVariables>
                </Entity>
                <Entity Active="true" FileIndex="3" Group="0" ID="180" Name="shelf_no_back_2" Rotation="0 -1.8326 0" Scale="1 1 1" Tag="" WorldPos="7.28218 0 -4.43221">
                    <UserVariables>
                        <Var Name="CastShadows" Value="true" />
                        <Var Name="IsAffectedByDecal" Value="true" />
                    </UserVariables>
                </Entity>
                <Entity Active="true" FileIndex="4" Group="0" ID="182" Name="table_wood01_1" Rotation="0 -1.5708 0" Scale="1 1 1" Tag="" WorldPos="7.23154 0 -2.23196">
                    <UserVariables>
                        <Var Name="CastShadows" Value="true" />
                        <Var Name="IsAffectedByDecal" Value="true" />
                    </UserVariables>
                </Entity>
                <Entity Active="true" FileIndex="5" Group="0" ID="188" Name="table_nice_round_1" Rotation="0 -1.5708 0" Scale="1 1 1" Tag="" WorldPos="6.01515 0 -0.496955">
                    <UserVariables>
                        <Var Name="CastShadows" Value="true" />
                        <Var Name="IsAffectedByDecal" Value="true" />
                    </UserVariables>
                </Entity>
                <Entity Active="true" FileIndex="2" Group="0" ID="189" Name="sloped_square_shelf_2" Rotation="0 -2.26498e-006 0" Scale="1 1 1" Tag="" WorldPos="1.5 0 -11.25">
                    <UserVariables>
                        <Var Name="CastShadows" Value="true" />
                        <Var Name="IsAffectedByDecal" Value="true" />
                    </UserVariables>
                </Entity>
                <Entity Active="true" FileIndex="7" Group="0" ID="193" Name="table_nice02_2" Rotation="3.14159 0.0750275 3.14159" Scale="1 1 1" Tag="" WorldPos="-1.55362 0 -1.51694">
                    <UserVariables>
                        <Var Name="CastShadows" Value="true" />
                        <Var Name="IsAffectedByDecal" Value="true" />
                    </UserVariables>
                </Entity>
                <Entity Active="true" FileIndex="7" Group="0" ID="195" Name="table_nice02_4" Rotation="3.14159 -1.04133 -3.14159" Scale="1 1 1" Tag="" WorldPos="-1.59289 0 -6.5">
                    <UserVariables>
                        <Var Name="CastShadows" Value="true" />
                        <Var Name="IsAffectedByDecal" Value="true" />
                    </UserVariables>
                </Entity>
                <Entity Active="true" FileIndex="8" Group="0" ID="200" Name="bonfire_1" Rotation="-3.14159 0.261804 -3.14159" Scale="1.35009 1.25 1.45169" Tag="" WorldPos="-2.05906 0.101329 -11.6113">
                    <UserVariables>
                        <Var Name="CastShadows" Value="true" />
                        <Var Name="StaticPhysics" Value="false" />
                        <Var Name="IsAffectedByDecal" Value="false" />
                        <Var Name="CallbackFunc" Value="" />
                        <Var Name="ConnectedProps" Value="" />
                        <Var Name="ConnectionStateChangeCallback" Value="" />
                        <Var Name="FullGameSave" Value="false" />
                        <Var Name="PlayerLookAtCallback" Value="" />
                        <Var Name="PlayerLookAtCallbackAutoRemove" Value="false" />
                        <Var Name="PlayerInteractCallback" Value="" />
                        <Var Name="PlayerInteractCallbackAutoRemove" Value="false" />
                        <Var Name="Lit" Value="true" />
                        <Var Name="ConnectedLight" Value="" />
                        <Var Name="ConnectionLightAmount" Value="1" />
                        <Var Name="ConnectionLightUseOnColor" Value="true" />
                        <Var Name="ConnectionLightUseSpec" Value="false" />
                    </UserVariables>
                </Entity>
                <PointLight Active="true" CastShadows="false" DiffuseColor="1 0.328 0 1" FalloffMap="" FlickerActive="false" FlickerFade="false" FlickerOffColor="0 0 0 1" FlickerOffFadeMaxLength="0" FlickerOffFadeMinLength="0" FlickerOffMaxLength="0" FlickerOffMinLength="0" FlickerOffPS="" FlickerOffRadius="0" FlickerOffSound="" FlickerOnFadeMaxLength="0" FlickerOnFadeMinLength="0" FlickerOnMaxLength="0" FlickerOnMinLength="0" FlickerOnPS="" FlickerOnSound="" Gobo="" GoboAnimFrameTime="0" GoboAnimMode="None" Group="0" ID="201" Name="PointLight_1" Radius="4" Rotation="8.74228e-008 -1.5708 8.74228e-008" Scale="1 1 1" ShadowResolution="High" ShadowsAffectDynamic="true" ShadowsAffectStatic="true" Tag="" WorldPos="-2.0448 0.75 -9.78306" />
                <Entity Active="true" FileIndex="9" Group="0" ID="203" Name="chandelier_simple_1" Rotation="0 -1.5708 0" Scale="2 1.75 2" Tag="" WorldPos="2.5 10 -4.57938">
                    <UserVariables>
                        <Var Name="CastShadows" Value="true" />
                        <Var Name="StaticPhysics" Value="false" />
                        <Var Name="IsAffectedByDecal" Value="false" />
                        <Var Name="CallbackFunc" Value="" />
                        <Var Name="ConnectedProps" Value="" />
                        <Var Name="ConnectionStateChangeCallback" Value="" />
                        <Var Name="FullGameSave" Value="false" />
                        <Var Name="PlayerLookAtCallback" Value="" />
                        <Var Name="PlayerLookAtCallbackAutoRemove" Value="false" />
                        <Var Name="PlayerInteractCallback" Value="" />
                        <Var Name="PlayerInteractCallbackAutoRemove" Value="false" />
                        <Var Name="Lit" Value="true" />
                        <Var Name="ConnectedLight" Value="" />
                        <Var Name="ConnectionLightAmount" Value="1" />
                        <Var Name="ConnectionLightUseOnColor" Value="true" />
                        <Var Name="ConnectionLightUseSpec" Value="false" />
                    </UserVariables>
                </Entity>
                <Entity Active="true" FileIndex="9" Group="0" ID="204" Name="chandelier_simple_2" Rotation="0 -1.5708 0" Scale="2 1.75 2" Tag="" WorldPos="-1.59888 10 -7.49294">
                    <UserVariables>
                        <Var Name="CastShadows" Value="true" />
                        <Var Name="StaticPhysics" Value="false" />
                        <Var Name="IsAffectedByDecal" Value="false" />
                        <Var Name="CallbackFunc" Value="" />
                        <Var Name="ConnectedProps" Value="" />
                        <Var Name="ConnectionStateChangeCallback" Value="" />
                        <Var Name="FullGameSave" Value="false" />
                        <Var Name="PlayerLookAtCallback" Value="" />
                        <Var Name="PlayerLookAtCallbackAutoRemove" Value="false" />
                        <Var Name="PlayerInteractCallback" Value="" />
                        <Var Name="PlayerInteractCallbackAutoRemove" Value="false" />
                        <Var Name="Lit" Value="true" />
                        <Var Name="ConnectedLight" Value="" />
                        <Var Name="ConnectionLightAmount" Value="1" />
                        <Var Name="ConnectionLightUseOnColor" Value="true" />
                        <Var Name="ConnectionLightUseSpec" Value="false" />
                    </UserVariables>
                </Entity>
                <PointLight Active="true" CastShadows="false" DiffuseColor="1 0.569 0 1" FalloffMap="" FlickerActive="false" FlickerFade="false" FlickerOffColor="0 0 0 1" FlickerOffFadeMaxLength="0" FlickerOffFadeMinLength="0" FlickerOffMaxLength="0" FlickerOffMinLength="0" FlickerOffPS="" FlickerOffRadius="0" FlickerOffSound="" FlickerOnFadeMaxLength="0" FlickerOnFadeMinLength="0" FlickerOnMaxLength="0" FlickerOnMinLength="0" FlickerOnPS="" FlickerOnSound="" Gobo="" GoboAnimFrameTime="0" GoboAnimMode="None" Group="0" ID="205" Name="PointLight_2" Radius="6.5" Rotation="0 -0 0" Scale="1 1 1" ShadowResolution="High" ShadowsAffectDynamic="true" ShadowsAffectStatic="true" Tag="" WorldPos="-1.59888 3.25 -7.49294" />
                <PointLight Active="true" CastShadows="false" DiffuseColor="1 0.569 0 1" FalloffMap="" FlickerActive="false" FlickerFade="false" FlickerOffColor="0 0 0 1" FlickerOffFadeMaxLength="0" FlickerOffFadeMinLength="0" FlickerOffMaxLength="0" FlickerOffMinLength="0" FlickerOffPS="" FlickerOffRadius="0" FlickerOffSound="" FlickerOnFadeMaxLength="0" FlickerOnFadeMinLength="0" FlickerOnMaxLength="0" FlickerOnMinLength="0" FlickerOnPS="" FlickerOnSound="" Gobo="" GoboAnimFrameTime="0" GoboAnimMode="None" Group="0" ID="206" Name="PointLight_3" Radius="6.5" Rotation="0 -0 0" Scale="1 1 1" ShadowResolution="High" ShadowsAffectDynamic="true" ShadowsAffectStatic="true" Tag="" WorldPos="2.5 3.25 -4.57938" />
                <Entity Active="true" FileIndex="10" Group="0" ID="207" Name="candlestick01_1" Rotation="3.14159 -1.0472 -3.14159" Scale="1 1 1" Tag="" WorldPos="5.00111 1.25 -0.585734">
                    <UserVariables>
                        <Var Name="CastShadows" Value="true" />
                        <Var Name="StaticPhysics" Value="false" />
                        <Var Name="IsAffectedByDecal" Value="false" />
                        <Var Name="CallbackFunc" Value="" />
                        <Var Name="ConnectedProps" Value="" />
                        <Var Name="ConnectionStateChangeCallback" Value="" />
                        <Var Name="FullGameSave" Value="false" />
                        <Var Name="PlayerLookAtCallback" Value="" />
                        <Var Name="PlayerLookAtCallbackAutoRemove" Value="false" />
                        <Var Name="PlayerInteractCallback" Value="" />
                        <Var Name="PlayerInteractCallbackAutoRemove" Value="false" />
                        <Var Name="Lit" Value="true" />
                        <Var Name="ConnectedLight" Value="" />
                        <Var Name="ConnectionLightAmount" Value="1" />
                        <Var Name="ConnectionLightUseOnColor" Value="true" />
                        <Var Name="ConnectionLightUseSpec" Value="false" />
                    </UserVariables>
                </Entity>
                <PointLight Active="true" CastShadows="false" DiffuseColor="0.182 0.068 0 1" FalloffMap="" FlickerActive="false" FlickerFade="false" FlickerOffColor="0 0 0 1" FlickerOffFadeMaxLength="0" FlickerOffFadeMinLength="0" FlickerOffMaxLength="0" FlickerOffMinLength="0" FlickerOffPS="" FlickerOffRadius="0" FlickerOffSound="" FlickerOnFadeMaxLength="0" FlickerOnFadeMinLength="0" FlickerOnMaxLength="0" FlickerOnMinLength="0" FlickerOnPS="" FlickerOnSound="" Gobo="" GoboAnimFrameTime="0" GoboAnimMode="None" Group="0" ID="208" Name="PointLight_4" Radius="3" Rotation="0 -0 0" Scale="1 1 1" ShadowResolution="High" ShadowsAffectDynamic="true" ShadowsAffectStatic="true" Tag="" WorldPos="4.95587 1.62106 -0.616941" />
                <PointLight Active="true" CastShadows="false" DiffuseColor="0.182 0.068 0 1" FalloffMap="" FlickerActive="false" FlickerFade="false" FlickerOffColor="0 0 0 1" FlickerOffFadeMaxLength="0" FlickerOffFadeMinLength="0" FlickerOffMaxLength="0" FlickerOffMinLength="0" FlickerOffPS="" FlickerOffRadius="0" FlickerOffSound="" FlickerOnFadeMaxLength="0" FlickerOnFadeMinLength="0" FlickerOnMaxLength="0" FlickerOnMinLength="0" FlickerOnPS="" FlickerOnSound="" Gobo="" GoboAnimFrameTime="0" GoboAnimMode="None" Group="0" ID="209" Name="PointLight_5" Radius="3" Rotation="0 -0 0" Scale="1 1 1" ShadowResolution="High" ShadowsAffectDynamic="true" ShadowsAffectStatic="true" Tag="" WorldPos="6.96794 1.3668 -2.96842" />
                <Entity Active="true" FileIndex="10" Group="0" ID="210" Name="candlestick01_2" Rotation="3.14159 -1.0472 -3.14159" Scale="1 1 1" Tag="" WorldPos="7.01318 0.995745 -2.93721">
                    <UserVariables>
                        <Var Name="CastShadows" Value="true" />
                        <Var Name="StaticPhysics" Value="false" />
                        <Var Name="IsAffectedByDecal" Value="false" />
                        <Var Name="CallbackFunc" Value="" />
                        <Var Name="ConnectedProps" Value="" />
                        <Var Name="ConnectionStateChangeCallback" Value="" />
                        <Var Name="FullGameSave" Value="false" />
                        <Var Name="PlayerLookAtCallback" Value="" />
                        <Var Name="PlayerLookAtCallbackAutoRemove" Value="false" />
                        <Var Name="PlayerInteractCallback" Value="" />
                        <Var Name="PlayerInteractCallbackAutoRemove" Value="false" />
                        <Var Name="Lit" Value="true" />
                        <Var Name="ConnectedLight" Value="" />
                        <Var Name="ConnectionLightAmount" Value="1" />
                        <Var Name="ConnectionLightUseOnColor" Value="true" />
                        <Var Name="ConnectionLightUseSpec" Value="false" />
                    </UserVariables>
                </Entity>
                <PointLight Active="true" CastShadows="false" DiffuseColor="0.182 0.068 0 1" FalloffMap="" FlickerActive="false" FlickerFade="false" FlickerOffColor="0 0 0 1" FlickerOffFadeMaxLength="0" FlickerOffFadeMinLength="0" FlickerOffMaxLength="0" FlickerOffMinLength="0" FlickerOffPS="" FlickerOffRadius="0" FlickerOffSound="" FlickerOnFadeMaxLength="0" FlickerOnFadeMinLength="0" FlickerOnMaxLength="0" FlickerOnMinLength="0" FlickerOnPS="" FlickerOnSound="" Gobo="" GoboAnimFrameTime="0" GoboAnimMode="None" Group="0" ID="211" Name="PointLight_6" Radius="3" Rotation="0 -0 0" Scale="1 1 1" ShadowResolution="High" ShadowsAffectDynamic="true" ShadowsAffectStatic="true" Tag="" WorldPos="3.37463 1.25157 -10.8763" />
                <Entity Active="true" FileIndex="10" Group="0" ID="212" Name="candlestick01_3" Rotation="3.14159 -1.0472 -3.14159" Scale="1 1 1" Tag="" WorldPos="3.41987 0.880515 -10.8451">
                    <UserVariables>
                        <Var Name="CastShadows" Value="true" />
                        <Var Name="StaticPhysics" Value="false" />
                        <Var Name="IsAffectedByDecal" Value="false" />
                        <Var Name="CallbackFunc" Value="" />
                        <Var Name="ConnectedProps" Value="" />
                        <Var Name="ConnectionStateChangeCallback" Value="" />
                        <Var Name="FullGameSave" Value="false" />
                        <Var Name="PlayerLookAtCallback" Value="" />
                        <Var Name="PlayerLookAtCallbackAutoRemove" Value="false" />
                        <Var Name="PlayerInteractCallback" Value="" />
                        <Var Name="PlayerInteractCallbackAutoRemove" Value="false" />
                        <Var Name="Lit" Value="true" />
                        <Var Name="ConnectedLight" Value="" />
                        <Var Name="ConnectionLightAmount" Value="1" />
                        <Var Name="ConnectionLightUseOnColor" Value="true" />
                        <Var Name="ConnectionLightUseSpec" Value="false" />
                    </UserVariables>
                </Entity>
                <Entity Active="true" FileIndex="11" Group="0" ID="213" Name="candlestick_floor_1" Rotation="3.14159 -0.785398 3.14159" Scale="1 1 1" Tag="" WorldPos="-7.65448 0 -1.59958">
                    <UserVariables>
                        <Var Name="CastShadows" Value="true" />
                        <Var Name="StaticPhysics" Value="false" />
                        <Var Name="IsAffectedByDecal" Value="false" />
                        <Var Name="CallbackFunc" Value="" />
                        <Var Name="ConnectedProps" Value="" />
                        <Var Name="ConnectionStateChangeCallback" Value="" />
                        <Var Name="FullGameSave" Value="false" />
                        <Var Name="PlayerLookAtCallback" Value="" />
                        <Var Name="PlayerLookAtCallbackAutoRemove" Value="false" />
                        <Var Name="PlayerInteractCallback" Value="" />
                        <Var Name="PlayerInteractCallbackAutoRemove" Value="false" />
                        <Var Name="Lit" Value="true" />
                        <Var Name="ConnectedLight" Value="" />
                        <Var Name="ConnectionLightAmount" Value="1" />
                        <Var Name="ConnectionLightUseOnColor" Value="true" />
                        <Var Name="ConnectionLightUseSpec" Value="false" />
                    </UserVariables>
                </Entity>
                <PointLight Active="true" CastShadows="false" DiffuseColor="1 0.568 0 1" FalloffMap="" FlickerActive="false" FlickerFade="false" FlickerOffColor="0 0 0 1" FlickerOffFadeMaxLength="0" FlickerOffFadeMinLength="0" FlickerOffMaxLength="0" FlickerOffMinLength="0" FlickerOffPS="" FlickerOffRadius="0" FlickerOffSound="" FlickerOnFadeMaxLength="0" FlickerOnFadeMinLength="0" FlickerOnMaxLength="0" FlickerOnMinLength="0" FlickerOnPS="" FlickerOnSound="" Gobo="" GoboAnimFrameTime="0" GoboAnimMode="None" Group="0" ID="214" Name="PointLight_7" Radius="3" Rotation="0 -0 0" Scale="1 1 1" ShadowResolution="High" ShadowsAffectDynamic="true" ShadowsAffectStatic="true" Tag="" WorldPos="-7.53063 1.87393 -1.6187" />
                <Entity Active="true" FileIndex="11" Group="0" ID="215" Name="candlestick_floor_2" Rotation="3.14159 -0.785398 3.14159" Scale="1 1 1" Tag="" WorldPos="-4.16825 0 -11.3919">
                    <UserVariables>
                        <Var Name="CastShadows" Value="true" />
                        <Var Name="StaticPhysics" Value="false" />
                        <Var Name="IsAffectedByDecal" Value="false" />
                        <Var Name="CallbackFunc" Value="" />
                        <Var Name="ConnectedProps" Value="" />
                        <Var Name="ConnectionStateChangeCallback" Value="" />
                        <Var Name="FullGameSave" Value="false" />
                        <Var Name="PlayerLookAtCallback" Value="" />
                        <Var Name="PlayerLookAtCallbackAutoRemove" Value="false" />
                        <Var Name="PlayerInteractCallback" Value="" />
                        <Var Name="PlayerInteractCallbackAutoRemove" Value="false" />
                        <Var Name="Lit" Value="true" />
                        <Var Name="ConnectedLight" Value="" />
                        <Var Name="ConnectionLightAmount" Value="1" />
                        <Var Name="ConnectionLightUseOnColor" Value="true" />
                        <Var Name="ConnectionLightUseSpec" Value="false" />
                    </UserVariables>
                </Entity>
                <PointLight Active="true" CastShadows="false" DiffuseColor="1 0.568 0 1" FalloffMap="" FlickerActive="false" FlickerFade="false" FlickerOffColor="0 0 0 1" FlickerOffFadeMaxLength="0" FlickerOffFadeMinLength="0" FlickerOffMaxLength="0" FlickerOffMinLength="0" FlickerOffPS="" FlickerOffRadius="0" FlickerOffSound="" FlickerOnFadeMaxLength="0" FlickerOnFadeMinLength="0" FlickerOnMaxLength="0" FlickerOnMinLength="0" FlickerOnPS="" FlickerOnSound="" Gobo="" GoboAnimFrameTime="0" GoboAnimMode="None" Group="0" ID="216" Name="PointLight_8" Radius="3" Rotation="0 -0 0" Scale="1 1 1" ShadowResolution="High" ShadowsAffectDynamic="true" ShadowsAffectStatic="true" Tag="" WorldPos="-4.0444 1.87393 -11.4111" />
                <Entity Active="true" FileIndex="11" Group="0" ID="217" Name="candlestick_floor_3" Rotation="3.14159 -0.785398 3.14159" Scale="1 1 1" Tag="" WorldPos="6.39175 0 -11.6201">
                    <UserVariables>
                        <Var Name="CastShadows" Value="true" />
                        <Var Name="StaticPhysics" Value="false" />
                        <Var Name="IsAffectedByDecal" Value="false" />
                        <Var Name="CallbackFunc" Value="" />
                        <Var Name="ConnectedProps" Value="" />
                        <Var Name="ConnectionStateChangeCallback" Value="" />
                        <Var Name="FullGameSave" Value="false" />
                        <Var Name="PlayerLookAtCallback" Value="" />
                        <Var Name="PlayerLookAtCallbackAutoRemove" Value="false" />
                        <Var Name="PlayerInteractCallback" Value="" />
                        <Var Name="PlayerInteractCallbackAutoRemove" Value="false" />
                        <Var Name="Lit" Value="true" />
                        <Var Name="ConnectedLight" Value="" />
                        <Var Name="ConnectionLightAmount" Value="1" />
                        <Var Name="ConnectionLightUseOnColor" Value="true" />
                        <Var Name="ConnectionLightUseSpec" Value="false" />
                    </UserVariables>
                </Entity>
                <PointLight Active="true" CastShadows="false" DiffuseColor="1 0.568 0 1" FalloffMap="" FlickerActive="false" FlickerFade="false" FlickerOffColor="0 0 0 1" FlickerOffFadeMaxLength="0" FlickerOffFadeMinLength="0" FlickerOffMaxLength="0" FlickerOffMinLength="0" FlickerOffPS="" FlickerOffRadius="0" FlickerOffSound="" FlickerOnFadeMaxLength="0" FlickerOnFadeMinLength="0" FlickerOnMaxLength="0" FlickerOnMinLength="0" FlickerOnPS="" FlickerOnSound="" Gobo="" GoboAnimFrameTime="0" GoboAnimMode="None" Group="0" ID="218" Name="PointLight_9" Radius="3" Rotation="0 0 0" Scale="1 1 1" ShadowResolution="High" ShadowsAffectDynamic="true" ShadowsAffectStatic="true" Tag="" WorldPos="6.18632 1.87393 -11.2735" />
                <Entity Active="true" FileIndex="12" Group="0" ID="246" Name="block_box_1" Rotation="0 0 -0.943789" Scale="0.310182 10.4641 1.96121" Tag="" WorldPos="-1.66159 2.88148 -1.75">
                    <UserVariables>
                        <Var Name="CastShadows" Value="true" />
                        <Var Name="StaticPhysics" Value="false" />
                        <Var Name="IsAffectedByDecal" Value="false" />
                        <Var Name="CallbackFunc" Value="" />
                        <Var Name="ConnectedProps" Value="" />
                        <Var Name="ConnectionStateChangeCallback" Value="" />
                        <Var Name="FullGameSave" Value="false" />
                        <Var Name="PlayerLookAtCallback" Value="" />
                        <Var Name="PlayerLookAtCallbackAutoRemove" Value="false" />
                        <Var Name="PlayerInteractCallback" Value="" />
                        <Var Name="PlayerInteractCallbackAutoRemove" Value="false" />
                        <Var Name="ContainedItem" Value="None" />
                        <Var Name="DisableBreakable" Value="false" />
                        <Var Name="IsInsanityVision" Value="false" />
                        <Var Name="VisionMaxSanity" Value="30" />
                    </UserVariables>
                </Entity>
                <Entity Active="true" FileIndex="13" Group="0" ID="247" Name="fire_place_1" Rotation="0 0 0" Scale="1.5 1.5 1.5" Tag="" WorldPos="-0.346305 -0.25 -5.80368">
                    <UserVariables>
                        <Var Name="CastShadows" Value="true" />
                        <Var Name="StaticPhysics" Value="false" />
                        <Var Name="IsAffectedByDecal" Value="false" />
                        <Var Name="CallbackFunc" Value="" />
                        <Var Name="ConnectedProps" Value="" />
                        <Var Name="ConnectionStateChangeCallback" Value="" />
                        <Var Name="FullGameSave" Value="false" />
                        <Var Name="PlayerLookAtCallback" Value="" />
                        <Var Name="PlayerLookAtCallbackAutoRemove" Value="false" />
                        <Var Name="PlayerInteractCallback" Value="" />
                        <Var Name="PlayerInteractCallbackAutoRemove" Value="false" />
                        <Var Name="Lit" Value="true" />
                        <Var Name="ConnectedLight" Value="" />
                        <Var Name="ConnectionLightAmount" Value="1" />
                        <Var Name="ConnectionLightUseOnColor" Value="true" />
                        <Var Name="ConnectionLightUseSpec" Value="false" />
                    </UserVariables>
                </Entity>
                <Entity Active="true" FileIndex="15" Group="0" ID="265" Name="special_altar_static_knife_1" Rotation="3.14159 -0.214436 3.14159" Scale="1 1 1" Tag="" WorldPos="-2.46993 0.887014 -5.66118">
                    <UserVariables>
                        <Var Name="CastShadows" Value="true" />
                        <Var Name="StaticPhysics" Value="false" />
                        <Var Name="IsAffectedByDecal" Value="false" />
                        <Var Name="CallbackFunc" Value="" />
                        <Var Name="ConnectedProps" Value="" />
                        <Var Name="ConnectionStateChangeCallback" Value="" />
                        <Var Name="FullGameSave" Value="false" />
                        <Var Name="PlayerLookAtCallback" Value="" />
                        <Var Name="PlayerLookAtCallbackAutoRemove" Value="false" />
                        <Var Name="PlayerInteractCallback" Value="" />
                        <Var Name="PlayerInteractCallbackAutoRemove" Value="false" />
                        <Var Name="ContainedItem" Value="None" />
                        <Var Name="DisableBreakable" Value="false" />
                        <Var Name="IsInsanityVision" Value="false" />
                        <Var Name="VisionMaxSanity" Value="30" />
                    </UserVariables>
                </Entity>
                <Entity Active="true" FileIndex="14" Group="0" ID="269" Name="acid_container_1" Rotation="0 -4.71239 0" Scale="1 1 1" Tag="" WorldPos="-0.38947 0.334808 -5.7963">
                    <UserVariables>
                        <Var Name="CastShadows" Value="true" />
                        <Var Name="StaticPhysics" Value="false" />
                        <Var Name="IsAffectedByDecal" Value="false" />
                        <Var Name="CallbackFunc" Value="" />
                        <Var Name="ConnectedProps" Value="" />
                        <Var Name="ConnectionStateChangeCallback" Value="" />
                        <Var Name="FullGameSave" Value="false" />
                        <Var Name="PlayerLookAtCallback" Value="" />
                        <Var Name="PlayerLookAtCallbackAutoRemove" Value="false" />
                        <Var Name="PlayerInteractCallback" Value="" />
                        <Var Name="PlayerInteractCallbackAutoRemove" Value="false" />
                        <Var Name="ContainedItem" Value="None" />
                        <Var Name="DisableBreakable" Value="false" />
                        <Var Name="IsInsanityVision" Value="false" />
                        <Var Name="VisionMaxSanity" Value="30" />
                    </UserVariables>
                </Entity>
                <Entity Active="true" FileIndex="16" Group="0" ID="281" Name="lantern_1" Rotation="0 1.5708 0" Scale="1 1 1" Tag="" WorldPos="2.58627 0 -2.46948">
                    <UserVariables>
                        <Var Name="CastShadows" Value="true" />
                        <Var Name="StaticPhysics" Value="false" />
                        <Var Name="IsAffectedByDecal" Value="false" />
                        <Var Name="CallbackFunc" Value="" />
                        <Var Name="ConnectedProps" Value="" />
                        <Var Name="ConnectionStateChangeCallback" Value="" />
                        <Var Name="FullGameSave" Value="false" />
                        <Var Name="PlayerLookAtCallback" Value="" />
                        <Var Name="PlayerLookAtCallbackAutoRemove" Value="false" />
                        <Var Name="PlayerInteractCallback" Value="" />
                        <Var Name="PlayerInteractCallbackAutoRemove" Value="false" />
                        <Var Name="CustomSubItemTypeName" Value="" />
                    </UserVariables>
                </Entity>
            </Entities>
            <Misc />
            <StaticObjectCombos />
        </MapContents>
    </MapData>
</Level>
