<Level>
    <EditorSession>
        <Performance CamClipPlanes="0.05 1000" LightsActive="true" PSActive="true" ShowFog="true" ShowSkybox="true" WorldReflection="true" />
        <ViewportConfig BGColor="0.2 0.2 0.2 1" GAmbientLight="false" GPointLight="false" GridSnap="true" GridSnapSeparation="0.25" SelectedViewport="3" UsingEnlargedViewport="true">
            <Viewport CameraPosition="20.5 0 106.25" CameraTarget="20.5 0 -73.75" CameraZoom="0" GridHeight="-73.75" GridPlane="2" Preset="0" RenderMode="1" ShowAxes="true" ShowGrid="true" UsingLTCam="true" />
            <Viewport CameraPosition="200.5 0 -73.75" CameraTarget="20.5 0 -73.75" CameraZoom="0" GridHeight="20.5" GridPlane="0" Preset="1" RenderMode="1" ShowAxes="true" ShowGrid="true" UsingLTCam="true" />
            <Viewport CameraPosition="0 192 0" CameraTarget="0 12 0" CameraZoom="0" GridHeight="12" GridPlane="1" Preset="2" RenderMode="1" ShowAxes="true" ShowGrid="true" UsingLTCam="true" />
            <Viewport CameraPosition="-13.5851 15.4857 -4.27817" CameraTarget="-39.9419 2.05524 11.4783" CameraZoom="0.4" GridHeight="0" GridPlane="1" Preset="3" RenderMode="0" ShowAxes="true" ShowGrid="true" UsingLTCam="false" />
        </ViewportConfig>
        <Groups>
            <Group ID="0" Name="None" Visible="true" />
        </Groups>
    </EditorSession>
    <MapData FogActive="false" FogColor="1 1 1 1" FogCulling="true" FogEnd="20" FogFalloffExp="1" FogStart="0" GlobalDecalMaxTris="300" Name="" SkyBoxActive="false" SkyBoxColor="1 1 1 1" SkyBoxTexture="../../../../">
        <MapContents>
            <FileIndex_StaticObjects NumOfFiles="10">
                <File Id="0" Path="static_objects/cellarbase/wall/pubwallbare_01.DAE" />
                <File Id="1" Path="static_objects/cellarbase/wall/pubwallbare.DAE" />
                <File Id="2" Path="static_objects/factorybase/roof/factory_roof_01.DAE" />
                <File Id="3" Path="static_objects/factorybase/roof/factory_roof_03.DAE" />
                <File Id="4" Path="static_objects/factorybase/wall/factory_facade.DAE" />
                <File Id="5" Path="static_objects/streets/buildings/streets_windows_plain.dae" />
                <File Id="6" Path="static_objects/streets/buildings/streets_windows_plain_dirty.dae" />
                <File Id="7" Path="static_objects/streets/buildings/streets_windows_plain_white.dae" />
                <File Id="8" Path="static_objects/debris/wood/plank_2.5m.dae" />
                <File Id="9" Path="static_objects/debris/wood/plank01_4.5m.dae" />
            </FileIndex_StaticObjects>
            <FileIndex_Entities NumOfFiles="0" />
            <FileIndex_Decals NumOfFiles="0" />
            <StaticObjects>
                <StaticObject CastShadows="true" Collides="true" FileIndex="1" Group="0" ID="78" Name="wall_pubwallbare_1" Rotation="0 -0 0" Scale="1 1 1" Tag="" WorldPos="4 0 -0.5" />
                <StaticObject CastShadows="true" Collides="true" FileIndex="1" Group="0" ID="79" Name="wall_pubwallbare_2" Rotation="0 -0 0" Scale="1 1 1" Tag="" WorldPos="0 0 -0.5" />
                <StaticObject CastShadows="true" Collides="true" FileIndex="1" Group="0" ID="80" Name="wall_pubwallbare_3" Rotation="0 -0 0" Scale="1 1 1" Tag="" WorldPos="-4 0 -0.5" />
                <StaticObject CastShadows="true" Collides="true" FileIndex="1" Group="0" ID="81" Name="wall_pubwallbare_4" Rotation="0 -0 0" Scale="1 1 1" Tag="" WorldPos="-8 0 -0.5" />
                <StaticObject CastShadows="true" Collides="true" FileIndex="1" Group="0" ID="82" Name="wall_pubwallbare_5" Rotation="3.14159 -1.5708 3.14159" Scale="1 1 1" Tag="" WorldPos="-9.75 0 -14.25" />
                <StaticObject CastShadows="true" Collides="true" FileIndex="1" Group="0" ID="83" Name="wall_pubwallbare_6" Rotation="3.14159 -1.5708 3.14159" Scale="1 1 1" Tag="" WorldPos="-9.75 0 -10.25" />
                <StaticObject CastShadows="true" Collides="true" FileIndex="1" Group="0" ID="84" Name="wall_pubwallbare_7" Rotation="3.14159 -1.5708 3.14159" Scale="1 1 1" Tag="" WorldPos="-9.75 0 -6.25" />
                <StaticObject CastShadows="true" Collides="true" FileIndex="1" Group="0" ID="85" Name="wall_pubwallbare_8" Rotation="3.14159 -1.5708 3.14159" Scale="1 1 1" Tag="" WorldPos="-9.75 0 -2.25" />
                <StaticObject CastShadows="true" Collides="true" FileIndex="1" Group="0" ID="87" Name="wall_pubwallbare_9" Rotation="-3.12211 1.5708 -3.12211" Scale="1 1 1" Tag="" WorldPos="5.75 0 -2.25" />
                <StaticObject CastShadows="true" Collides="true" FileIndex="1" Group="0" ID="88" Name="wall_pubwallbare_10" Rotation="-3.12211 1.5708 -3.12211" Scale="1 1 1" Tag="" WorldPos="5.75 0 -6.25" />
                <StaticObject CastShadows="true" Collides="true" FileIndex="1" Group="0" ID="89" Name="wall_pubwallbare_11" Rotation="-3.12211 1.5708 -3.12211" Scale="1 1 1" Tag="" WorldPos="5.75 0 -10.25" />
                <StaticObject CastShadows="true" Collides="true" FileIndex="1" Group="0" ID="90" Name="wall_pubwallbare_12" Rotation="-3.12211 1.5708 -3.12211" Scale="1 1 1" Tag="" WorldPos="5.75 0 -14.25" />
                <StaticObject CastShadows="true" Collides="true" FileIndex="0" Group="0" ID="92" Name="wall_pubwallbare_13" Rotation="0 -0 0" Scale="1 1 1" Tag="" WorldPos="-8 4 -0.5" />
                <StaticObject CastShadows="true" Collides="true" FileIndex="0" Group="0" ID="93" Name="wall_pubwallbare_14" Rotation="0 -0 0" Scale="1 1 1" Tag="" WorldPos="-4 4 -0.5" />
                <StaticObject CastShadows="true" Collides="true" FileIndex="0" Group="0" ID="94" Name="wall_pubwallbare_15" Rotation="0 -0 0" Scale="1 1 1" Tag="" WorldPos="0 4 -0.5" />
                <StaticObject CastShadows="true" Collides="true" FileIndex="0" Group="0" ID="95" Name="wall_pubwallbare_16" Rotation="0 -0 0" Scale="1 1 1" Tag="" WorldPos="4 4 -0.5" />
                <StaticObject CastShadows="true" Collides="true" FileIndex="0" Group="0" ID="96" Name="wall_pubwallbare_17" Rotation="3.14159 1.5708 3.14159" Scale="1 1 1" Tag="" WorldPos="5.75 4 -14.25" />
                <StaticObject CastShadows="true" Collides="true" FileIndex="0" Group="0" ID="97" Name="wall_pubwallbare_18" Rotation="3.14159 1.5708 3.14159" Scale="1 1 1" Tag="" WorldPos="5.75 4 -2.25" />
                <StaticObject CastShadows="true" Collides="true" FileIndex="0" Group="0" ID="98" Name="wall_pubwallbare_19" Rotation="3.14159 1.5708 3.14159" Scale="1 1 1" Tag="" WorldPos="5.75 4 -10.25" />
                <StaticObject CastShadows="true" Collides="true" FileIndex="0" Group="0" ID="99" Name="wall_pubwallbare_20" Rotation="3.14159 1.5708 3.14159" Scale="1 1 1" Tag="" WorldPos="5.75 4 -6.25" />
                <StaticObject CastShadows="true" Collides="true" FileIndex="0" Group="0" ID="101" Name="wall_pubwallbare_21" Rotation="-0.0198715 -1.5708 0.0198716" Scale="1 1 1" Tag="" WorldPos="-9.75 4 -2.25" />
                <StaticObject CastShadows="true" Collides="true" FileIndex="0" Group="0" ID="102" Name="wall_pubwallbare_22" Rotation="-0.0198715 -1.5708 0.0198716" Scale="1 1 1" Tag="" WorldPos="-9.75 4 -14.25" />
                <StaticObject CastShadows="true" Collides="true" FileIndex="0" Group="0" ID="103" Name="wall_pubwallbare_23" Rotation="-0.0198715 -1.5708 0.0198716" Scale="1 1 1" Tag="" WorldPos="-9.75 4 -6.25" />
                <StaticObject CastShadows="true" Collides="true" FileIndex="0" Group="0" ID="104" Name="wall_pubwallbare_24" Rotation="-0.0198715 -1.5708 0.0198716" Scale="1 1 1" Tag="" WorldPos="-9.75 4 -10.25" />
                <StaticObject CastShadows="true" Collides="true" FileIndex="2" Group="0" ID="106" Name="roof_factory_roof_2" Rotation="0 -0 0" Scale="1 1 1" Tag="" WorldPos="-4 8.25 -0.25" />
                <StaticObject CastShadows="true" Collides="true" FileIndex="3" Group="0" ID="107" Name="roof_factory_roof_4" Rotation="0 -0 0" Scale="1 1 1" Tag="" WorldPos="-8 8.25 -0.25" />
                <StaticObject CastShadows="true" Collides="true" FileIndex="2" Group="0" ID="108" Name="roof_factory_roof_3" Rotation="0 -0 0" Scale="1 1 1" Tag="" WorldPos="0 8.25 -0.25" />
                <StaticObject CastShadows="true" Collides="true" FileIndex="3" Group="0" ID="110" Name="roof_factory_roof_5" Rotation="0 1.5708 0" Scale="1 1 1" Tag="" WorldPos="6 8.25 -2.25" />
                <StaticObject CastShadows="true" Collides="true" FileIndex="2" Group="0" ID="111" Name="roof_factory_roof_6" Rotation="0 -1.5708 0" Scale="1 1 1" Tag="" WorldPos="-10 8.25 -6.25" />
                <StaticObject CastShadows="true" Collides="true" FileIndex="2" Group="0" ID="112" Name="roof_factory_roof_7" Rotation="0 -1.5708 0" Scale="1 1 1" Tag="" WorldPos="-10 8.25 -10.25" />
                <StaticObject CastShadows="true" Collides="true" FileIndex="2" Group="0" ID="113" Name="roof_factory_roof_8" Rotation="0 -1.5708 0" Scale="1 1 1" Tag="" WorldPos="-10 8.25 -14.25" />
                <StaticObject CastShadows="true" Collides="true" FileIndex="2" Group="0" ID="114" Name="roof_factory_roof_9" Rotation="-3.12172 1.5708 -3.12172" Scale="1 1 1" Tag="" WorldPos="6 8.25 -6.25" />
                <StaticObject CastShadows="true" Collides="true" FileIndex="2" Group="0" ID="115" Name="roof_factory_roof_10" Rotation="-3.12172 1.5708 -3.12172" Scale="1 1 1" Tag="" WorldPos="6 8.25 -10.25" />
                <StaticObject CastShadows="true" Collides="true" FileIndex="2" Group="0" ID="116" Name="roof_factory_roof_11" Rotation="-3.12172 1.5708 -3.12172" Scale="1 1 1" Tag="" WorldPos="6 8.25 -14.25" />
                <StaticObject CastShadows="true" Collides="true" FileIndex="4" Group="0" ID="118" Name="wall_factory_facade_1" Rotation="0 -0 0" Scale="1 1 1" Tag="" WorldPos="-14.25 0 0" />
                <StaticObject CastShadows="true" Collides="true" FileIndex="4" Group="0" ID="119" Name="wall_factory_facade_2" Rotation="3.14159 1.5708 3.14159" Scale="1 1 1" Tag="" WorldPos="-12.25 0 -2" />
                <StaticObject CastShadows="true" Collides="true" FileIndex="4" Group="0" ID="120" Name="wall_factory_facade_3" Rotation="3.14159 1.5708 3.14159" Scale="1 1 1" Tag="" WorldPos="-12.25 0 -6" />
                <StaticObject CastShadows="true" Collides="true" FileIndex="4" Group="0" ID="121" Name="wall_factory_facade_4" Rotation="3.14159 1.5708 3.14159" Scale="1 1 1" Tag="" WorldPos="-12.25 0 -10" />
                <StaticObject CastShadows="true" Collides="true" FileIndex="4" Group="0" ID="122" Name="wall_factory_facade_5" Rotation="3.14159 2.26498e-006 3.14159" Scale="1 1 1" Tag="" WorldPos="-14.25 0 -12" />
                <StaticObject CastShadows="true" Collides="true" FileIndex="4" Group="0" ID="123" Name="wall_factory_facade_6" Rotation="3.14159 2.26498e-006 3.14159" Scale="1 1 1" Tag="" WorldPos="-18.25 0 -12" />
                <StaticObject CastShadows="true" Collides="true" FileIndex="4" Group="0" ID="124" Name="wall_factory_facade_7" Rotation="3.14159 2.26498e-006 3.14159" Scale="1 1 1" Tag="" WorldPos="-22.25 0 -12" />
                <StaticObject CastShadows="true" Collides="true" FileIndex="4" Group="0" ID="125" Name="wall_factory_facade_8" Rotation="-3.88377e-013 2.17755e-006 1.98011e-013" Scale="1 1 1" Tag="" WorldPos="-14.25 0 0" />
                <StaticObject CastShadows="true" Collides="true" FileIndex="4" Group="0" ID="126" Name="wall_factory_facade_9" Rotation="-3.88377e-013 2.17755e-006 1.98011e-013" Scale="1 1 1" Tag="" WorldPos="-18.25 0 0" />
                <StaticObject CastShadows="true" Collides="true" FileIndex="4" Group="0" ID="127" Name="wall_factory_facade_10" Rotation="-3.88377e-013 2.17755e-006 1.98011e-013" Scale="1 1 1" Tag="" WorldPos="-22.25 0 0" />
                <StaticObject CastShadows="true" Collides="true" FileIndex="4" Group="0" ID="128" Name="wall_factory_facade_11" Rotation="-0.0198715 -1.5708 0.0198716" Scale="1 1 1" Tag="" WorldPos="-24.25 0 -2" />
                <StaticObject CastShadows="true" Collides="true" FileIndex="4" Group="0" ID="129" Name="wall_factory_facade_12" Rotation="-0.0198715 -1.5708 0.0198716" Scale="1 1 1" Tag="" WorldPos="-24.25 0 -6" />
                <StaticObject CastShadows="true" Collides="true" FileIndex="4" Group="0" ID="130" Name="wall_factory_facade_13" Rotation="-0.0198715 -1.5708 0.0198716" Scale="1 1 1" Tag="" WorldPos="-24.25 0 -10" />
                <StaticObject CastShadows="true" Collides="true" FileIndex="4" Group="0" ID="132" Name="wall_factory_facade_14" Rotation="-3.88377e-013 2.17755e-006 1.98011e-013" Scale="1 1 1" Tag="" WorldPos="-14.25 4 0" />
                <StaticObject CastShadows="true" Collides="true" FileIndex="4" Group="0" ID="133" Name="wall_factory_facade_15" Rotation="-3.88377e-013 2.17755e-006 1.98011e-013" Scale="1 1 1" Tag="" WorldPos="-18.25 4 0" />
                <StaticObject CastShadows="true" Collides="true" FileIndex="4" Group="0" ID="134" Name="wall_factory_facade_16" Rotation="-3.88377e-013 2.17755e-006 1.98011e-013" Scale="1 1 1" Tag="" WorldPos="-22.25 4 0" />
                <StaticObject CastShadows="true" Collides="true" FileIndex="4" Group="0" ID="135" Name="wall_factory_facade_17" Rotation="-0.0198715 -1.5708 0.0198716" Scale="1 1 1" Tag="" WorldPos="-24.25 4 -2" />
                <StaticObject CastShadows="true" Collides="true" FileIndex="4" Group="0" ID="136" Name="wall_factory_facade_18" Rotation="-0.0198715 -1.5708 0.0198716" Scale="1 1 1" Tag="" WorldPos="-24.25 4 -6" />
                <StaticObject CastShadows="true" Collides="true" FileIndex="4" Group="0" ID="137" Name="wall_factory_facade_19" Rotation="-0.0198715 -1.5708 0.0198716" Scale="1 1 1" Tag="" WorldPos="-24.25 4 -10" />
                <StaticObject CastShadows="true" Collides="true" FileIndex="4" Group="0" ID="138" Name="wall_factory_facade_20" Rotation="3.14159 2.26498e-006 3.14159" Scale="1 1 1" Tag="" WorldPos="-22.25 4 -12" />
                <StaticObject CastShadows="true" Collides="true" FileIndex="4" Group="0" ID="139" Name="wall_factory_facade_21" Rotation="3.14159 2.26498e-006 3.14159" Scale="1 1 1" Tag="" WorldPos="-18.25 4 -12" />
                <StaticObject CastShadows="true" Collides="true" FileIndex="4" Group="0" ID="140" Name="wall_factory_facade_22" Rotation="3.14159 2.26498e-006 3.14159" Scale="1 1 1" Tag="" WorldPos="-14.25 4 -12" />
                <StaticObject CastShadows="true" Collides="true" FileIndex="4" Group="0" ID="141" Name="wall_factory_facade_23" Rotation="3.14159 1.5708 3.14159" Scale="1 1 1" Tag="" WorldPos="-12.25 4 -10" />
                <StaticObject CastShadows="true" Collides="true" FileIndex="4" Group="0" ID="142" Name="wall_factory_facade_24" Rotation="3.14159 1.5708 3.14159" Scale="1 1 1" Tag="" WorldPos="-12.25 4 -6" />
                <StaticObject CastShadows="true" Collides="true" FileIndex="4" Group="0" ID="143" Name="wall_factory_facade_25" Rotation="3.14159 1.5708 3.14159" Scale="1 1 1" Tag="" WorldPos="-12.25 4 -2" />
                <StaticObject CastShadows="true" Collides="true" FileIndex="3" Group="0" ID="144" Name="roof_factory_roof_12" Rotation="0 -0 0" Scale="1 1 1" Tag="" WorldPos="-22.25 8 0" />
                <StaticObject CastShadows="true" Collides="true" FileIndex="2" Group="0" ID="145" Name="roof_factory_roof_13" Rotation="0 -0 0" Scale="1 1 1" Tag="" WorldPos="-18.25 8 0" />
                <StaticObject CastShadows="true" Collides="true" FileIndex="3" Group="0" ID="146" Name="roof_factory_roof_14" Rotation="0 1.5708 0" Scale="1 1 1" Tag="" WorldPos="-12.25 8 -2" />
                <StaticObject CastShadows="true" Collides="true" FileIndex="3" Group="0" ID="147" Name="roof_factory_roof_15" Rotation="-0.0194844 -1.5708 0.0194845" Scale="1 1 1" Tag="" WorldPos="-24.25 8 -10" />
                <StaticObject CastShadows="true" Collides="true" FileIndex="2" Group="0" ID="148" Name="roof_factory_roof_16" Rotation="-3.14159 -4.44253e-006 -3.14159" Scale="1 1 1" Tag="" WorldPos="-18.25 8 -12" />
                <StaticObject CastShadows="true" Collides="true" FileIndex="3" Group="0" ID="149" Name="roof_factory_roof_17" Rotation="-3.14159 -4.44253e-006 -3.14159" Scale="1 1 1" Tag="" WorldPos="-14.25 8 -12" />
                <StaticObject CastShadows="true" Collides="true" FileIndex="2" Group="0" ID="151" Name="roof_factory_roof_18" Rotation="0 -1.5708 0" Scale="1 1 1" Tag="" WorldPos="-24.25 8 -6" />
                <StaticObject CastShadows="true" Collides="true" FileIndex="2" Group="0" ID="152" Name="roof_factory_roof_19" Rotation="-3.12172 1.5708 -3.12172" Scale="1 1 1" Tag="" WorldPos="-12.25 8 -6" />
                <StaticObject CastShadows="true" Collides="true" FileIndex="5" Group="0" ID="156" Name="buildings_streets_windows_plain_1" Rotation="3.14159 -1.5708 3.14159" Scale="1 1 1" Tag="" WorldPos="-43 0 5" />
                <StaticObject CastShadows="true" Collides="true" FileIndex="5" Group="0" ID="157" Name="buildings_streets_windows_plain_2" Rotation="3.14159 -1.5708 3.14159" Scale="1 1 1" Tag="" WorldPos="-43 0 9" />
                <StaticObject CastShadows="true" Collides="true" FileIndex="5" Group="0" ID="158" Name="buildings_streets_windows_plain_3" Rotation="3.14159 -1.5708 3.14159" Scale="1 1 1" Tag="" WorldPos="-43 0 1" />
                <StaticObject CastShadows="true" Collides="true" FileIndex="5" Group="0" ID="159" Name="buildings_streets_windows_plain_4" Rotation="3.14159 -1.5708 3.14159" Scale="1 1 1" Tag="" WorldPos="-43 0 -3" />
                <StaticObject CastShadows="true" Collides="true" FileIndex="5" Group="0" ID="160" Name="buildings_streets_windows_plain_5" Rotation="3.14159 -1.5708 3.14159" Scale="1 1 1" Tag="" WorldPos="-43 0 17" />
                <StaticObject CastShadows="true" Collides="true" FileIndex="5" Group="0" ID="162" Name="buildings_streets_windows_plain_7" Rotation="3.14159 -1.5708 3.14159" Scale="1 1 1" Tag="" WorldPos="-43 0 25" />
                <StaticObject CastShadows="true" Collides="true" FileIndex="5" Group="0" ID="163" Name="buildings_streets_windows_plain_8" Rotation="3.14159 -1.5708 3.14159" Scale="1 1 1" Tag="" WorldPos="-43 0 21" />
                <StaticObject CastShadows="true" Collides="true" FileIndex="5" Group="0" ID="164" Name="buildings_streets_windows_plain_9" Rotation="3.14159 -1.5708 3.14159" Scale="1 1 1" Tag="" WorldPos="-43 0 29" />
                <StaticObject CastShadows="true" Collides="true" FileIndex="5" Group="0" ID="165" Name="buildings_streets_windows_plain_10" Rotation="3.14159 -1.5708 3.14159" Scale="1 1 1" Tag="" WorldPos="-43 0 37" />
                <StaticObject CastShadows="true" Collides="true" FileIndex="5" Group="0" ID="166" Name="buildings_streets_windows_plain_11" Rotation="3.14159 -1.5708 3.14159" Scale="1 1 1" Tag="" WorldPos="-43 0 33" />
                <StaticObject CastShadows="true" Collides="true" FileIndex="5" Group="0" ID="167" Name="buildings_streets_windows_plain_12" Rotation="3.14159 -1.5708 3.14159" Scale="1 1 1" Tag="" WorldPos="-43 0 -11" />
                <StaticObject CastShadows="true" Collides="true" FileIndex="5" Group="0" ID="168" Name="buildings_streets_windows_plain_13" Rotation="3.14159 -1.5708 3.14159" Scale="1 1 1" Tag="" WorldPos="-43 0 -7" />
                <StaticObject CastShadows="true" Collides="true" FileIndex="5" Group="0" ID="169" Name="buildings_streets_windows_plain_14" Rotation="3.14159 -1.5708 3.14159" Scale="1 1 1" Tag="" WorldPos="-43 4 37" />
                <StaticObject CastShadows="true" Collides="true" FileIndex="5" Group="0" ID="170" Name="buildings_streets_windows_plain_15" Rotation="3.14159 -1.5708 3.14159" Scale="1 1 1" Tag="" WorldPos="-43 4 33" />
                <StaticObject CastShadows="true" Collides="true" FileIndex="5" Group="0" ID="171" Name="buildings_streets_windows_plain_16" Rotation="3.14159 -1.5708 3.14159" Scale="1 1 1" Tag="" WorldPos="-43 4 29" />
                <StaticObject CastShadows="true" Collides="true" FileIndex="5" Group="0" ID="172" Name="buildings_streets_windows_plain_17" Rotation="3.14159 -1.5708 3.14159" Scale="1 1 1" Tag="" WorldPos="-43 4 25" />
                <StaticObject CastShadows="true" Collides="true" FileIndex="5" Group="0" ID="173" Name="buildings_streets_windows_plain_18" Rotation="3.14159 -1.5708 3.14159" Scale="1 1 1" Tag="" WorldPos="-43 4 21" />
                <StaticObject CastShadows="true" Collides="true" FileIndex="5" Group="0" ID="174" Name="buildings_streets_windows_plain_19" Rotation="3.14159 -1.5708 3.14159" Scale="1 1 1" Tag="" WorldPos="-43 4 17" />
                <StaticObject CastShadows="true" Collides="true" FileIndex="5" Group="0" ID="175" Name="buildings_streets_windows_plain_20" Rotation="3.14159 -1.5708 3.14159" Scale="1 1 1" Tag="" WorldPos="-43 4 13" />
                <StaticObject CastShadows="true" Collides="true" FileIndex="5" Group="0" ID="176" Name="buildings_streets_windows_plain_21" Rotation="3.14159 -1.5708 3.14159" Scale="1 1 1" Tag="" WorldPos="-43 4 9" />
                <StaticObject CastShadows="true" Collides="true" FileIndex="5" Group="0" ID="177" Name="buildings_streets_windows_plain_22" Rotation="3.14159 -1.5708 3.14159" Scale="1 1 1" Tag="" WorldPos="-43 4 5" />
                <StaticObject CastShadows="true" Collides="true" FileIndex="5" Group="0" ID="178" Name="buildings_streets_windows_plain_23" Rotation="3.14159 -1.5708 3.14159" Scale="1 1 1" Tag="" WorldPos="-43 4 1" />
                <StaticObject CastShadows="true" Collides="true" FileIndex="5" Group="0" ID="179" Name="buildings_streets_windows_plain_24" Rotation="3.14159 -1.5708 3.14159" Scale="1 1 1" Tag="" WorldPos="-43 4 -3" />
                <StaticObject CastShadows="true" Collides="true" FileIndex="5" Group="0" ID="180" Name="buildings_streets_windows_plain_25" Rotation="3.14159 -1.5708 3.14159" Scale="1 1 1" Tag="" WorldPos="-43 4 -7" />
                <StaticObject CastShadows="true" Collides="true" FileIndex="5" Group="0" ID="181" Name="buildings_streets_windows_plain_26" Rotation="3.14159 -1.5708 3.14159" Scale="1 1 1" Tag="" WorldPos="-43 4 -11" />
                <StaticObject CastShadows="true" Collides="true" FileIndex="5" Group="0" ID="182" Name="buildings_streets_windows_plain_27" Rotation="3.14159 -1.5708 3.14159" Scale="1 1 1" Tag="" WorldPos="-43 8 37" />
                <StaticObject CastShadows="true" Collides="true" FileIndex="5" Group="0" ID="183" Name="buildings_streets_windows_plain_28" Rotation="3.14159 -1.5708 3.14159" Scale="1 1 1" Tag="" WorldPos="-43 8 33" />
                <StaticObject CastShadows="true" Collides="true" FileIndex="5" Group="0" ID="184" Name="buildings_streets_windows_plain_29" Rotation="3.14159 -1.5708 3.14159" Scale="1 1 1" Tag="" WorldPos="-43 8 29" />
                <StaticObject CastShadows="true" Collides="true" FileIndex="5" Group="0" ID="185" Name="buildings_streets_windows_plain_30" Rotation="3.14159 -1.5708 3.14159" Scale="1 1 1" Tag="" WorldPos="-43 8 25" />
                <StaticObject CastShadows="true" Collides="true" FileIndex="5" Group="0" ID="186" Name="buildings_streets_windows_plain_31" Rotation="3.14159 -1.5708 3.14159" Scale="1 1 1" Tag="" WorldPos="-43 8 21" />
                <StaticObject CastShadows="true" Collides="true" FileIndex="5" Group="0" ID="187" Name="buildings_streets_windows_plain_32" Rotation="3.14159 -1.5708 3.14159" Scale="1 1 1" Tag="" WorldPos="-43 8 17" />
                <StaticObject CastShadows="true" Collides="true" FileIndex="5" Group="0" ID="188" Name="buildings_streets_windows_plain_33" Rotation="3.14159 -1.5708 3.14159" Scale="1 1 1" Tag="" WorldPos="-43 8 13" />
                <StaticObject CastShadows="true" Collides="true" FileIndex="5" Group="0" ID="189" Name="buildings_streets_windows_plain_34" Rotation="3.14159 -1.5708 3.14159" Scale="1 1 1" Tag="" WorldPos="-43 8 9" />
                <StaticObject CastShadows="true" Collides="true" FileIndex="5" Group="0" ID="190" Name="buildings_streets_windows_plain_35" Rotation="3.14159 -1.5708 3.14159" Scale="1 1 1" Tag="" WorldPos="-43 8 5" />
                <StaticObject CastShadows="true" Collides="true" FileIndex="5" Group="0" ID="191" Name="buildings_streets_windows_plain_36" Rotation="3.14159 -1.5708 3.14159" Scale="1 1 1" Tag="" WorldPos="-43 8 1" />
                <StaticObject CastShadows="true" Collides="true" FileIndex="5" Group="0" ID="192" Name="buildings_streets_windows_plain_37" Rotation="3.14159 -1.5708 3.14159" Scale="1 1 1" Tag="" WorldPos="-43 8 -3" />
                <StaticObject CastShadows="true" Collides="true" FileIndex="5" Group="0" ID="193" Name="buildings_streets_windows_plain_38" Rotation="3.14159 -1.5708 3.14159" Scale="1 1 1" Tag="" WorldPos="-43 8 -7" />
                <StaticObject CastShadows="true" Collides="true" FileIndex="5" Group="0" ID="194" Name="buildings_streets_windows_plain_39" Rotation="3.14159 -1.5708 3.14159" Scale="1 1 1" Tag="" WorldPos="-43 8 -11" />
                <StaticObject CastShadows="true" Collides="true" FileIndex="5" Group="0" ID="195" Name="buildings_streets_windows_plain_40" Rotation="3.14159 -1.5708 3.14159" Scale="1 1 1" Tag="" WorldPos="-43 12 37" />
                <StaticObject CastShadows="true" Collides="true" FileIndex="5" Group="0" ID="196" Name="buildings_streets_windows_plain_41" Rotation="3.14159 -1.5708 3.14159" Scale="1 1 1" Tag="" WorldPos="-43 12 33" />
                <StaticObject CastShadows="true" Collides="true" FileIndex="5" Group="0" ID="197" Name="buildings_streets_windows_plain_42" Rotation="3.14159 -1.5708 3.14159" Scale="1 1 1" Tag="" WorldPos="-43 12 29" />
                <StaticObject CastShadows="true" Collides="true" FileIndex="5" Group="0" ID="198" Name="buildings_streets_windows_plain_43" Rotation="3.14159 -1.5708 3.14159" Scale="1 1 1" Tag="" WorldPos="-43 12 25" />
                <StaticObject CastShadows="true" Collides="true" FileIndex="5" Group="0" ID="199" Name="buildings_streets_windows_plain_44" Rotation="3.14159 -1.5708 3.14159" Scale="1 1 1" Tag="" WorldPos="-43 12 21" />
                <StaticObject CastShadows="true" Collides="true" FileIndex="5" Group="0" ID="200" Name="buildings_streets_windows_plain_45" Rotation="3.14159 -1.5708 3.14159" Scale="1 1 1" Tag="" WorldPos="-43 12 17" />
                <StaticObject CastShadows="true" Collides="true" FileIndex="5" Group="0" ID="201" Name="buildings_streets_windows_plain_46" Rotation="3.14159 -1.5708 3.14159" Scale="1 1 1" Tag="" WorldPos="-43 12 13" />
                <StaticObject CastShadows="true" Collides="true" FileIndex="5" Group="0" ID="202" Name="buildings_streets_windows_plain_47" Rotation="3.14159 -1.5708 3.14159" Scale="1 1 1" Tag="" WorldPos="-43 12 9" />
                <StaticObject CastShadows="true" Collides="true" FileIndex="5" Group="0" ID="203" Name="buildings_streets_windows_plain_48" Rotation="3.14159 -1.5708 3.14159" Scale="1 1 1" Tag="" WorldPos="-43 12 5" />
                <StaticObject CastShadows="true" Collides="true" FileIndex="5" Group="0" ID="204" Name="buildings_streets_windows_plain_49" Rotation="3.14159 -1.5708 3.14159" Scale="1 1 1" Tag="" WorldPos="-43 12 1" />
                <StaticObject CastShadows="true" Collides="true" FileIndex="5" Group="0" ID="205" Name="buildings_streets_windows_plain_50" Rotation="3.14159 -1.5708 3.14159" Scale="1 1 1" Tag="" WorldPos="-43 12 -3" />
                <StaticObject CastShadows="true" Collides="true" FileIndex="5" Group="0" ID="206" Name="buildings_streets_windows_plain_51" Rotation="3.14159 -1.5708 3.14159" Scale="1 1 1" Tag="" WorldPos="-43 12 -7" />
                <StaticObject CastShadows="true" Collides="true" FileIndex="5" Group="0" ID="207" Name="buildings_streets_windows_plain_52" Rotation="3.14159 -1.5708 3.14159" Scale="1 1 1" Tag="" WorldPos="-43 12 -11" />
                <StaticObject CastShadows="true" Collides="true" FileIndex="6" Group="0" ID="209" Name="buildings_streets_windows_plain_dirty_1" Rotation="0 0 0" Scale="1 1 1" Tag="" WorldPos="-17.5 0 11" />
                <StaticObject CastShadows="true" Collides="true" FileIndex="6" Group="0" ID="210" Name="buildings_streets_windows_plain_dirty_2" Rotation="0 0 0" Scale="1 1 1" Tag="" WorldPos="-13.5 0 11" />
                <StaticObject CastShadows="true" Collides="true" FileIndex="6" Group="0" ID="211" Name="buildings_streets_windows_plain_dirty_3" Rotation="0 0 0" Scale="1 1 1" Tag="" WorldPos="-9.5 0 11" />
                <StaticObject CastShadows="true" Collides="true" FileIndex="6" Group="0" ID="212" Name="buildings_streets_windows_plain_dirty_4" Rotation="0 0 0" Scale="1 1 1" Tag="" WorldPos="-5.5 0 11" />
                <StaticObject CastShadows="true" Collides="true" FileIndex="6" Group="0" ID="213" Name="buildings_streets_windows_plain_dirty_5" Rotation="3.14159 -1.5708 3.14159" Scale="1 1 1" Tag="" WorldPos="-5.5 0 27" />
                <StaticObject CastShadows="true" Collides="true" FileIndex="6" Group="0" ID="214" Name="buildings_streets_windows_plain_dirty_6" Rotation="3.14159 -1.5708 3.14159" Scale="1 1 1" Tag="" WorldPos="-5.5 0 23" />
                <StaticObject CastShadows="true" Collides="true" FileIndex="6" Group="0" ID="215" Name="buildings_streets_windows_plain_dirty_7" Rotation="3.14159 -1.5708 3.14159" Scale="1 1 1" Tag="" WorldPos="-5.5 0 19" />
                <StaticObject CastShadows="true" Collides="true" FileIndex="6" Group="0" ID="216" Name="buildings_streets_windows_plain_dirty_8" Rotation="3.14159 -1.5708 3.14159" Scale="1 1 1" Tag="" WorldPos="-5.5 0 15" />
                <StaticObject CastShadows="true" Collides="true" FileIndex="6" Group="0" ID="218" Name="buildings_streets_windows_plain_dirty_9" Rotation="-3.05774 1.5708 -3.05774" Scale="1 1 1" Tag="" WorldPos="-21.5 0 11" />
                <StaticObject CastShadows="true" Collides="true" FileIndex="6" Group="0" ID="219" Name="buildings_streets_windows_plain_dirty_10" Rotation="-3.05774 1.5708 -3.05774" Scale="1 1 1" Tag="" WorldPos="-21.5 0 15" />
                <StaticObject CastShadows="true" Collides="true" FileIndex="6" Group="0" ID="220" Name="buildings_streets_windows_plain_dirty_11" Rotation="-3.05774 1.5708 -3.05774" Scale="1 1 1" Tag="" WorldPos="-21.5 0 19" />
                <StaticObject CastShadows="true" Collides="true" FileIndex="6" Group="0" ID="221" Name="buildings_streets_windows_plain_dirty_12" Rotation="-3.05774 1.5708 -3.05774" Scale="1 1 1" Tag="" WorldPos="-21.5 0 23" />
                <StaticObject CastShadows="true" Collides="true" FileIndex="7" Group="0" ID="225" Name="buildings_streets_windows_plain_white_1" Rotation="3.14159 1.5708 3.14159" Scale="1 1 1" Tag="" WorldPos="-1.5 0 14.75" />
                <StaticObject CastShadows="true" Collides="true" FileIndex="7" Group="0" ID="227" Name="buildings_streets_windows_plain_white_2" Rotation="3.14159 1.5708 3.14159" Scale="1 1 1" Tag="" WorldPos="-1.5 0 18.75" />
                <StaticObject CastShadows="true" Collides="true" FileIndex="7" Group="0" ID="228" Name="buildings_streets_windows_plain_white_3" Rotation="3.14159 1.5708 3.14159" Scale="1 1 1" Tag="" WorldPos="-1.5 0 22.75" />
                <StaticObject CastShadows="true" Collides="true" FileIndex="7" Group="0" ID="229" Name="buildings_streets_windows_plain_white_4" Rotation="-1.67037e-022 -8.74228e-008 3.82137e-015" Scale="1 1 1" Tag="" WorldPos="2.5 0 14.75" />
                <StaticObject CastShadows="true" Collides="true" FileIndex="7" Group="0" ID="230" Name="buildings_streets_windows_plain_white_5" Rotation="-1.67037e-022 -8.74228e-008 3.82137e-015" Scale="1 1 1" Tag="" WorldPos="6.5 0 14.75" />
                <StaticObject CastShadows="true" Collides="true" FileIndex="7" Group="0" ID="231" Name="buildings_streets_windows_plain_white_6" Rotation="-1.67037e-022 -8.74228e-008 3.82137e-015" Scale="1 1 1" Tag="" WorldPos="10.5 0 14.75" />
                <StaticObject CastShadows="true" Collides="true" FileIndex="7" Group="0" ID="235" Name="buildings_streets_windows_plain_white_7" Rotation="-3.14159 -1.5708 3.14159" Scale="1 1 1" Tag="" WorldPos="10.5 0 18.75" />
                <StaticObject CastShadows="true" Collides="true" FileIndex="7" Group="0" ID="236" Name="buildings_streets_windows_plain_white_8" Rotation="-3.14159 -1.5708 3.14159" Scale="1 1 1" Tag="" WorldPos="10.5 0 22.75" />
                <StaticObject CastShadows="true" Collides="true" FileIndex="7" Group="0" ID="238" Name="buildings_streets_windows_plain_white_9" Rotation="-3.14159 -1.5708 3.14159" Scale="1 1 1" Tag="" WorldPos="10.5 0 26.75" />
                <StaticObject CastShadows="true" Collides="true" FileIndex="7" Group="0" ID="239" Name="buildings_streets_windows_plain_white_10" Rotation="3.14159 1.5708 3.14159" Scale="1 1 1" Tag="" WorldPos="-1.5 4 22.75" />
                <StaticObject CastShadows="true" Collides="true" FileIndex="7" Group="0" ID="240" Name="buildings_streets_windows_plain_white_11" Rotation="3.14159 1.5708 3.14159" Scale="1 1 1" Tag="" WorldPos="-1.5 4 18.75" />
                <StaticObject CastShadows="true" Collides="true" FileIndex="7" Group="0" ID="241" Name="buildings_streets_windows_plain_white_12" Rotation="3.14159 1.5708 3.14159" Scale="1 1 1" Tag="" WorldPos="-1.5 4 14.75" />
                <StaticObject CastShadows="true" Collides="true" FileIndex="7" Group="0" ID="242" Name="buildings_streets_windows_plain_white_13" Rotation="-1.67037e-022 -8.74228e-008 3.82137e-015" Scale="1 1 1" Tag="" WorldPos="2.5 4 14.75" />
                <StaticObject CastShadows="true" Collides="true" FileIndex="7" Group="0" ID="243" Name="buildings_streets_windows_plain_white_14" Rotation="-1.67037e-022 -8.74228e-008 3.82137e-015" Scale="1 1 1" Tag="" WorldPos="6.5 4 14.75" />
                <StaticObject CastShadows="true" Collides="true" FileIndex="7" Group="0" ID="244" Name="buildings_streets_windows_plain_white_15" Rotation="-1.67037e-022 -8.74228e-008 3.82137e-015" Scale="1 1 1" Tag="" WorldPos="10.5 4 14.75" />
                <StaticObject CastShadows="true" Collides="true" FileIndex="7" Group="0" ID="245" Name="buildings_streets_windows_plain_white_16" Rotation="-3.14159 -1.5708 3.14159" Scale="1 1 1" Tag="" WorldPos="10.5 4 26.75" />
                <StaticObject CastShadows="true" Collides="true" FileIndex="7" Group="0" ID="246" Name="buildings_streets_windows_plain_white_17" Rotation="-3.14159 -1.5708 3.14159" Scale="1 1 1" Tag="" WorldPos="10.5 4 22.75" />
                <StaticObject CastShadows="true" Collides="true" FileIndex="7" Group="0" ID="247" Name="buildings_streets_windows_plain_white_18" Rotation="-3.14159 -1.5708 3.14159" Scale="1 1 1" Tag="" WorldPos="10.5 4 18.75" />
                <StaticObject CastShadows="true" Collides="true" FileIndex="3" Group="0" ID="248" Name="roof_factory_roof_20" Rotation="-3.14159 -4.44253e-006 -3.14159" Scale="1 1 1" Tag="" WorldPos="8.5 8 14.75" />
                <StaticObject CastShadows="true" Collides="true" FileIndex="2" Group="0" ID="249" Name="roof_factory_roof_21" Rotation="-3.14159 -4.44253e-006 -3.14159" Scale="1 1 1" Tag="" WorldPos="4.5 8 14.75" />
                <StaticObject CastShadows="true" Collides="true" FileIndex="3" Group="0" ID="250" Name="roof_factory_roof_22" Rotation="-0.0194844 -1.5708 0.0194845" Scale="1 1 1" Tag="" WorldPos="-1.5 8 16.75" />
                <StaticObject CastShadows="true" Collides="true" FileIndex="3" Group="0" ID="252" Name="roof_factory_roof_23" Rotation="6.35724e-008 8.88506e-006 -6.35734e-008" Scale="1 1 1" Tag="" WorldPos="0.5 8 26.75" />
                <StaticObject CastShadows="true" Collides="true" FileIndex="2" Group="0" ID="253" Name="roof_factory_roof_24" Rotation="6.35724e-008 8.88506e-006 -6.35734e-008" Scale="1 1 1" Tag="" WorldPos="4.5 8 26.75" />
                <StaticObject CastShadows="true" Collides="true" FileIndex="3" Group="0" ID="254" Name="roof_factory_roof_25" Rotation="-3.12153 1.5708 -3.12153" Scale="1 1 1" Tag="" WorldPos="10.5 8 24.75" />
                <StaticObject CastShadows="true" Collides="true" FileIndex="2" Group="0" ID="256" Name="roof_factory_roof_26" Rotation="-3.13447 1.5708 -3.13447" Scale="1 1 1" Tag="" WorldPos="10.5 8 20.75" />
                <StaticObject CastShadows="true" Collides="true" FileIndex="2" Group="0" ID="258" Name="roof_factory_roof_27" Rotation="-0.0199423 -1.5708 0.0199423" Scale="1 1 1" Tag="" WorldPos="-1.5 8 20.75" />
                <StaticObject CastShadows="true" Collides="true" FileIndex="3" Group="0" ID="260" Name="roof_factory_roof_28" Rotation="-0.0194844 -1.5708 0.0194845" Scale="1 1 1" Tag="" WorldPos="-21.5 4 13" />
                <StaticObject CastShadows="true" Collides="true" FileIndex="3" Group="0" ID="261" Name="roof_factory_roof_29" Rotation="-3.14159 -4.44253e-006 -3.14159" Scale="1 1 1" Tag="" WorldPos="-7.5 4 11" />
                <StaticObject CastShadows="true" Collides="true" FileIndex="2" Group="0" ID="262" Name="roof_factory_roof_30" Rotation="-3.14159 -4.44253e-006 -3.14159" Scale="1 1 1" Tag="" WorldPos="-11.5 4 11" />
                <StaticObject CastShadows="true" Collides="true" FileIndex="2" Group="0" ID="263" Name="roof_factory_roof_31" Rotation="-3.14159 -4.44253e-006 -3.14159" Scale="1 1 1" Tag="" WorldPos="-15.5 4 11" />
                <StaticObject CastShadows="true" Collides="true" FileIndex="2" Group="0" ID="264" Name="roof_factory_roof_32" Rotation="6.35724e-008 8.88506e-006 -6.35734e-008" Scale="1 1 1" Tag="" WorldPos="-11.5 4 27" />
                <StaticObject CastShadows="true" Collides="true" FileIndex="2" Group="0" ID="265" Name="roof_factory_roof_33" Rotation="6.35724e-008 8.88506e-006 -6.35734e-008" Scale="1 1 1" Tag="" WorldPos="-15.5 4 27" />
                <StaticObject CastShadows="true" Collides="true" FileIndex="3" Group="0" ID="266" Name="roof_factory_roof_34" Rotation="6.35724e-008 8.88506e-006 -6.35734e-008" Scale="1 1 1" Tag="" WorldPos="-19.5 4 27" />
                <StaticObject CastShadows="true" Collides="true" FileIndex="3" Group="0" ID="267" Name="roof_factory_roof_35" Rotation="-3.12153 1.5708 -3.12153" Scale="1 1 1" Tag="" WorldPos="-5.5 4 25" />
                <StaticObject CastShadows="true" Collides="true" FileIndex="2" Group="0" ID="269" Name="roof_factory_roof_36" Rotation="-3.10728 1.5708 -3.10728" Scale="1 1 1" Tag="" WorldPos="-5.5 4 21" />
                <StaticObject CastShadows="true" Collides="true" FileIndex="2" Group="0" ID="270" Name="roof_factory_roof_37" Rotation="-3.10728 1.5708 -3.10728" Scale="1 1 1" Tag="" WorldPos="-5.5 4 17" />
                <StaticObject CastShadows="true" Collides="true" FileIndex="2" Group="0" ID="272" Name="roof_factory_roof_38" Rotation="-0.0880827 -1.5708 0.0880827" Scale="1 1 1" Tag="" WorldPos="-21.5 4 17" />
                <StaticObject CastShadows="true" Collides="true" FileIndex="2" Group="0" ID="273" Name="roof_factory_roof_39" Rotation="-0.0880827 -1.5708 0.0880827" Scale="1 1 1" Tag="" WorldPos="-21.5 4 21" />
                <StaticObject CastShadows="true" Collides="true" FileIndex="8" Group="0" ID="275" Name="wood_plank_2.5m_1" Rotation="-1.5708 2.26498e-006 -1.5708" Scale="0.5 0.5 0.5" Tag="" WorldPos="-21.7774 0.5 16.5" />
                <StaticObject CastShadows="true" Collides="true" FileIndex="9" Group="0" ID="276" Name="wood_plank01_4.5m_1" Rotation="-1.57079 0 0" Scale="0.5 0.5 0.5" Tag="" WorldPos="-22.7774 1 16.5" />
                <StaticObject CastShadows="true" Collides="true" FileIndex="8" Group="0" ID="277" Name="wood_plank_2.5m_2" Rotation="-1.5708 2.26498e-006 -1.5708" Scale="0.5 0.5 0.5" Tag="" WorldPos="-23.7774 0.5 16.5" />
                <StaticObject CastShadows="true" Collides="true" FileIndex="9" Group="0" ID="278" Name="wood_plank01_4.5m_2" Rotation="-1.57079 0.205451 0" Scale="0.5 0.5 0.5" Tag="" WorldPos="-25.0754 1 16.7641" />
                <StaticObject CastShadows="true" Collides="true" FileIndex="8" Group="0" ID="279" Name="wood_plank_2.5m_3" Rotation="-1.77625 2.23274e-006 -1.5708" Scale="0.5 0.5 0.5" Tag="" WorldPos="-24.0965 0.5 16.5601" />
                <StaticObject CastShadows="true" Collides="true" FileIndex="8" Group="0" ID="280" Name="wood_plank_2.5m_4" Rotation="-1.77625 2.23274e-006 -1.5708" Scale="0.5 0.5 0.5" Tag="" WorldPos="-26.0544 0.5 16.9681" />
                <StaticObject CastShadows="true" Collides="true" FileIndex="9" Group="0" ID="282" Name="wood_plank01_4.5m_3" Rotation="-1.57079 0.427929 0" Scale="0.5 0.5 0.5" Tag="" WorldPos="-27.2952 1 17.5066" />
                <StaticObject CastShadows="true" Collides="true" FileIndex="8" Group="0" ID="283" Name="wood_plank_2.5m_5" Rotation="-1.99873 2.08916e-006 -1.5708" Scale="0.5 0.5 0.5" Tag="" WorldPos="-26.3854 0.5 17.0916" />
                <StaticObject CastShadows="true" Collides="true" FileIndex="8" Group="0" ID="284" Name="wood_plank_2.5m_6" Rotation="-1.99873 2.08916e-006 -1.5708" Scale="0.5 0.5 0.5" Tag="" WorldPos="-28.205 0.5 17.9216" />
                <StaticObject CastShadows="true" Collides="true" FileIndex="9" Group="0" ID="286" Name="wood_plank01_4.5m_4" Rotation="-1.57079 0.427929 0" Scale="0.5 0.5 0.5" Tag="" WorldPos="-29.4099 1 18.4552" />
                <StaticObject CastShadows="true" Collides="true" FileIndex="8" Group="0" ID="287" Name="wood_plank_2.5m_7" Rotation="-1.99873 2.08916e-006 -1.5708" Scale="0.5 0.5 0.5" Tag="" WorldPos="-28.5001 0.5 18.0402" />
                <StaticObject CastShadows="true" Collides="true" FileIndex="8" Group="0" ID="288" Name="wood_plank_2.5m_8" Rotation="-1.99873 2.08916e-006 -1.5708" Scale="0.5 0.5 0.5" Tag="" WorldPos="-30.3198 0.5 18.8702" />
                <StaticObject CastShadows="true" Collides="true" FileIndex="9" Group="0" ID="289" Name="wood_plank01_4.5m_5" Rotation="-1.57079 0.367131 0" Scale="0.5 0.5 0.5" Tag="" WorldPos="-31.5486 1 19.3943" />
                <StaticObject CastShadows="true" Collides="true" FileIndex="8" Group="0" ID="290" Name="wood_plank_2.5m_9" Rotation="-1.93793 2.13866e-006 -1.5708" Scale="0.5 0.5 0.5" Tag="" WorldPos="-30.6153 0.5 19.0353" />
                <StaticObject CastShadows="true" Collides="true" FileIndex="8" Group="0" ID="291" Name="wood_plank_2.5m_10" Rotation="-1.93793 2.13866e-006 -1.5708" Scale="0.5 0.5 0.5" Tag="" WorldPos="-32.482 0.5 19.7532" />
                <StaticObject CastShadows="true" Collides="true" FileIndex="9" Group="0" ID="293" Name="wood_plank01_4.5m_6" Rotation="-1.57079 0.367131 0" Scale="0.5 0.5 0.5" Tag="" WorldPos="-33.7034 1 20.2692" />
                <StaticObject CastShadows="true" Collides="true" FileIndex="8" Group="0" ID="294" Name="wood_plank_2.5m_11" Rotation="-1.93793 2.13866e-006 -1.5708" Scale="0.5 0.5 0.5" Tag="" WorldPos="-32.77 0.5 19.9102" />
                <StaticObject CastShadows="true" Collides="true" FileIndex="8" Group="0" ID="295" Name="wood_plank_2.5m_12" Rotation="-1.93793 2.13866e-006 -1.5708" Scale="0.5 0.5 0.5" Tag="" WorldPos="-34.6367 0.5 20.6281" />
                <StaticObject CastShadows="true" Collides="true" FileIndex="9" Group="0" ID="296" Name="wood_plank01_4.5m_7" Rotation="-1.57079 0.0924089 0" Scale="0.5 0.5 0.5" Tag="" WorldPos="-35.9157 1 20.8192" />
                <StaticObject CastShadows="true" Collides="true" FileIndex="8" Group="0" ID="297" Name="wood_plank_2.5m_13" Rotation="-1.66321 2.26435e-006 -1.5708" Scale="0.5 0.5 0.5" Tag="" WorldPos="-34.9199 0.5 20.7269" />
                <StaticObject CastShadows="true" Collides="true" FileIndex="8" Group="0" ID="298" Name="wood_plank_2.5m_14" Rotation="-1.66321 2.26435e-006 -1.5708" Scale="0.5 0.5 0.5" Tag="" WorldPos="-36.9114 0.5 20.9115" />
                <StaticObject CastShadows="true" Collides="true" FileIndex="9" Group="0" ID="300" Name="wood_plank01_4.5m_8" Rotation="-1.57079 0.0924089 0" Scale="0.5 0.5 0.5" Tag="" WorldPos="-38.2066 1 21.0614" />
                <StaticObject CastShadows="true" Collides="true" FileIndex="8" Group="0" ID="301" Name="wood_plank_2.5m_15" Rotation="-1.66321 2.26435e-006 -1.5708" Scale="0.5 0.5 0.5" Tag="" WorldPos="-37.2108 0.5 20.9691" />
                <StaticObject CastShadows="true" Collides="true" FileIndex="8" Group="0" ID="302" Name="wood_plank_2.5m_16" Rotation="-1.66321 2.26435e-006 -1.5708" Scale="0.5 0.5 0.5" Tag="" WorldPos="-39.2023 0.5 21.1537" />
                <StaticObject CastShadows="true" Collides="true" FileIndex="9" Group="0" ID="303" Name="wood_plank01_4.5m_9" Rotation="-1.57079 0.254978 0" Scale="0.5 0.5 0.5" Tag="" WorldPos="-40.4817 1 21.4677" />
                <StaticObject CastShadows="true" Collides="true" FileIndex="8" Group="0" ID="304" Name="wood_plank_2.5m_17" Rotation="-1.82577 2.20813e-006 -1.5708" Scale="0.5 0.5 0.5" Tag="" WorldPos="-39.514 0.5 21.2155" />
                <StaticObject CastShadows="true" Collides="true" FileIndex="8" Group="0" ID="305" Name="wood_plank_2.5m_18" Rotation="-1.82577 2.20813e-006 -1.5708" Scale="0.5 0.5 0.5" Tag="" WorldPos="-41.4494 0.5 21.7199" />
                <StaticObject CastShadows="true" Collides="true" FileIndex="8" Group="0" ID="307" Name="wood_plank_2.5m_19" Rotation="-1.5708 2.26498e-006 -1.5708" Scale="0.5 0.5 0.5" Tag="" WorldPos="-24.5023 0.5 -0.795279" />
                <StaticObject CastShadows="true" Collides="true" FileIndex="9" Group="0" ID="308" Name="wood_plank01_4.5m_10" Rotation="-1.57079 0 0" Scale="0.5 0.5 0.5" Tag="" WorldPos="-25.5023 1 -0.795279" />
                <StaticObject CastShadows="true" Collides="true" FileIndex="8" Group="0" ID="309" Name="wood_plank_2.5m_20" Rotation="-1.5708 2.26498e-006 -1.5708" Scale="0.5 0.5 0.5" Tag="" WorldPos="-26.5023 0.5 -0.795279" />
                <StaticObject CastShadows="true" Collides="true" FileIndex="8" Group="0" ID="310" Name="wood_plank_2.5m_21" Rotation="-1.39144 2.21518e-006 -1.5708" Scale="0.5 0.5 0.5" Tag="" WorldPos="-26.8601 0.5 -0.809456" />
                <StaticObject CastShadows="true" Collides="true" FileIndex="9" Group="0" ID="311" Name="wood_plank01_4.5m_11" Rotation="-1.57079 -0.179354 0" Scale="0.5 0.5 0.5" Tag="" WorldPos="-27.8441 1 -0.987849" />
                <StaticObject CastShadows="true" Collides="true" FileIndex="8" Group="0" ID="312" Name="wood_plank_2.5m_22" Rotation="-1.39144 2.21518e-006 -1.5708" Scale="0.5 0.5 0.5" Tag="" WorldPos="-28.828 0.5 -1.16624" />
                <StaticObject CastShadows="true" Collides="true" FileIndex="8" Group="0" ID="314" Name="wood_plank_2.5m_23" Rotation="-1.39144 2.21518e-006 -1.5708" Scale="0.5 0.5 0.5" Tag="" WorldPos="-29.1512 0.5 -1.23954" />
                <StaticObject CastShadows="true" Collides="true" FileIndex="9" Group="0" ID="315" Name="wood_plank01_4.5m_12" Rotation="-1.57079 -0.179354 0" Scale="0.5 0.5 0.5" Tag="" WorldPos="-30.1352 1 -1.41793" />
                <StaticObject CastShadows="true" Collides="true" FileIndex="8" Group="0" ID="316" Name="wood_plank_2.5m_24" Rotation="-1.39144 2.21518e-006 -1.5708" Scale="0.5 0.5 0.5" Tag="" WorldPos="-31.1192 0.5 -1.59633" />
                <StaticObject CastShadows="true" Collides="true" FileIndex="8" Group="0" ID="317" Name="wood_plank_2.5m_25" Rotation="-1.46135 2.24002e-006 -1.5708" Scale="0.5 0.5 0.5" Tag="" WorldPos="-31.4651 0.5 -1.63292" />
                <StaticObject CastShadows="true" Collides="true" FileIndex="9" Group="0" ID="318" Name="wood_plank01_4.5m_13" Rotation="-1.57079 -0.109445 0" Scale="0.5 0.5 0.5" Tag="" WorldPos="-32.4591 1 -1.74215" />
                <StaticObject CastShadows="true" Collides="true" FileIndex="8" Group="0" ID="319" Name="wood_plank_2.5m_26" Rotation="-1.46135 2.24002e-006 -1.5708" Scale="0.5 0.5 0.5" Tag="" WorldPos="-33.4532 0.5 -1.85137" />
                <StaticObject CastShadows="true" Collides="true" FileIndex="8" Group="0" ID="321" Name="wood_plank_2.5m_27" Rotation="-1.46135 2.24002e-006 -1.5708" Scale="0.5 0.5 0.5" Tag="" WorldPos="-33.7446 0.5 -1.88316" />
                <StaticObject CastShadows="true" Collides="true" FileIndex="9" Group="0" ID="322" Name="wood_plank01_4.5m_14" Rotation="-1.57079 -0.109445 0" Scale="0.5 0.5 0.5" Tag="" WorldPos="-34.7386 1 -1.99239" />
                <StaticObject CastShadows="true" Collides="true" FileIndex="8" Group="0" ID="323" Name="wood_plank_2.5m_28" Rotation="-1.46135 2.24002e-006 -1.5708" Scale="0.5 0.5 0.5" Tag="" WorldPos="-35.7326 0.5 -2.10161" />
                <StaticObject CastShadows="true" Collides="true" FileIndex="8" Group="0" ID="324" Name="wood_plank_2.5m_29" Rotation="-1.28429 2.1497e-006 -1.5708" Scale="0.5 0.5 0.5" Tag="" WorldPos="-36.0535 0.5 -2.19208" />
                <StaticObject CastShadows="true" Collides="true" FileIndex="9" Group="0" ID="325" Name="wood_plank01_4.5m_15" Rotation="-1.57079 -0.28651 0" Scale="0.5 0.5 0.5" Tag="" WorldPos="-37.0127 1 -2.47469" />
                <StaticObject CastShadows="true" Collides="true" FileIndex="8" Group="0" ID="326" Name="wood_plank_2.5m_30" Rotation="-1.28429 2.1497e-006 -1.5708" Scale="0.5 0.5 0.5" Tag="" WorldPos="-37.972 0.5 -2.75729" />
                <StaticObject CastShadows="true" Collides="true" FileIndex="8" Group="0" ID="328" Name="wood_plank_2.5m_31" Rotation="-1.28429 2.1497e-006 -1.5708" Scale="0.5 0.5 0.5" Tag="" WorldPos="-38.2836 0.5 -2.84332" />
                <StaticObject CastShadows="true" Collides="true" FileIndex="9" Group="0" ID="329" Name="wood_plank01_4.5m_16" Rotation="-1.57079 -0.28651 0" Scale="0.5 0.5 0.5" Tag="" WorldPos="-39.2429 1 -3.12593" />
                <StaticObject CastShadows="true" Collides="true" FileIndex="8" Group="0" ID="330" Name="wood_plank_2.5m_32" Rotation="-1.28429 2.1497e-006 -1.5708" Scale="0.5 0.5 0.5" Tag="" WorldPos="-40.2021 0.5 -3.40854" />
                <StaticObject CastShadows="true" Collides="true" FileIndex="8" Group="0" ID="331" Name="wood_plank_2.5m_33" Rotation="-1.28429 2.1497e-006 -1.5708" Scale="0.5 0.5 0.5" Tag="" WorldPos="-40.541 0.5 -3.531" />
                <StaticObject CastShadows="true" Collides="true" FileIndex="9" Group="0" ID="332" Name="wood_plank01_4.5m_17" Rotation="-1.57079 -0.28651 0" Scale="0.5 0.5 0.5" Tag="" WorldPos="-41.5003 1 -3.81361" />
                <StaticObject CastShadows="true" Collides="true" FileIndex="8" Group="0" ID="333" Name="wood_plank_2.5m_34" Rotation="-1.28429 2.1497e-006 -1.5708" Scale="0.5 0.5 0.5" Tag="" WorldPos="-42.4595 0.5 -4.09622" />
                <StaticObject CastShadows="true" Collides="true" FileIndex="8" Group="0" ID="334" Name="wood_plank_2.5m_35" Rotation="-1.5708 2.26498e-006 -1.5708" Scale="0.5 0.5 0.5" Tag="" WorldPos="12.7882 0.5 17.0693" />
                <StaticObject CastShadows="true" Collides="true" FileIndex="9" Group="0" ID="335" Name="wood_plank01_4.5m_18" Rotation="-1.57079 0 0" Scale="0.5 0.5 0.5" Tag="" WorldPos="11.7882 1 17.0693" />
                <StaticObject CastShadows="true" Collides="true" FileIndex="8" Group="0" ID="336" Name="wood_plank_2.5m_36" Rotation="-1.5708 2.26498e-006 -1.5708" Scale="0.5 0.5 0.5" Tag="" WorldPos="10.7882 0.5 17.0693" />
                <StaticObject CastShadows="true" Collides="true" FileIndex="8" Group="0" ID="337" Name="wood_plank_2.5m_37" Rotation="-1.70645 2.25438e-006 -1.5708" Scale="0.5 0.5 0.5" Tag="" WorldPos="15.0876 0.5 16.6915" />
                <StaticObject CastShadows="true" Collides="true" FileIndex="9" Group="0" ID="338" Name="wood_plank01_4.5m_19" Rotation="-1.57079 0.135651 0" Scale="0.5 0.5 0.5" Tag="" WorldPos="14.0968 1 16.8267" />
                <StaticObject CastShadows="true" Collides="true" FileIndex="8" Group="0" ID="339" Name="wood_plank_2.5m_38" Rotation="-1.70645 2.25438e-006 -1.5708" Scale="0.5 0.5 0.5" Tag="" WorldPos="13.106 0.5 16.9619" />
                <StaticObject CastShadows="true" Collides="true" FileIndex="8" Group="0" ID="341" Name="wood_plank_2.5m_39" Rotation="-1.78189 2.2267e-006 -1.5708" Scale="0.5 0.5 0.5" Tag="" WorldPos="17.3726 0.5 16.2506" />
                <StaticObject CastShadows="true" Collides="true" FileIndex="9" Group="0" ID="342" Name="wood_plank01_4.5m_20" Rotation="-1.57079 0.211096 0" Scale="0.5 0.5 0.5" Tag="" WorldPos="16.3948 1 16.4601" />
                <StaticObject CastShadows="true" Collides="true" FileIndex="8" Group="0" ID="343" Name="wood_plank_2.5m_40" Rotation="-1.78189 2.2267e-006 -1.5708" Scale="0.5 0.5 0.5" Tag="" WorldPos="15.417 0.5 16.6697" />
                <StaticObject CastShadows="true" Collides="true" FileIndex="8" Group="0" ID="345" Name="wood_plank_2.5m_41" Rotation="-1.78189 2.2267e-006 -1.5708" Scale="0.5 0.5 0.5" Tag="" WorldPos="19.6746 0.5 15.744" />
                <StaticObject CastShadows="true" Collides="true" FileIndex="9" Group="0" ID="346" Name="wood_plank01_4.5m_21" Rotation="-1.57079 0.211096 0" Scale="0.5 0.5 0.5" Tag="" WorldPos="18.6968 1 15.9535" />
                <StaticObject CastShadows="true" Collides="true" FileIndex="8" Group="0" ID="347" Name="wood_plank_2.5m_42" Rotation="-1.78189 2.2267e-006 -1.5708" Scale="0.5 0.5 0.5" Tag="" WorldPos="17.719 0.5 16.163" />
                <StaticObject CastShadows="true" Collides="true" FileIndex="8" Group="0" ID="348" Name="wood_plank_2.5m_43" Rotation="-1.78189 2.2267e-006 -1.5708" Scale="0.5 0.5 0.5" Tag="" WorldPos="21.9561 0.5 15.2655" />
                <StaticObject CastShadows="true" Collides="true" FileIndex="9" Group="0" ID="349" Name="wood_plank01_4.5m_22" Rotation="-1.57079 0.211096 0" Scale="0.5 0.5 0.5" Tag="" WorldPos="20.9783 1 15.4751" />
                <StaticObject CastShadows="true" Collides="true" FileIndex="8" Group="0" ID="350" Name="wood_plank_2.5m_44" Rotation="-1.78189 2.2267e-006 -1.5708" Scale="0.5 0.5 0.5" Tag="" WorldPos="20.0005 0.5 15.6846" />
                <StaticObject CastShadows="true" Collides="true" FileIndex="8" Group="0" ID="351" Name="wood_plank_2.5m_45" Rotation="-1.78189 2.2267e-006 -1.5708" Scale="0.5 0.5 0.5" Tag="" WorldPos="24.2207 0.5 14.804" />
                <StaticObject CastShadows="true" Collides="true" FileIndex="9" Group="0" ID="352" Name="wood_plank01_4.5m_23" Rotation="-1.57079 0.211096 0" Scale="0.5 0.5 0.5" Tag="" WorldPos="23.2429 1 15.0135" />
                <StaticObject CastShadows="true" Collides="true" FileIndex="8" Group="0" ID="353" Name="wood_plank_2.5m_46" Rotation="-1.78189 2.2267e-006 -1.5708" Scale="0.5 0.5 0.5" Tag="" WorldPos="22.2651 0.5 15.223" />
                <StaticObject CastShadows="true" Collides="true" FileIndex="8" Group="0" ID="354" Name="wood_plank_2.5m_47" Rotation="-1.78189 2.2267e-006 -1.5708" Scale="0.5 0.5 0.5" Tag="" WorldPos="26.4967 0.5 14.3286" />
                <StaticObject CastShadows="true" Collides="true" FileIndex="9" Group="0" ID="355" Name="wood_plank01_4.5m_24" Rotation="-1.57079 0.211096 0" Scale="0.5 0.5 0.5" Tag="" WorldPos="25.5189 1 14.5382" />
                <StaticObject CastShadows="true" Collides="true" FileIndex="8" Group="0" ID="356" Name="wood_plank_2.5m_48" Rotation="-1.78189 2.2267e-006 -1.5708" Scale="0.5 0.5 0.5" Tag="" WorldPos="24.5411 0.5 14.7477" />
                <StaticObject CastShadows="true" Collides="true" FileIndex="8" Group="0" ID="357" Name="wood_plank_2.5m_49" Rotation="-1.94069 2.13522e-006 -1.5708" Scale="0.5 0.5 0.5" Tag="" WorldPos="28.7018 0.5 13.5206" />
                <StaticObject CastShadows="true" Collides="true" FileIndex="9" Group="0" ID="358" Name="wood_plank01_4.5m_25" Rotation="-1.57079 0.369894 0" Scale="0.5 0.5 0.5" Tag="" WorldPos="27.7694 1 13.8822" />
                <StaticObject CastShadows="true" Collides="true" FileIndex="8" Group="0" ID="359" Name="wood_plank_2.5m_50" Rotation="-1.94069 2.13522e-006 -1.5708" Scale="0.5 0.5 0.5" Tag="" WorldPos="26.8371 0.5 14.2437" />
                <StaticObject CastShadows="true" Collides="true" FileIndex="8" Group="0" ID="361" Name="wood_plank_2.5m_51" Rotation="-1.94069 2.13522e-006 -1.5708" Scale="0.5 0.5 0.5" Tag="" WorldPos="30.8604 0.5 12.6815" />
                <StaticObject CastShadows="true" Collides="true" FileIndex="9" Group="0" ID="362" Name="wood_plank01_4.5m_26" Rotation="-1.57079 0.369894 0" Scale="0.5 0.5 0.5" Tag="" WorldPos="29.928 1 13.043" />
                <StaticObject CastShadows="true" Collides="true" FileIndex="8" Group="0" ID="363" Name="wood_plank_2.5m_52" Rotation="-1.94069 2.13522e-006 -1.5708" Scale="0.5 0.5 0.5" Tag="" WorldPos="28.9957 0.5 13.4046" />
                <StaticObject CastShadows="true" Collides="true" FileIndex="8" Group="0" ID="364" Name="wood_plank_2.5m_53" Rotation="-1.85883 2.19013e-006 -1.5708" Scale="0.5 0.5 0.5" Tag="" WorldPos="33.0481 0.5 12.0671" />
                <StaticObject CastShadows="true" Collides="true" FileIndex="9" Group="0" ID="365" Name="wood_plank01_4.5m_27" Rotation="-1.57079 0.288033 0" Scale="0.5 0.5 0.5" Tag="" WorldPos="32.0893 1 12.3512" />
                <StaticObject CastShadows="true" Collides="true" FileIndex="8" Group="0" ID="366" Name="wood_plank_2.5m_54" Rotation="-1.85883 2.19013e-006 -1.5708" Scale="0.5 0.5 0.5" Tag="" WorldPos="31.1305 0.5 12.6353" />
                <StaticObject CastShadows="true" Collides="true" FileIndex="9" Group="0" ID="368" Name="wood_plank01_4.5m_28" Rotation="-1.57079 0.288033 0" Scale="0.5 0.5 0.5" Tag="" WorldPos="34.3446 1 11.7013" />
                <StaticObject CastShadows="true" Collides="true" FileIndex="8" Group="0" ID="369" Name="wood_plank_2.5m_55" Rotation="-1.85883 2.19013e-006 -1.5708" Scale="0.5 0.5 0.5" Tag="" WorldPos="33.3858 0.5 11.9854" />
                <StaticObject CastShadows="true" Collides="true" FileIndex="8" Group="0" ID="370" Name="wood_plank_2.5m_56" Rotation="-1.85883 2.19013e-006 -1.5708" Scale="0.5 0.5 0.5" Tag="" WorldPos="35.3034 0.5 11.4172" />
                <StaticObject CastShadows="true" Collides="true" FileIndex="9" Group="0" ID="371" Name="wood_plank01_4.5m_29" Rotation="-1.57079 0.288033 0" Scale="0.5 0.5 0.5" Tag="" WorldPos="36.5837 1 11.0361" />
                <StaticObject CastShadows="true" Collides="true" FileIndex="8" Group="0" ID="372" Name="wood_plank_2.5m_57" Rotation="-1.85883 2.19013e-006 -1.5708" Scale="0.5 0.5 0.5" Tag="" WorldPos="35.6249 0.5 11.3201" />
                <StaticObject CastShadows="true" Collides="true" FileIndex="8" Group="0" ID="373" Name="wood_plank_2.5m_58" Rotation="-1.85883 2.19013e-006 -1.5708" Scale="0.5 0.5 0.5" Tag="" WorldPos="37.5425 0.5 10.752" />
                <StaticObject CastShadows="true" Collides="true" FileIndex="9" Group="0" ID="374" Name="wood_plank01_4.5m_30" Rotation="-1.57079 0.0849762 0" Scale="0.5 0.5 0.5" Tag="" WorldPos="38.8398 1 10.6303" />
                <StaticObject CastShadows="true" Collides="true" FileIndex="8" Group="0" ID="375" Name="wood_plank_2.5m_59" Rotation="-1.65577 2.27415e-006 -1.5708" Scale="0.5 0.5 0.5" Tag="" WorldPos="37.8434 0.5 10.7152" />
                <StaticObject CastShadows="true" Collides="true" FileIndex="8" Group="0" ID="376" Name="wood_plank_2.5m_60" Rotation="-1.65577 2.27415e-006 -1.5708" Scale="0.5 0.5 0.5" Tag="" WorldPos="39.8362 0.5 10.5454" />
                <StaticObject CastShadows="true" Collides="true" FileIndex="9" Group="0" ID="378" Name="wood_plank01_4.5m_31" Rotation="-1.57079 0.0849762 0" Scale="0.5 0.5 0.5" Tag="" WorldPos="41.1235 1 10.4592" />
                <StaticObject CastShadows="true" Collides="true" FileIndex="8" Group="0" ID="379" Name="wood_plank_2.5m_61" Rotation="-1.65577 2.27415e-006 -1.5708" Scale="0.5 0.5 0.5" Tag="" WorldPos="40.1271 0.5 10.544" />
                <StaticObject CastShadows="true" Collides="true" FileIndex="8" Group="0" ID="380" Name="wood_plank_2.5m_62" Rotation="-1.65577 2.27415e-006 -1.5708" Scale="0.5 0.5 0.5" Tag="" WorldPos="42.1199 0.5 10.3743" />
                <StaticObject CastShadows="true" Collides="true" FileIndex="9" Group="0" ID="381" Name="wood_plank01_4.5m_32" Rotation="-1.57079 -0.00897416 0" Scale="0.5 0.5 0.5" Tag="" WorldPos="43.4162 1 10.397" />
                <StaticObject CastShadows="true" Collides="true" FileIndex="8" Group="0" ID="382" Name="wood_plank_2.5m_63" Rotation="-1.56182 2.27941e-006 -1.5708" Scale="0.5 0.5 0.5" Tag="" WorldPos="42.4162 0.5 10.388" />
                <StaticObject CastShadows="true" Collides="true" FileIndex="8" Group="0" ID="383" Name="wood_plank_2.5m_64" Rotation="-1.56182 2.27941e-006 -1.5708" Scale="0.5 0.5 0.5" Tag="" WorldPos="44.4162 0.5 10.406" />
                <StaticObject CastShadows="true" Collides="true" FileIndex="9" Group="0" ID="385" Name="wood_plank01_4.5m_33" Rotation="-1.57079 -0.00897416 0" Scale="0.5 0.5 0.5" Tag="" WorldPos="45.7372 1 10.4372" />
                <StaticObject CastShadows="true" Collides="true" FileIndex="8" Group="0" ID="386" Name="wood_plank_2.5m_65" Rotation="-1.56182 2.27941e-006 -1.5708" Scale="0.5 0.5 0.5" Tag="" WorldPos="44.7372 0.5 10.4282" />
                <StaticObject CastShadows="true" Collides="true" FileIndex="8" Group="0" ID="387" Name="wood_plank_2.5m_66" Rotation="-1.56182 2.27941e-006 -1.5708" Scale="0.5 0.5 0.5" Tag="" WorldPos="46.7371 0.5 10.4462" />
                <StaticObject CastShadows="true" Collides="true" FileIndex="9" Group="0" ID="388" Name="wood_plank01_4.5m_34" Rotation="-1.57079 0.304 0" Scale="0.5 0.5 0.5" Tag="" WorldPos="48.0187 1 10.1726" />
                <StaticObject CastShadows="true" Collides="true" FileIndex="8" Group="0" ID="389" Name="wood_plank_2.5m_67" Rotation="-1.8748 2.19192e-006 -1.5708" Scale="0.5 0.5 0.5" Tag="" WorldPos="47.0646 0.5 10.472" />
                <StaticObject CastShadows="true" Collides="true" FileIndex="8" Group="0" ID="390" Name="wood_plank_2.5m_68" Rotation="-1.8748 2.19192e-006 -1.5708" Scale="0.5 0.5 0.5" Tag="" WorldPos="48.9729 0.5 9.87331" />
                <StaticObject CastShadows="true" Collides="true" FileIndex="9" Group="0" ID="392" Name="wood_plank01_4.5m_35" Rotation="-1.57079 0.304 0" Scale="0.5 0.5 0.5" Tag="" WorldPos="50.2291 1 9.49609" />
                <StaticObject CastShadows="true" Collides="true" FileIndex="8" Group="0" ID="393" Name="wood_plank_2.5m_69" Rotation="-1.8748 2.19192e-006 -1.5708" Scale="0.5 0.5 0.5" Tag="" WorldPos="49.2749 0.5 9.79543" />
                <StaticObject CastShadows="true" Collides="true" FileIndex="8" Group="0" ID="394" Name="wood_plank_2.5m_70" Rotation="-1.8748 2.19192e-006 -1.5708" Scale="0.5 0.5 0.5" Tag="" WorldPos="51.1832 0.5 9.19675" />
                <StaticObject CastShadows="true" Collides="true" FileIndex="9" Group="0" ID="395" Name="wood_plank01_4.5m_36" Rotation="-1.57079 0.412687 0" Scale="0.5 0.5 0.5" Tag="" WorldPos="52.3852 1 8.68925" />
                <StaticObject CastShadows="true" Collides="true" FileIndex="8" Group="0" ID="396" Name="wood_plank_2.5m_71" Rotation="-1.98348 2.10959e-006 -1.5708" Scale="0.5 0.5 0.5" Tag="" WorldPos="51.4692 0.5 9.09032" />
                <StaticObject CastShadows="true" Collides="true" FileIndex="8" Group="0" ID="397" Name="wood_plank_2.5m_72" Rotation="-1.98348 2.10959e-006 -1.5708" Scale="0.5 0.5 0.5" Tag="" WorldPos="53.3013 0.5 8.28818" />
                <StaticObject CastShadows="true" Collides="true" FileIndex="9" Group="0" ID="399" Name="wood_plank01_4.5m_37" Rotation="-1.57079 0.653187 0" Scale="0.5 0.5 0.5" Tag="" WorldPos="54.3775 1 7.54647" />
                <StaticObject CastShadows="true" Collides="true" FileIndex="8" Group="0" ID="400" Name="wood_plank_2.5m_73" Rotation="-2.22398 1.8397e-006 -1.5708" Scale="0.5 0.5 0.5" Tag="" WorldPos="53.5833 0.5 8.15419" />
                <StaticObject CastShadows="true" Collides="true" FileIndex="8" Group="0" ID="401" Name="wood_plank_2.5m_74" Rotation="-2.22398 1.8397e-006 -1.5708" Scale="0.5 0.5 0.5" Tag="" WorldPos="55.1716 0.5 6.93875" />
                <StaticObject CastShadows="true" Collides="true" FileIndex="9" Group="0" ID="403" Name="wood_plank01_4.5m_38" Rotation="-1.57079 0.653187 0" Scale="0.5 0.5 0.5" Tag="" WorldPos="56.277 1 6.16188" />
                <StaticObject CastShadows="true" Collides="true" FileIndex="8" Group="0" ID="404" Name="wood_plank_2.5m_75" Rotation="-2.22398 1.8397e-006 -1.5708" Scale="0.5 0.5 0.5" Tag="" WorldPos="55.4829 0.5 6.7696" />
                <StaticObject CastShadows="true" Collides="true" FileIndex="8" Group="0" ID="405" Name="wood_plank_2.5m_76" Rotation="-2.22398 1.8397e-006 -1.5708" Scale="0.5 0.5 0.5" Tag="" WorldPos="57.0711 0.5 5.55416" />
                <StaticObject CastShadows="true" Collides="true" FileIndex="9" Group="0" ID="406" Name="wood_plank01_4.5m_39" Rotation="-1.57079 0.653187 0" Scale="0.5 0.5 0.5" Tag="" WorldPos="58.1511 1 4.76758" />
                <StaticObject CastShadows="true" Collides="true" FileIndex="8" Group="0" ID="407" Name="wood_plank_2.5m_77" Rotation="-2.22398 1.8397e-006 -1.5708" Scale="0.5 0.5 0.5" Tag="" WorldPos="57.3569 0.5 5.37529" />
                <StaticObject CastShadows="true" Collides="true" FileIndex="8" Group="0" ID="408" Name="wood_plank_2.5m_78" Rotation="-2.22398 1.8397e-006 -1.5708" Scale="0.5 0.5 0.5" Tag="" WorldPos="58.9452 0.5 4.15986" />
                <StaticObject CastShadows="true" Collides="true" FileIndex="9" Group="0" ID="409" Name="wood_plank01_4.5m_40" Rotation="-1.57079 0.653187 0" Scale="0.5 0.5 0.5" Tag="" WorldPos="59.9973 1 3.39561" />
                <StaticObject CastShadows="true" Collides="true" FileIndex="8" Group="0" ID="410" Name="wood_plank_2.5m_79" Rotation="-2.22398 1.8397e-006 -1.5708" Scale="0.5 0.5 0.5" Tag="" WorldPos="59.2032 0.5 4.00333" />
                <StaticObject CastShadows="true" Collides="true" FileIndex="8" Group="0" ID="411" Name="wood_plank_2.5m_80" Rotation="-2.22398 1.8397e-006 -1.5708" Scale="0.5 0.5 0.5" Tag="" WorldPos="60.7915 0.5 2.78789" />
                <StaticObject CastShadows="true" Collides="true" FileIndex="9" Group="0" ID="412" Name="wood_plank01_4.5m_41" Rotation="-1.57079 0.653187 0" Scale="0.5 0.5 0.5" Tag="" WorldPos="61.8321 1 2.03928" />
                <StaticObject CastShadows="true" Collides="true" FileIndex="8" Group="0" ID="413" Name="wood_plank_2.5m_81" Rotation="-2.22398 1.8397e-006 -1.5708" Scale="0.5 0.5 0.5" Tag="" WorldPos="61.038 0.5 2.64699" />
                <StaticObject CastShadows="true" Collides="true" FileIndex="8" Group="0" ID="414" Name="wood_plank_2.5m_82" Rotation="-2.22398 1.8397e-006 -1.5708" Scale="0.5 0.5 0.5" Tag="" WorldPos="62.6262 0.5 1.43156" />
                <StaticObject CastShadows="true" Collides="true" FileIndex="9" Group="0" ID="415" Name="wood_plank01_4.5m_42" Rotation="-1.57079 0.653187 0" Scale="0.5 0.5 0.5" Tag="" WorldPos="63.6784 1 0.646585" />
                <StaticObject CastShadows="true" Collides="true" FileIndex="8" Group="0" ID="416" Name="wood_plank_2.5m_83" Rotation="-2.22398 1.8397e-006 -1.5708" Scale="0.5 0.5 0.5" Tag="" WorldPos="62.8842 0.5 1.2543" />
                <StaticObject CastShadows="true" Collides="true" FileIndex="8" Group="0" ID="417" Name="wood_plank_2.5m_84" Rotation="-2.22398 1.8397e-006 -1.5708" Scale="0.5 0.5 0.5" Tag="" WorldPos="64.4725 0.5 0.0388675" />
                <StaticObject CastShadows="true" Collides="true" FileIndex="9" Group="0" ID="418" Name="wood_plank01_4.5m_43" Rotation="-1.57079 0.771153 0" Scale="0.5 0.5 0.5" Tag="" WorldPos="65.4362 1 -0.903732" />
                <StaticObject CastShadows="true" Collides="true" FileIndex="8" Group="0" ID="419" Name="wood_plank_2.5m_85" Rotation="-2.34195 1.66744e-006 -1.5708" Scale="0.5 0.5 0.5" Tag="" WorldPos="64.7191 0.5 -0.206773" />
                <StaticObject CastShadows="true" Collides="true" FileIndex="8" Group="0" ID="420" Name="wood_plank_2.5m_86" Rotation="-2.34195 1.66744e-006 -1.5708" Scale="0.5 0.5 0.5" Tag="" WorldPos="66.1533 0.5 -1.60069" />
                <StaticObject CastShadows="true" Collides="true" FileIndex="9" Group="0" ID="422" Name="wood_plank01_4.5m_44" Rotation="-1.57079 1.09162 0" Scale="0.5 0.5 0.5" Tag="" WorldPos="66.7808 1 -2.73732" />
                <StaticObject CastShadows="true" Collides="true" FileIndex="8" Group="0" ID="423" Name="wood_plank_2.5m_87" Rotation="-2.66242 1.0806e-006 -1.5708" Scale="0.5 0.5 0.5" Tag="" WorldPos="66.3198 0.5 -1.84995" />
                <StaticObject CastShadows="true" Collides="true" FileIndex="8" Group="0" ID="424" Name="wood_plank_2.5m_88" Rotation="-2.66242 1.0806e-006 -1.5708" Scale="0.5 0.5 0.5" Tag="" WorldPos="67.2419 0.5 -3.62469" />
                <StaticObject CastShadows="true" Collides="true" FileIndex="9" Group="0" ID="426" Name="wood_plank01_4.5m_45" Rotation="-1.57079 1.25362 0" Scale="0.5 0.5 0.5" Tag="" WorldPos="67.6821 1 -4.86213" />
                <StaticObject CastShadows="true" Collides="true" FileIndex="8" Group="0" ID="427" Name="wood_plank_2.5m_89" Rotation="-2.82441 7.32546e-007 -1.5708" Scale="0.5 0.5 0.5" Tag="" WorldPos="67.3702 0.5 -3.91202" />
                <StaticObject CastShadows="true" Collides="true" FileIndex="8" Group="0" ID="428" Name="wood_plank_2.5m_90" Rotation="-2.82441 7.32546e-007 -1.5708" Scale="0.5 0.5 0.5" Tag="" WorldPos="67.994 0.5 -5.81225" />
                <StaticObject CastShadows="true" Collides="true" FileIndex="9" Group="0" ID="430" Name="wood_plank01_4.5m_46" Rotation="-1.57079 1.25362 0" Scale="0.5 0.5 0.5" Tag="" WorldPos="68.3772 1 -7.04851" />
                <StaticObject CastShadows="true" Collides="true" FileIndex="8" Group="0" ID="431" Name="wood_plank_2.5m_91" Rotation="-2.82441 7.32546e-007 -1.5708" Scale="0.5 0.5 0.5" Tag="" WorldPos="68.0653 0.5 -6.0984" />
                <StaticObject CastShadows="true" Collides="true" FileIndex="8" Group="0" ID="432" Name="wood_plank_2.5m_92" Rotation="-2.82441 7.32546e-007 -1.5708" Scale="0.5 0.5 0.5" Tag="" WorldPos="68.6891 0.5 -7.99863" />
                <StaticObject CastShadows="true" Collides="true" FileIndex="8" Group="0" ID="433" Name="wood_plank_2.5m_93" Rotation="-1.5708 2.26498e-006 -1.5708" Scale="0.5 0.5 0.5" Tag="" WorldPos="8.21889 0.5 -0.659501" />
                <StaticObject CastShadows="true" Collides="true" FileIndex="9" Group="0" ID="434" Name="wood_plank01_4.5m_47" Rotation="-1.57079 0 0" Scale="0.5 0.5 0.5" Tag="" WorldPos="7.21889 1 -0.659501" />
                <StaticObject CastShadows="true" Collides="true" FileIndex="8" Group="0" ID="435" Name="wood_plank_2.5m_94" Rotation="-1.5708 2.26498e-006 -1.5708" Scale="0.5 0.5 0.5" Tag="" WorldPos="6.21889 0.5 -0.659501" />
                <StaticObject CastShadows="true" Collides="true" FileIndex="8" Group="0" ID="436" Name="wood_plank_2.5m_95" Rotation="-1.5129 2.25681e-006 -1.5708" Scale="0.5 0.5 0.5" Tag="" WorldPos="10.5439 0.5 -0.539897" />
                <StaticObject CastShadows="true" Collides="true" FileIndex="9" Group="0" ID="437" Name="wood_plank01_4.5m_48" Rotation="-1.57079 -0.057897 0" Scale="0.5 0.5 0.5" Tag="" WorldPos="9.54561 1 -0.597762" />
                <StaticObject CastShadows="true" Collides="true" FileIndex="8" Group="0" ID="438" Name="wood_plank_2.5m_96" Rotation="-1.5129 2.25681e-006 -1.5708" Scale="0.5 0.5 0.5" Tag="" WorldPos="8.54729 0.5 -0.655626" />
                <StaticObject CastShadows="true" Collides="true" FileIndex="8" Group="0" ID="440" Name="wood_plank_2.5m_97" Rotation="-1.5129 2.25681e-006 -1.5708" Scale="0.5 0.5 0.5" Tag="" WorldPos="12.8615 0.5 -0.387276" />
                <StaticObject CastShadows="true" Collides="true" FileIndex="9" Group="0" ID="441" Name="wood_plank01_4.5m_49" Rotation="-1.57079 -0.057897 0" Scale="0.5 0.5 0.5" Tag="" WorldPos="11.8632 1 -0.445141" />
                <StaticObject CastShadows="true" Collides="true" FileIndex="8" Group="0" ID="442" Name="wood_plank_2.5m_98" Rotation="-1.5129 2.25681e-006 -1.5708" Scale="0.5 0.5 0.5" Tag="" WorldPos="10.8648 0.5 -0.503006" />
                <StaticObject CastShadows="true" Collides="true" FileIndex="8" Group="0" ID="443" Name="wood_plank_2.5m_99" Rotation="-1.42635 2.23153e-006 -1.5708" Scale="0.5 0.5 0.5" Tag="" WorldPos="15.1784 0.5 -0.0715413" />
                <StaticObject CastShadows="true" Collides="true" FileIndex="9" Group="0" ID="444" Name="wood_plank01_4.5m_50" Rotation="-1.57079 -0.144447 0" Scale="0.5 0.5 0.5" Tag="" WorldPos="14.1888 1 -0.215487" />
                <StaticObject CastShadows="true" Collides="true" FileIndex="8" Group="0" ID="445" Name="wood_plank_2.5m_100" Rotation="-1.42635 2.23153e-006 -1.5708" Scale="0.5 0.5 0.5" Tag="" WorldPos="13.1993 0.5 -0.359432" />
                <StaticObject CastShadows="true" Collides="true" FileIndex="8" Group="0" ID="447" Name="wood_plank_2.5m_101" Rotation="-1.42635 2.23153e-006 -1.5708" Scale="0.5 0.5 0.5" Tag="" WorldPos="17.4446 0.5 0.26792" />
                <StaticObject CastShadows="true" Collides="true" FileIndex="9" Group="0" ID="448" Name="wood_plank01_4.5m_51" Rotation="-1.57079 -0.144447 0" Scale="0.5 0.5 0.5" Tag="" WorldPos="16.455 1 0.123975" />
                <StaticObject CastShadows="true" Collides="true" FileIndex="8" Group="0" ID="449" Name="wood_plank_2.5m_102" Rotation="-1.42635 2.23153e-006 -1.5708" Scale="0.5 0.5 0.5" Tag="" WorldPos="15.4654 0.5 -0.0199701" />
                <StaticObject CastShadows="true" Collides="true" FileIndex="8" Group="0" ID="450" Name="wood_plank_2.5m_103" Rotation="-1.15465 2.03344e-006 -1.5708" Scale="0.5 0.5 0.5" Tag="" WorldPos="19.5753 0.5 1.14061" />
                <StaticObject CastShadows="true" Collides="true" FileIndex="9" Group="0" ID="451" Name="wood_plank01_4.5m_52" Rotation="-1.57079 -0.416142 0" Scale="0.5 0.5 0.5" Tag="" WorldPos="18.6607 1 0.736376" />
                <StaticObject CastShadows="true" Collides="true" FileIndex="8" Group="0" ID="452" Name="wood_plank_2.5m_104" Rotation="-1.15465 2.03344e-006 -1.5708" Scale="0.5 0.5 0.5" Tag="" WorldPos="17.746 0.5 0.332142" />
                <StaticObject CastShadows="true" Collides="true" FileIndex="8" Group="0" ID="454" Name="wood_plank_2.5m_105" Rotation="-1.15465 2.03344e-006 -1.5708" Scale="0.5 0.5 0.5" Tag="" WorldPos="21.7036 0.5 2.06963" />
                <StaticObject CastShadows="true" Collides="true" FileIndex="9" Group="0" ID="455" Name="wood_plank01_4.5m_53" Rotation="-1.57079 -0.416142 0" Scale="0.5 0.5 0.5" Tag="" WorldPos="20.7889 1 1.66539" />
                <StaticObject CastShadows="true" Collides="true" FileIndex="8" Group="0" ID="456" Name="wood_plank_2.5m_106" Rotation="-1.15465 2.03344e-006 -1.5708" Scale="0.5 0.5 0.5" Tag="" WorldPos="19.8743 0.5 1.26116" />
                <StaticObject CastShadows="true" Collides="true" FileIndex="8" Group="0" ID="457" Name="wood_plank_2.5m_107" Rotation="-1.15465 2.03344e-006 -1.5708" Scale="0.5 0.5 0.5" Tag="" WorldPos="23.771 0.5 3.01292" />
                <StaticObject CastShadows="true" Collides="true" FileIndex="9" Group="0" ID="458" Name="wood_plank01_4.5m_54" Rotation="-1.57079 -0.416142 0" Scale="0.5 0.5 0.5" Tag="" WorldPos="22.8563 1 2.60869" />
                <StaticObject CastShadows="true" Collides="true" FileIndex="8" Group="0" ID="459" Name="wood_plank_2.5m_108" Rotation="-1.15465 2.03344e-006 -1.5708" Scale="0.5 0.5 0.5" Tag="" WorldPos="21.9417 0.5 2.20445" />
                <StaticObject CastShadows="true" Collides="true" FileIndex="8" Group="0" ID="460" Name="wood_plank_2.5m_109" Rotation="-1.06435 1.93235e-006 -1.5708" Scale="0.5 0.5 0.5" Tag="" WorldPos="25.8828 0.5 4.11495" />
                <StaticObject CastShadows="true" Collides="true" FileIndex="9" Group="0" ID="461" Name="wood_plank01_4.5m_55" Rotation="-1.57079 -0.506443 0" Scale="0.5 0.5 0.5" Tag="" WorldPos="25.0083 1 3.62988" />
                <StaticObject CastShadows="true" Collides="true" FileIndex="8" Group="0" ID="462" Name="wood_plank_2.5m_110" Rotation="-1.06435 1.93235e-006 -1.5708" Scale="0.5 0.5 0.5" Tag="" WorldPos="24.1339 0.5 3.14481" />
                <StaticObject CastShadows="true" Collides="true" FileIndex="8" Group="0" ID="464" Name="wood_plank_2.5m_111" Rotation="-1.06435 1.93235e-006 -1.5708" Scale="0.5 0.5 0.5" Tag="" WorldPos="27.934 0.5 5.26974" />
                <StaticObject CastShadows="true" Collides="true" FileIndex="9" Group="0" ID="465" Name="wood_plank01_4.5m_56" Rotation="-1.57079 -0.506443 0" Scale="0.5 0.5 0.5" Tag="" WorldPos="27.0595 1 4.78467" />
                <StaticObject CastShadows="true" Collides="true" FileIndex="8" Group="0" ID="466" Name="wood_plank_2.5m_112" Rotation="-1.06435 1.93235e-006 -1.5708" Scale="0.5 0.5 0.5" Tag="" WorldPos="26.185 0.5 4.2996" />
                <StaticObject CastShadows="true" Collides="true" FileIndex="8" Group="0" ID="467" Name="wood_plank_2.5m_113" Rotation="-0.944233 1.76653e-006 -1.57079" Scale="0.5 0.5 0.5" Tag="" WorldPos="29.8482 0.5 6.67218" />
                <StaticObject CastShadows="true" Collides="true" FileIndex="9" Group="0" ID="468" Name="wood_plank01_4.5m_57" Rotation="-1.57079 -0.626563 0" Scale="0.5 0.5 0.5" Tag="" WorldPos="29.0381 1 6.08582" />
                <StaticObject CastShadows="true" Collides="true" FileIndex="8" Group="0" ID="469" Name="wood_plank_2.5m_114" Rotation="-0.944233 1.76653e-006 -1.57079" Scale="0.5 0.5 0.5" Tag="" WorldPos="28.2281 0.5 5.49945" />
                <StaticObject CastShadows="true" Collides="true" FileIndex="8" Group="0" ID="471" Name="wood_plank_2.5m_115" Rotation="-0.944233 1.76653e-006 -1.57079" Scale="0.5 0.5 0.5" Tag="" WorldPos="31.7198 0.5 8.06466" />
                <StaticObject CastShadows="true" Collides="true" FileIndex="9" Group="0" ID="472" Name="wood_plank01_4.5m_58" Rotation="-1.57079 -0.626563 0" Scale="0.5 0.5 0.5" Tag="" WorldPos="30.9098 1 7.4783" />
                <StaticObject CastShadows="true" Collides="true" FileIndex="8" Group="0" ID="473" Name="wood_plank_2.5m_116" Rotation="-0.944233 1.76653e-006 -1.57079" Scale="0.5 0.5 0.5" Tag="" WorldPos="30.0997 0.5 6.89193" />
                <StaticObject CastShadows="true" Collides="true" FileIndex="8" Group="0" ID="474" Name="wood_plank_2.5m_117" Rotation="-1.35155 2.22546e-006 -1.5708" Scale="0.5 0.5 0.5" Tag="" WorldPos="33.9587 0.5 8.62179" />
                <StaticObject CastShadows="true" Collides="true" FileIndex="9" Group="0" ID="475" Name="wood_plank01_4.5m_59" Rotation="-1.57079 -0.219246 0" Scale="0.5 0.5 0.5" Tag="" WorldPos="32.9826 1 8.4043" />
                <StaticObject CastShadows="true" Collides="true" FileIndex="8" Group="0" ID="476" Name="wood_plank_2.5m_118" Rotation="-1.35155 2.22546e-006 -1.5708" Scale="0.5 0.5 0.5" Tag="" WorldPos="32.0065 0.5 8.18681" />
                <StaticObject CastShadows="true" Collides="true" FileIndex="8" Group="0" ID="479" Name="wood_plank_2.5m_119" Rotation="-1.47521 2.2913e-006 -1.5708" Scale="0.5 0.5 0.5" Tag="" WorldPos="36.2529 0.5 8.84002" />
                <StaticObject CastShadows="true" Collides="true" FileIndex="9" Group="0" ID="480" Name="wood_plank01_4.5m_60" Rotation="-1.57079 -0.0955829 0" Scale="0.5 0.5 0.5" Tag="" WorldPos="35.2575 1 8.74458" />
                <StaticObject CastShadows="true" Collides="true" FileIndex="8" Group="0" ID="481" Name="wood_plank_2.5m_120" Rotation="-1.47521 2.2913e-006 -1.5708" Scale="0.5 0.5 0.5" Tag="" WorldPos="34.2621 0.5 8.64915" />
                <StaticObject CastShadows="true" Collides="true" FileIndex="8" Group="0" ID="483" Name="wood_plank_2.5m_121" Rotation="-1.60963 2.32867e-006 -1.5708" Scale="0.5 0.5 0.5" Tag="" WorldPos="38.5461 0.5 8.76938" />
                <StaticObject CastShadows="true" Collides="true" FileIndex="9" Group="0" ID="484" Name="wood_plank01_4.5m_61" Rotation="-1.57079 0.0388371 0" Scale="0.5 0.5 0.5" Tag="" WorldPos="37.5469 1 8.80821" />
                <StaticObject CastShadows="true" Collides="true" FileIndex="8" Group="0" ID="485" Name="wood_plank_2.5m_122" Rotation="-1.60963 2.32867e-006 -1.5708" Scale="0.5 0.5 0.5" Tag="" WorldPos="36.5476 0.5 8.84704" />
                <StaticObject CastShadows="true" Collides="true" FileIndex="8" Group="0" ID="487" Name="wood_plank_2.5m_123" Rotation="-1.66777 2.32912e-006 -1.5708" Scale="0.5 0.5 0.5" Tag="" WorldPos="40.8504 0.5 8.55111" />
                <StaticObject CastShadows="true" Collides="true" FileIndex="9" Group="0" ID="488" Name="wood_plank01_4.5m_62" Rotation="-1.57079 0.096975 0" Scale="0.5 0.5 0.5" Tag="" WorldPos="39.8551 1 8.64793" />
                <StaticObject CastShadows="true" Collides="true" FileIndex="8" Group="0" ID="489" Name="wood_plank_2.5m_124" Rotation="-1.66777 2.32912e-006 -1.5708" Scale="0.5 0.5 0.5" Tag="" WorldPos="38.8598 0.5 8.74476" />
                <StaticObject CastShadows="true" Collides="true" FileIndex="8" Group="0" ID="491" Name="wood_plank_2.5m_125" Rotation="-1.66777 2.32912e-006 -1.5708" Scale="0.5 0.5 0.5" Tag="" WorldPos="43.135 0.5 8.3189" />
                <StaticObject CastShadows="true" Collides="true" FileIndex="9" Group="0" ID="492" Name="wood_plank01_4.5m_63" Rotation="-1.57079 0.096975 0" Scale="0.5 0.5 0.5" Tag="" WorldPos="42.1397 1 8.41572" />
                <StaticObject CastShadows="true" Collides="true" FileIndex="8" Group="0" ID="493" Name="wood_plank_2.5m_126" Rotation="-1.66777 2.32912e-006 -1.5708" Scale="0.5 0.5 0.5" Tag="" WorldPos="41.1444 0.5 8.51255" />
                <StaticObject CastShadows="true" Collides="true" FileIndex="8" Group="0" ID="494" Name="wood_plank_2.5m_127" Rotation="-1.57461 2.32309e-006 -1.5708" Scale="0.5 0.5 0.5" Tag="" WorldPos="45.4276 0.5 8.34312" />
                <StaticObject CastShadows="true" Collides="true" FileIndex="9" Group="0" ID="495" Name="wood_plank01_4.5m_64" Rotation="-1.57079 0.00381098 0" Scale="0.5 0.5 0.5" Tag="" WorldPos="44.4276 1 8.34693" />
                <StaticObject CastShadows="true" Collides="true" FileIndex="8" Group="0" ID="496" Name="wood_plank_2.5m_128" Rotation="-1.57461 2.32309e-006 -1.5708" Scale="0.5 0.5 0.5" Tag="" WorldPos="43.4276 0.5 8.35074" />
                <StaticObject CastShadows="true" Collides="true" FileIndex="8" Group="0" ID="498" Name="wood_plank_2.5m_129" Rotation="-1.57461 2.32309e-006 -1.5708" Scale="0.5 0.5 0.5" Tag="" WorldPos="47.7235 0.5 8.36929" />
                <StaticObject CastShadows="true" Collides="true" FileIndex="9" Group="0" ID="499" Name="wood_plank01_4.5m_65" Rotation="-1.57079 0.00381098 0" Scale="0.5 0.5 0.5" Tag="" WorldPos="46.7235 1 8.3731" />
                <StaticObject CastShadows="true" Collides="true" FileIndex="8" Group="0" ID="500" Name="wood_plank_2.5m_130" Rotation="-1.57461 2.32309e-006 -1.5708" Scale="0.5 0.5 0.5" Tag="" WorldPos="45.7235 0.5 8.37691" />
                <StaticObject CastShadows="true" Collides="true" FileIndex="8" Group="0" ID="501" Name="wood_plank_2.5m_131" Rotation="-1.9199 2.24763e-006 -1.5708" Scale="0.5 0.5 0.5" Tag="" WorldPos="49.8848 0.5 7.65192" />
                <StaticObject CastShadows="true" Collides="true" FileIndex="9" Group="0" ID="502" Name="wood_plank01_4.5m_66" Rotation="-1.57079 0.3491 0" Scale="0.5 0.5 0.5" Tag="" WorldPos="48.9452 1 7.99397" />
                <StaticObject CastShadows="true" Collides="true" FileIndex="8" Group="0" ID="503" Name="wood_plank_2.5m_132" Rotation="-1.9199 2.24763e-006 -1.5708" Scale="0.5 0.5 0.5" Tag="" WorldPos="48.0055 0.5 8.33602" />
                <StaticObject CastShadows="true" Collides="true" FileIndex="8" Group="0" ID="506" Name="wood_plank_2.5m_133" Rotation="-2.0294 2.16425e-006 -1.5708" Scale="0.5 0.5 0.5" Tag="" WorldPos="51.9709 0.5 6.6544" />
                <StaticObject CastShadows="true" Collides="true" FileIndex="9" Group="0" ID="507" Name="wood_plank01_4.5m_67" Rotation="-1.57079 0.458606 0" Scale="0.5 0.5 0.5" Tag="" WorldPos="51.0742 1 7.0971" />
                <StaticObject CastShadows="true" Collides="true" FileIndex="8" Group="0" ID="508" Name="wood_plank_2.5m_134" Rotation="-2.0294 2.16425e-006 -1.5708" Scale="0.5 0.5 0.5" Tag="" WorldPos="50.1775 0.5 7.5398" />
                <StaticObject CastShadows="true" Collides="true" FileIndex="8" Group="0" ID="510" Name="wood_plank_2.5m_135" Rotation="-2.14207 2.0518e-006 -1.5708" Scale="0.5 0.5 0.5" Tag="" WorldPos="53.8882 0.5 5.43071" />
                <StaticObject CastShadows="true" Collides="true" FileIndex="9" Group="0" ID="511" Name="wood_plank01_4.5m_68" Rotation="-1.57079 0.57127 0" Scale="0.5 0.5 0.5" Tag="" WorldPos="53.047 1 5.97141" />
                <StaticObject CastShadows="true" Collides="true" FileIndex="8" Group="0" ID="512" Name="wood_plank_2.5m_136" Rotation="-2.14207 2.0518e-006 -1.5708" Scale="0.5 0.5 0.5" Tag="" WorldPos="52.2058 0.5 6.51212" />
                <StaticObject CastShadows="true" Collides="true" FileIndex="8" Group="0" ID="514" Name="wood_plank_2.5m_137" Rotation="-2.30653 1.84129e-006 -1.5708" Scale="0.5 0.5 0.5" Tag="" WorldPos="55.6264 0.5 3.90422" />
                <StaticObject CastShadows="true" Collides="true" FileIndex="9" Group="0" ID="515" Name="wood_plank01_4.5m_69" Rotation="-1.57079 0.735737 0" Scale="0.5 0.5 0.5" Tag="" WorldPos="54.8851 1 4.57536" />
                <StaticObject CastShadows="true" Collides="true" FileIndex="8" Group="0" ID="516" Name="wood_plank_2.5m_138" Rotation="-2.30653 1.84129e-006 -1.5708" Scale="0.5 0.5 0.5" Tag="" WorldPos="54.1438 0.5 5.2465" />
                <StaticObject CastShadows="true" Collides="true" FileIndex="8" Group="0" ID="518" Name="wood_plank_2.5m_139" Rotation="-2.30653 1.84129e-006 -1.5708" Scale="0.5 0.5 0.5" Tag="" WorldPos="57.3633 0.5 2.37514" />
                <StaticObject CastShadows="true" Collides="true" FileIndex="9" Group="0" ID="519" Name="wood_plank01_4.5m_70" Rotation="-1.57079 0.735737 0" Scale="0.5 0.5 0.5" Tag="" WorldPos="56.622 1 3.04628" />
                <StaticObject CastShadows="true" Collides="true" FileIndex="8" Group="0" ID="520" Name="wood_plank_2.5m_140" Rotation="-2.30653 1.84129e-006 -1.5708" Scale="0.5 0.5 0.5" Tag="" WorldPos="55.8806 0.5 3.71742" />
                <StaticObject CastShadows="true" Collides="true" FileIndex="8" Group="0" ID="521" Name="wood_plank_2.5m_141" Rotation="-2.30653 1.84129e-006 -1.5708" Scale="0.5 0.5 0.5" Tag="" WorldPos="59.0835 0.5 0.859614" />
                <StaticObject CastShadows="true" Collides="true" FileIndex="9" Group="0" ID="522" Name="wood_plank01_4.5m_71" Rotation="-1.57079 0.735737 0" Scale="0.5 0.5 0.5" Tag="" WorldPos="58.3422 1 1.53075" />
                <StaticObject CastShadows="true" Collides="true" FileIndex="8" Group="0" ID="523" Name="wood_plank_2.5m_142" Rotation="-2.30653 1.84129e-006 -1.5708" Scale="0.5 0.5 0.5" Tag="" WorldPos="57.6008 0.5 2.20189" />
                <StaticObject CastShadows="true" Collides="true" FileIndex="8" Group="0" ID="524" Name="wood_plank_2.5m_143" Rotation="-2.21112 1.97337e-006 -1.5708" Scale="0.5 0.5 0.5" Tag="" WorldPos="60.9187 0.5 -0.522448" />
                <StaticObject CastShadows="true" Collides="true" FileIndex="9" Group="0" ID="525" Name="wood_plank01_4.5m_72" Rotation="-1.57079 0.640323 0" Scale="0.500001 0.500001 0.5" Tag="" WorldPos="60.1168 1 0.0750052" />
                <StaticObject CastShadows="true" Collides="true" FileIndex="8" Group="0" ID="526" Name="wood_plank_2.5m_144" Rotation="-2.21112 1.97337e-006 -1.5708" Scale="0.5 0.5 0.5" Tag="" WorldPos="59.3149 0.5 0.672468" />
                <StaticObject CastShadows="true" Collides="true" FileIndex="8" Group="0" ID="528" Name="wood_plank_2.5m_145" Rotation="-2.44286 1.63678e-006 -1.5708" Scale="0.5 0.5 0.5" Tag="" WorldPos="62.4376 0.5 -2.22204" />
                <StaticObject CastShadows="true" Collides="true" FileIndex="9" Group="0" ID="529" Name="wood_plank01_4.5m_73" Rotation="-1.57079 0.872064 0" Scale="0.500001 0.500001 0.5" Tag="" WorldPos="61.7943 1 -1.45638" />
                <StaticObject CastShadows="true" Collides="true" FileIndex="8" Group="0" ID="530" Name="wood_plank_2.5m_146" Rotation="-2.44286 1.63678e-006 -1.5708" Scale="0.5 0.5 0.5" Tag="" WorldPos="61.1511 0.5 -0.690712" />
                <StaticObject CastShadows="true" Collides="true" FileIndex="8" Group="0" ID="532" Name="wood_plank_2.5m_147" Rotation="-2.44286 1.63678e-006 -1.5708" Scale="0.5 0.5 0.5" Tag="" WorldPos="63.9447 0.5 -3.98801" />
                <StaticObject CastShadows="true" Collides="true" FileIndex="9" Group="0" ID="533" Name="wood_plank01_4.5m_74" Rotation="-1.57079 0.872064 0" Scale="0.500001 0.500001 0.5" Tag="" WorldPos="63.3014 1 -3.22236" />
                <StaticObject CastShadows="true" Collides="true" FileIndex="8" Group="0" ID="534" Name="wood_plank_2.5m_148" Rotation="-2.44286 1.63678e-006 -1.5708" Scale="0.5 0.5 0.5" Tag="" WorldPos="62.6582 0.5 -2.45669" />
                <StaticObject CastShadows="true" Collides="true" FileIndex="8" Group="0" ID="535" Name="wood_plank_2.5m_149" Rotation="-2.44286 1.63678e-006 -1.5708" Scale="0.5 0.5 0.5" Tag="" WorldPos="65.4453 0.5 -5.74354" />
                <StaticObject CastShadows="true" Collides="true" FileIndex="9" Group="0" ID="536" Name="wood_plank01_4.5m_75" Rotation="-1.57079 0.872064 0" Scale="0.500001 0.500001 0.5" Tag="" WorldPos="64.8021 1 -4.97789" />
                <StaticObject CastShadows="true" Collides="true" FileIndex="8" Group="0" ID="537" Name="wood_plank_2.5m_150" Rotation="-2.44286 1.63678e-006 -1.5708" Scale="0.5 0.5 0.5" Tag="" WorldPos="64.1588 0.5 -4.21222" />
                <StaticObject CastShadows="true" Collides="true" FileIndex="8" Group="0" ID="538" Name="wood_plank_2.5m_151" Rotation="-2.44286 1.63678e-006 -1.5708" Scale="0.5 0.5 0.5" Tag="" WorldPos="66.9308 0.5 -7.50568" />
                <StaticObject CastShadows="true" Collides="true" FileIndex="9" Group="0" ID="539" Name="wood_plank01_4.5m_76" Rotation="-1.57079 0.872064 0" Scale="0.500001 0.500001 0.5" Tag="" WorldPos="66.2875 1 -6.74002" />
                <StaticObject CastShadows="true" Collides="true" FileIndex="8" Group="0" ID="540" Name="wood_plank_2.5m_152" Rotation="-2.44286 1.63678e-006 -1.5708" Scale="0.5 0.5 0.5" Tag="" WorldPos="65.6443 0.5 -5.97435" />
                <StaticObject CastShadows="true" Collides="true" FileIndex="8" Group="0" ID="541" Name="wood_plank_2.5m_153" Rotation="-2.78773 9.6141e-007 -1.5708" Scale="0.5 0.5 0.5" Tag="" WorldPos="67.7747 0.5 -9.66662" />
                <StaticObject CastShadows="true" Collides="true" FileIndex="9" Group="0" ID="542" Name="wood_plank01_4.5m_77" Rotation="-1.57079 1.21693 0" Scale="0.500001 0.500001 0.5" Tag="" WorldPos="67.4282 1 -8.72859" />
                <StaticObject CastShadows="true" Collides="true" FileIndex="8" Group="0" ID="543" Name="wood_plank_2.5m_154" Rotation="-2.78773 9.6141e-007 -1.5708" Scale="0.5 0.5 0.5" Tag="" WorldPos="67.0816 0.5 -7.79053" />
            </StaticObjects>
            <Primitives>
                <Plane Active="true" AlignToWorldCoords="false" CastShadows="false" Collides="true" Corner1UV="0 98" Corner2UV="0 0" Corner3UV="148.194 0" Corner4UV="148.194 98" EndCorner="148.194 0 98" Group="0" ID="77" Material="F:/Gry/Amnesia - The Dark Descent/redist/static_objects/outside/ground/zimmerman_ground_grass.mat" Name="Plane" Rotation="0 0 0" Scale="1 1 1" StartCorner="0 0 0" Tag="" TextureAngle="0" TileAmount="1 1 1" TileOffset="0 0 0" WorldPos="-72 0 -49" />
                <Plane Active="true" AlignToWorldCoords="false" CastShadows="false" Collides="true" Corner1UV="0 1.425" Corner2UV="0 0" Corner3UV="1.575 0" Corner4UV="1.575 1.425" EndCorner="5.25 0 4.75" Group="0" ID="553" Material="F:/Gry/Amnesia - The Dark Descent/redist/static_objects/streets/buildings/streets_generic_buildings_brick_stock.mat" Name="Plane" Rotation="-1.57079 0 0" Scale="1 1 1" StartCorner="0 0 0" Tag="" TextureAngle="0" TileAmount="0.3 1 0.3" TileOffset="0 0 0" WorldPos="-43 0 9" />
                <Plane Active="true" AlignToWorldCoords="false" CastShadows="false" Collides="true" Corner1UV="0 1.425" Corner2UV="0 0" Corner3UV="1.575 0" Corner4UV="1.575 1.425" EndCorner="5.25 0 4.75" Group="0" ID="554" Material="F:/Gry/Amnesia - The Dark Descent/redist/static_objects/streets/buildings/streets_generic_buildings_brick_stock.mat" Name="Plane_1" Rotation="1.57079 -4.44253e-006 -3.14159" Scale="1 1 1" StartCorner="0 0 0" Tag="" TextureAngle="0" TileAmount="0.3 1 0.3" TileOffset="0 0 0" WorldPos="-37.75 0 13" />
                <Plane Active="true" AlignToWorldCoords="false" CastShadows="false" Collides="true" Corner1UV="0 1.425" Corner2UV="0 0" Corner3UV="1.2 0" Corner4UV="1.2 1.425" EndCorner="4 0 4.75" Group="0" ID="555" Material="F:/Gry/Amnesia - The Dark Descent/redist/static_objects/streets/buildings/streets_generic_buildings_brick_stock.mat" Name="Plane_2" Rotation="-0.785398 -1.5708 -0.785398" Scale="1 1 1" StartCorner="0 0 0" Tag="" TextureAngle="0" TileAmount="0.3 1 0.3" TileOffset="0 0 0" WorldPos="-37.75 0 9" />
            </Primitives>
            <Decals />
            <Entities>
                <BoxLight Active="true" BlendFunc="0" CastShadows="false" DiffuseColor="1 1 1 1" FalloffMap="" FlickerActive="false" FlickerFade="false" FlickerOffColor="0 0 0 1" FlickerOffFadeMaxLength="0" FlickerOffFadeMinLength="0" FlickerOffMaxLength="0" FlickerOffMinLength="0" FlickerOffPS="" FlickerOffRadius="0" FlickerOffSound="" FlickerOnFadeMaxLength="0" FlickerOnFadeMinLength="0" FlickerOnMaxLength="0" FlickerOnMinLength="0" FlickerOnPS="" FlickerOnSound="" Gobo="" GoboAnimFrameTime="0" GoboAnimMode="None" Group="0" ID="0" Name="BoxLight_1" Radius="1" Rotation="0 -0 0" Scale="157 51.75 145" ShadowResolution="High" ShadowsAffectDynamic="true" ShadowsAffectStatic="true" Size="157 51.75 145" Tag="" WorldPos="0 0 0" />
            </Entities>
            <Misc>
                <Compound Active="true" Group="0" ID="274" Name="Compound_1" Rotation="-3.14159 -4.47035e-006 -3.14159" Scale="1 1 1" Tag="" WorldPos="-21.5 4 19">
                    <Component ID="272" />
                    <Component ID="273" />
                </Compound>
            </Misc>
            <StaticObjectCombos />
        </MapContents>
    </MapData>
</Level>
